Archive member included to satisfy reference by file (symbol)

/opt/devkitpro/portlibs/gamecube/lib/libgrrlib.a(GRRLIB_3D.o)
                              init.o (GRRLIB_SetBackgroundColour)
/opt/devkitpro/portlibs/gamecube/lib/libgrrlib.a(GRRLIB_core.o)
                              /opt/devkitpro/portlibs/gamecube/lib/libgrrlib.a(GRRLIB_3D.o) (rmode)
/opt/devkitpro/portlibs/gamecube/lib/libgrrlib.a(GRRLIB_render.o)
                              init.o (GRRLIB_Render)
/opt/devkitpro/portlibs/gamecube/lib/libgrrlib.a(GRRLIB_ttf.o)
                              /opt/devkitpro/portlibs/gamecube/lib/libgrrlib.a(GRRLIB_core.o) (GRRLIB_InitTTF)
/opt/devkitpro/portlibs/ppc/lib/libfreetype.a(ftinit.o)
                              /opt/devkitpro/portlibs/gamecube/lib/libgrrlib.a(GRRLIB_ttf.o) (FT_Init_FreeType)
/opt/devkitpro/portlibs/ppc/lib/libfreetype.a(ftbase.o)
                              /opt/devkitpro/portlibs/gamecube/lib/libgrrlib.a(GRRLIB_ttf.o) (FT_Done_Face)
/opt/devkitpro/portlibs/ppc/lib/libfreetype.a(truetype.o)
                              /opt/devkitpro/portlibs/ppc/lib/libfreetype.a(ftinit.o) (tt_driver_class)
/opt/devkitpro/portlibs/ppc/lib/libfreetype.a(type1.o)
                              /opt/devkitpro/portlibs/ppc/lib/libfreetype.a(ftinit.o) (t1_driver_class)
/opt/devkitpro/portlibs/ppc/lib/libfreetype.a(cff.o)
                              /opt/devkitpro/portlibs/ppc/lib/libfreetype.a(ftinit.o) (cff_driver_class)
/opt/devkitpro/portlibs/ppc/lib/libfreetype.a(type1cid.o)
                              /opt/devkitpro/portlibs/ppc/lib/libfreetype.a(ftinit.o) (t1cid_driver_class)
/opt/devkitpro/portlibs/ppc/lib/libfreetype.a(pfr.o)
                              /opt/devkitpro/portlibs/ppc/lib/libfreetype.a(ftinit.o) (pfr_driver_class)
/opt/devkitpro/portlibs/ppc/lib/libfreetype.a(type42.o)
                              /opt/devkitpro/portlibs/ppc/lib/libfreetype.a(ftinit.o) (t42_driver_class)
/opt/devkitpro/portlibs/ppc/lib/libfreetype.a(winfnt.o)
                              /opt/devkitpro/portlibs/ppc/lib/libfreetype.a(ftinit.o) (winfnt_driver_class)
/opt/devkitpro/portlibs/ppc/lib/libfreetype.a(pcf.o)
                              /opt/devkitpro/portlibs/ppc/lib/libfreetype.a(ftinit.o) (pcf_driver_class)
/opt/devkitpro/portlibs/ppc/lib/libfreetype.a(bdf.o)
                              /opt/devkitpro/portlibs/ppc/lib/libfreetype.a(ftinit.o) (bdf_driver_class)
/opt/devkitpro/portlibs/ppc/lib/libfreetype.a(sfnt.o)
                              /opt/devkitpro/portlibs/ppc/lib/libfreetype.a(ftinit.o) (sfnt_module_class)
/opt/devkitpro/portlibs/ppc/lib/libfreetype.a(autofit.o)
                              /opt/devkitpro/portlibs/ppc/lib/libfreetype.a(ftinit.o) (autofit_module_class)
/opt/devkitpro/portlibs/ppc/lib/libfreetype.a(pshinter.o)
                              /opt/devkitpro/portlibs/ppc/lib/libfreetype.a(ftinit.o) (pshinter_module_class)
/opt/devkitpro/portlibs/ppc/lib/libfreetype.a(smooth.o)
                              /opt/devkitpro/portlibs/ppc/lib/libfreetype.a(ftinit.o) (ft_smooth_renderer_class)
/opt/devkitpro/portlibs/ppc/lib/libfreetype.a(raster.o)
                              /opt/devkitpro/portlibs/ppc/lib/libfreetype.a(ftinit.o) (ft_raster1_renderer_class)
/opt/devkitpro/portlibs/ppc/lib/libfreetype.a(svg.o)
                              /opt/devkitpro/portlibs/ppc/lib/libfreetype.a(ftinit.o) (ft_svg_renderer_class)
/opt/devkitpro/portlibs/ppc/lib/libfreetype.a(sdf.o)
                              /opt/devkitpro/portlibs/ppc/lib/libfreetype.a(ftinit.o) (ft_bitmap_sdf_renderer_class)
/opt/devkitpro/portlibs/ppc/lib/libfreetype.a(ftgzip.o)
                              /opt/devkitpro/portlibs/ppc/lib/libfreetype.a(pcf.o) (FT_Stream_OpenGzip)
/opt/devkitpro/portlibs/ppc/lib/libfreetype.a(ftlzw.o)
                              /opt/devkitpro/portlibs/ppc/lib/libfreetype.a(pcf.o) (FT_Stream_OpenLZW)
/opt/devkitpro/portlibs/ppc/lib/libfreetype.a(ftbzip2.o)
                              /opt/devkitpro/portlibs/ppc/lib/libfreetype.a(pcf.o) (FT_Stream_OpenBzip2)
/opt/devkitpro/portlibs/ppc/lib/libfreetype.a(psaux.o)
                              /opt/devkitpro/portlibs/ppc/lib/libfreetype.a(ftinit.o) (psaux_module_class)
/opt/devkitpro/portlibs/ppc/lib/libfreetype.a(psnames.o)
                              /opt/devkitpro/portlibs/ppc/lib/libfreetype.a(ftinit.o) (psnames_module_class)
/opt/devkitpro/portlibs/ppc/lib/libfreetype.a(ftsystem.o)
                              /opt/devkitpro/portlibs/ppc/lib/libfreetype.a(ftbase.o) (FT_Stream_Open)
/opt/devkitpro/portlibs/ppc/lib/libfreetype.a(ftdebug.o)
                              /opt/devkitpro/portlibs/ppc/lib/libfreetype.a(smooth.o) (FT_Trace_Disable)
/opt/devkitpro/portlibs/ppc/lib/libfreetype.a(ftbitmap.o)
                              /opt/devkitpro/portlibs/ppc/lib/libfreetype.a(sfnt.o) (FT_Bitmap_Init)
/opt/devkitpro/portlibs/ppc/lib/libfreetype.a(ftmm.o)
[...]
Memory Configuration

Name             Origin             Length             Attributes
*default*        0x00000000         0xffffffff

Linker script and memory map

                0x80003100                        . = 0x80003100

.init           0x80003100      0x194
 *crt0.o(*.init)
 .init          0x80003100      0x170 /opt/devkitpro/libogc/lib/cube/libogc.a(ogc_crt0.o)
                0x80003100                _start
                0x80003240                _memset
 *(.init)
 .init          0x80003270        0xc /opt/devkitpro/devkitPPC/bin/../lib/gcc/powerpc-eabi/13.1.0/ecrti.o
                0x80003270                __init
 .init          0x8000327c        0x4 /opt/devkitpro/devkitPPC/bin/../lib/gcc/powerpc-eabi/13.1.0/crtbegin.o
 .init          0x80003280        0x4 /opt/devkitpro/devkitPPC/bin/../lib/gcc/powerpc-eabi/13.1.0/crtend.o
 .init          0x80003284       0x10 /opt/devkitpro/devkitPPC/bin/../lib/gcc/powerpc-eabi/13.1.0/ecrtn.o

.rela.dyn       0x80003294        0x0
 .rela.iplt     0x80003294        0x0 /opt/devkitpro/devkitPPC/bin/../lib/gcc/powerpc-eabi/13.1.0/crtbegin.o

.plt
 *(.plt)

.interp
 *(.interp)

.hash
 *(.hash)

.dynsym
 *(.dynsym)

.dynstr
 *(.dynstr)

.gnu.version
 *(.gnu.version)

.gnu.version_d
 *(.gnu.version_d)

.gnu.version_r
 *(.gnu.version_r)

.rel.init
 *(.rel.init)

.rela.init
 *(.rela.init)

.rel.text
 *(.rel.text .rel.text.* .rel.gnu.linkonce.t.*)

.rela.text      0x80003294        0x0
 *(.rela.text .rela.text.* .rela.gnu.linkonce.t.*)
 .rela.text.__do_global_dtors_aux
                0x80003294        0x0 /opt/devkitpro/devkitPPC/bin/../lib/gcc/powerpc-eabi/13.1.0/crtbegin.o
 .rela.text.frame_dummy
                0x80003294        0x0 /opt/devkitpro/devkitPPC/bin/../lib/gcc/powerpc-eabi/13.1.0/crtbegin.o
 .rela.text.unlikely.abort
                0x80003294        0x0 /opt/devkitpro/devkitPPC/bin/../lib/gcc/powerpc-eabi/13.1.0/crtbegin.o
 .rela.text.__assert_func
                0x80003294        0x0 /opt/devkitpro/devkitPPC/bin/../lib/gcc/powerpc-eabi/13.1.0/crtbegin.o

.rel.fini
 *(.rel.fini)

.rela.fini
 *(.rela.fini)

.rel.rodata
 *(.rel.rodata .rel.rodata.* .rel.gnu.linkonce.r.*)

.rela.rodata
 *(.rela.rodata .rela.rodata.* .rela.gnu.linkonce.r.*)

.rel.data
 *(.rel.data .rel.data.* .rel.gnu.linkonce.d.*)

.rela.data
 *(.rela.data .rela.data.* .rela.gnu.linkonce.d.*)

.rel.tdata
 *(.rel.tdata .rel.tdata.* .rel.gnu.linkonce.td.*)

.rela.tdata
 *(.rela.tdata .rela.tdata.* .rela.gnu.linkonce.td.*)

.rel.tbss
 *(.rel.tbss .rel.tbss.* .rel.gnu.linkonce.tb.*)

.rela.tbss
 *(.rela.tbss .rela.tbss.* .rela.gnu.linkonce.tb.*)

.rel.ctors
 *(.rel.ctors)

.rela.ctors
 *(.rela.ctors)

.rel.dtors
 *(.rel.dtors)

.rela.dtors
 *(.rela.dtors)

.rel.got
 *(.rel.got)

.rela.got
 *(.rela.got)

.rela.got1
 *(.rela.got1)

.rela.got2
 *(.rela.got2)

.rel.sdata
 *(.rel.sdata .rel.sdata.* .rel.gnu.linkonce.s.*)

.rela.sdata
 *(.rela.sdata .rela.sdata.* .rela.gnu.linkonce.s.*)

.rel.sbss
 *(.rel.sbss .rel.sbss.* .rel.gnu.linkonce.sb.*)

.rela.sbss
 *(.rela.sbss .rela.sbss.* .rel.gnu.linkonce.sb.*)

.rel.sdata2
 *(.rel.sdata2 .rel.sdata2.* .rel.gnu.linkonce.s2.*)

.rela.sdata2
 *(.rela.sdata2 .rela.sdata2.* .rela.gnu.linkonce.s2.*)

.rel.sbss2
 *(.rel.sbss2 .rel.sbss2.* .rel.gnu.linkonce.sb2.*)

.rela.sbss2
 *(.rela.sbss2 .rela.sbss2.* .rela.gnu.linkonce.sb2.*)

.rel.bss
 *(.rel.bss .rel.bss.* .rel.gnu.linkonce.b.*)

.rela.bss
 *(.rela.bss .rela.bss.* .rela.gnu.linkonce.b.*)

.rel.plt
 *(.rel.plt)

.rela.plt
 *(.rela.plt)

.text           0x800032a0    0xc7880
 *(.text)
 .text          0x800032a0      0x4f4 /opt/devkitpro/libogc/lib/cube/libogc.a(cache_asm.o)
                0x800032a0                DCFlashInvalidate
                0x800032b4                DCEnable
                0x800032c8                DCDisable
                0x800032dc                DCFreeze
                0x800032f0                DCUnfreeze
                0x80003304                DCTouchLoad
                0x8000330c                DCBlockZero
                0x80003314                DCBlockStore
                0x8000331c                DCBlockFlush
                0x80003324                DCBlockInvalidate
                0x8000332c                DCInvalidateRange
                0x8000335c                DCFlushRange
                0x80003390                DCStoreRange
                0x800033c4                DCFlushRangeNoSync
                0x800033f4                DCStoreRangeNoSync
                0x80003424                DCZeroRange
                0x80003454                DCTouchRange
                0x80003484                ICInvalidateRange
                0x800034bc                ICFlashInvalidate
                0x800034d0                ICEnable
                0x800034e4                ICDisable
                0x800034f8                ICFreeze
                0x8000350c                ICUnfreeze
                0x80003520                ICBlockInvalidate
                0x80003528                ICSync
                0x80003530                L2Init
                0x80003578                L2Enable
                0x80003594                L2Disable
                0x800035ac                L2GlobalInvalidate
                0x80003604                __LCEnable
                0x800036d0                LCDisable
                0x800036f8                LCAllocOneTag
                0x8000370c                LCAllocTags
                0x8000374c                LCLoadBlocks
                0x80003770                LCStoreBlocks
 .text          0x80003794      0x434 /opt/devkitpro/libogc/lib/cube/libogc.a(system_asm.o)
                0x80003794                __realmode
                0x800037ac                __configBATS
                0x80003880                __InitFPRS
                0x800039ac                __InitPS
                0x80003a08                __InitCache
                0x80003a60                __InitSystem
                0x80003ad8                __flush_cache
                0x80003b0c                __reset
                0x80003b7c                __InitBATS
                0x80003b98                SYS_SwitchFiber
 .text          0x80003bc8      0x8dc /opt/devkitpro/libogc/lib/cube/libogc.a(gu_psasm.o)
                0x80003bc8                ps_guMtxConcat
                0x80003c8c                ps_guMtxIdentity
                0x80003cb8                ps_guMtxCopy
                0x80003cec                ps_guMtxTranspose
                0x80003d3c                ps_guMtxInverse
                0x80003e34                ps_guMtxInvXpose
                0x80003efc                ps_guMtxScale
                0x80003f24                ps_guMtxScaleApply
                0x80003f7c                ps_guMtxApplyScale
                0x80003fe0                ps_guMtxTrans
                0x80004014                ps_guMtxTransApply
                0x80004060                ps_guMtxApplyTrans
                0x800040dc                ps_guMtxRotTrig
                0x8000418c                __ps_guMtxRotAxisRadInternal
                0x8000424c                ps_guMtxReflect
                0x800042bc                ps_guVecAdd
                0x800042e0                ps_guVecSub
                0x80004304                ps_guVecScale
                0x80004320                ps_guVecNormalize
                0x80004364                ps_guVecCross
                0x800043a0                ps_guVecDotProduct
                0x800043c0                ps_guVecMultiply
                0x80004414                ps_guVecMultiplySR
                0x80004484                ps_guQuatDotProduct
 *fill*         0x800044a4       0x1c 00000000
 .text          0x800044c0      0x44c /opt/devkitpro/libogc/lib/cube/libogc.a(lwp_handler.o)
                0x800044c0                _cpu_context_save_fp
                0x80004600                _cpu_context_restore_fp
                0x80004740                _cpu_context_switch
                0x80004820                _cpu_context_save
                0x800048a0                _cpu_context_restore
 .text          0x8000490c      0x1ac /opt/devkitpro/libogc/lib/cube/libogc.a(irq_handler.o)
                0x8000490c                irq_exceptionhandler
 .text          0x80004ab8      0x1ac /opt/devkitpro/libogc/lib/cube/libogc.a(decrementer_handler.o)
                0x80004ab8                dec_exceptionhandler
 .text          0x80004c64      0x35c /opt/devkitpro/libogc/lib/cube/libogc.a(exception_handler.o)
                0x80004c64                exceptionhandler_start
                0x80004ce0                exceptionhandler_patch
                0x80004d14                exceptionhandler_end
                0x80004d18                default_exceptionhandler
                0x80004e48                fpu_exceptionhandler
                0x80004f90                systemcallhandler_start
                0x80004fbc                systemcallhandler_end
 .text          0x80004fc0       0x48 /opt/devkitpro/devkitPPC/bin/../lib/gcc/powerpc-eabi/13.1.0/libgcc.a(eabi.o)
                0x80004fc0                __eabi
 .text          0x80005008       0x58 /opt/devkitpro/devkitPPC/bin/../lib/gcc/powerpc-eabi/13.1.0/libgcc.a(crtresxgpr.o)
                0x80005008                _restgpr_14_x
                0x8000500c                _restgpr_15_x
                0x80005010                _restgpr_16_x
                0x80005014                _restgpr_17_x
                0x80005018                _restgpr_18_x
                0x8000501c                _restgpr_19_x
                0x80005020                _restgpr_20_x
                0x80005024                _restgpr_21_x
                0x80005028                _restgpr_22_x
                0x8000502c                _restgpr_23_x
                0x80005030                _restgpr_24_x
                0x80005034                _restgpr_25_x
                0x80005038                _restgpr_26_x
                0x8000503c                _restgpr_27_x
                0x80005040                _restgpr_28_x
                0x80005044                _restgpr_29_x
                0x80005048                _restgpr_30_x
                0x8000504c                _restgpr_31_x
 .text          0x80005060      0x180 /opt/devkitpro/devkitPPC/bin/../lib/gcc/powerpc-eabi/13.1.0/../../../../powerpc-eabi/lib/libc.a(libc_a-setjmp.o)
                0x80005060                setjmp
                0x8000511c                longjmp
 .text          0x800051e0       0x58 /opt/devkitpro/devkitPPC/bin/../lib/gcc/powerpc-eabi/13.1.0/libgcc.a(crtresxfpr.o)
                0x800051e0                _restfpr_14_x
                0x800051e4                _restfpr_15_x
                0x800051e8                _restfpr_16_x
                0x800051ec                _restfpr_17_x
                0x800051f0                _restfpr_18_x
                0x800051f4                _restfpr_19_x
                0x800051f8                _restfpr_20_x
                0x800051fc                _restfpr_21_x
                0x80005200                _restfpr_22_x
                0x80005204                _restfpr_23_x
                0x80005208                _restfpr_24_x
                0x8000520c                _restfpr_25_x
                0x80005210                _restfpr_26_x
                0x80005214                _restfpr_27_x
                0x80005218                _restfpr_28_x
                0x8000521c                _restfpr_29_x
                0x80005220                _restfpr_30_x
                0x80005224                _restfpr_31_x
 *(.text.*)
 .text.__do_global_dtors_aux
                0x80005238       0xcc /opt/devkitpro/devkitPPC/bin/../lib/gcc/powerpc-eabi/13.1.0/crtbegin.o
 .text.frame_dummy
                0x80005304       0x24 /opt/devkitpro/devkitPPC/bin/../lib/gcc/powerpc-eabi/13.1.0/crtbegin.o
 .text.__crtmain
                0x80005328       0x44 /opt/devkitpro/devkitPPC/bin/../lib/gcc/powerpc-eabi/13.1.0/../../../../powerpc-eabi/lib/crtmain.o
                0x8000532c                __crtmain
 .text.startup.main
                0x8000536c       0x2c main.o
                0x8000536c                main
 .text._ZN4RMGE4initEv
                0x80005398       0x14 engine.o
                0x80005398                _ZN4RMGE4initEv
 .text._ZN3NGC4initEv
                0x800053ac      0x2f8 init.o
                0x800053ac                _ZN3NGC4initEv
 .text.GRRLIB_SetBackgroundColour
                0x800056a4       0x48 /opt/devkitpro/portlibs/gamecube/lib/libgrrlib.a(GRRLIB_3D.o)
                0x800056a4                GRRLIB_SetBackgroundColour
 .text.GRRLIB_Camera3dSettings
                0x800056ec       0x44 /opt/devkitpro/portlibs/gamecube/lib/libgrrlib.a(GRRLIB_3D.o)
                0x800056ec                GRRLIB_Camera3dSettings
 .text.GRRLIB_3dMode
                0x80005730      0x274 /opt/devkitpro/portlibs/gamecube/lib/libgrrlib.a(GRRLIB_3D.o)
                0x80005730                GRRLIB_3dMode
 .text.GRRLIB_2dMode
                0x800059a4      0x1f8 /opt/devkitpro/portlibs/gamecube/lib/libgrrlib.a(GRRLIB_3D.o)
                0x800059a4                GRRLIB_2dMode
 .text.GRRLIB_ObjectView
                0x80005b9c      0x238 /opt/devkitpro/portlibs/gamecube/lib/libgrrlib.a(GRRLIB_3D.o)
                0x80005b9c                GRRLIB_ObjectView
 .text.GRRLIB_FillScreen
                0x80005dd4      0x10c /opt/devkitpro/portlibs/gamecube/lib/libgrrlib.a(GRRLIB_core.o)
                0x80005dd4                GRRLIB_FillScreen
 .text.GRRLIB_Exit
                0x80005ee0       0xfc /opt/devkitpro/portlibs/gamecube/lib/libgrrlib.a(GRRLIB_core.o)
                0x80005ee0                GRRLIB_Exit
 .text.GRRLIB_Init
                0x80005fdc      0x500 /opt/devkitpro/portlibs/gamecube/lib/libgrrlib.a(GRRLIB_core.o)
                0x80005fdc                GRRLIB_Init
 .text.GRRLIB_Render
                0x800064dc       0xbc /opt/devkitpro/portlibs/gamecube/lib/libgrrlib.a(GRRLIB_render.o)
                0x800064dc                GRRLIB_Render
 .text.GRRLIB_InitTTF
                0x80006598       0x30 /opt/devkitpro/portlibs/gamecube/lib/libgrrlib.a(GRRLIB_ttf.o)
                0x80006598                GRRLIB_InitTTF
 .text.GRRLIB_ExitTTF
                0x800065c8        0xc /opt/devkitpro/portlibs/gamecube/lib/libgrrlib.a(GRRLIB_ttf.o)
                0x800065c8                GRRLIB_ExitTTF
 .text.FT_Set_Default_Properties
                0x800065d4      0x1d4 /opt/devkitpro/portlibs/ppc/lib/libfreetype.a(ftinit.o)
                0x800065d4                FT_Set_Default_Properties
 .text.FT_Init_FreeType
                0x800067a8       0xc0 /opt/devkitpro/portlibs/ppc/lib/libfreetype.a(ftinit.o)
                0x800067a8                FT_Init_FreeType
 .text.FT_Done_FreeType
                0x80006868       0x48 /opt/devkitpro/portlibs/ppc/lib/libfreetype.a(ftinit.o)
                0x80006868                FT_Done_FreeType
 .text.FT_GlyphLoader_Adjust_Points
                0x800068b0       0x80 /opt/devkitpro/portlibs/ppc/lib/libfreetype.a(ftbase.o)
 .text.hash_str_lookup
                0x80006930       0x48 /opt/devkitpro/portlibs/ppc/lib/libfreetype.a(ftbase.o)
 .text.hash_num_lookup
                0x80006978       0x3c /opt/devkitpro/portlibs/ppc/lib/libfreetype.a(ftbase.o)
 .text.hash_num_compare
                0x800069b4       0x18 /opt/devkitpro/portlibs/ppc/lib/libfreetype.a(ftbase.o)
 .text.hash_bucket
                0x800069cc       0xc0 /opt/devkitpro/portlibs/ppc/lib/libfreetype.a(ftbase.o)
 .text.destroy_size
                0x80006a8c       0xa8 /opt/devkitpro/portlibs/ppc/lib/libfreetype.a(ftbase.o)
 .text.find_unicode_charmap
                0x80006b34      0x10c /opt/devkitpro/portlibs/ppc/lib/libfreetype.a(ftbase.o)
 .text.memory_stream_close
                0x80006c40       0x70 /opt/devkitpro/portlibs/ppc/lib/libfreetype.a(ftbase.o)
 .text.ft_raccess_sort_ref_by_id
                0x80006cb0       0x10 /opt/devkitpro/portlibs/ppc/lib/libfreetype.a(ftbase.o)
 .text.ft_trig_pseudo_polarize
                0x80006cc0      0x108 /opt/devkitpro/portlibs/ppc/lib/libfreetype.a(ftbase.o)
 .text.hash_str_compare
                0x80006dc8       0x50 /opt/devkitpro/portlibs/ppc/lib/libfreetype.a(ftbase.o)
 .text.ft_property_do
                0x80006e18      0x1d4 /opt/devkitpro/portlibs/ppc/lib/libfreetype.a(ftbase.o)
 .text.FT_Outline_Get_CBox.part.0
                0x80006fec       0xe8 /opt/devkitpro/portlibs/ppc/lib/libfreetype.a(ftbase.o)
 .text.ft_recompute_scaled_metrics.isra.0
                0x800070d4       0xec /opt/devkitpro/portlibs/ppc/lib/libfreetype.a(ftbase.o)
 .text.destroy_charmaps.part.0
                0x800071c0       0xf0 /opt/devkitpro/portlibs/ppc/lib/libfreetype.a(ftbase.o)
 .text.raccess_guess_darwin_hfsplus
                0x800072b0       0xdc /opt/devkitpro/portlibs/ppc/lib/libfreetype.a(ftbase.o)
 .text.raccess_guess_darwin_newvfs
                0x8000738c       0xf4 /opt/devkitpro/portlibs/ppc/lib/libfreetype.a(ftbase.o)
 .text.raccess_make_file_name
                0x80007480      0x10c /opt/devkitpro/portlibs/ppc/lib/libfreetype.a(ftbase.o)
 .text.raccess_guess_linux_cap
                0x8000758c       0x7c /opt/devkitpro/portlibs/ppc/lib/libfreetype.a(ftbase.o)
 .text.raccess_guess_vfat
                0x80007608       0x7c /opt/devkitpro/portlibs/ppc/lib/libfreetype.a(ftbase.o)
 .text.FT_RoundFix
                0x80007684       0x18 /opt/devkitpro/portlibs/ppc/lib/libfreetype.a(ftbase.o)
                0x80007684                FT_RoundFix
 .text.FT_MulDiv
                0x8000769c       0xe8 /opt/devkitpro/portlibs/ppc/lib/libfreetype.a(ftbase.o)
                0x8000769c                FT_MulDiv
 .text.FT_MulDiv_No_Round
                0x80007784       0xd4 /opt/devkitpro/portlibs/ppc/lib/libfreetype.a(ftbase.o)
                0x80007784                FT_MulDiv_No_Round
 .text.FT_MulFix
                0x80007858       0x34 /opt/devkitpro/portlibs/ppc/lib/libfreetype.a(ftbase.o)
                0x80007858                FT_MulFix
 .text.FT_DivFix
                0x8000788c      0x114 /opt/devkitpro/portlibs/ppc/lib/libfreetype.a(ftbase.o)
                0x8000788c                FT_DivFix
 .text.FT_Matrix_Multiply
                0x800079a0      0x1b0 /opt/devkitpro/portlibs/ppc/lib/libfreetype.a(ftbase.o)
                0x800079a0                FT_Matrix_Multiply
 .text.FT_Matrix_Invert
                0x80007b50      0x51c /opt/devkitpro/portlibs/ppc/lib/libfreetype.a(ftbase.o)
                0x80007b50                FT_Matrix_Invert
 .text.FT_Matrix_Multiply_Scaled
                0x8000806c      0x184 /opt/devkitpro/portlibs/ppc/lib/libfreetype.a(ftbase.o)
                0x8000806c                FT_Matrix_Multiply_Scaled
 .text.FT_Matrix_Check
                0x800081f0       0xd4 /opt/devkitpro/portlibs/ppc/lib/libfreetype.a(ftbase.o)
                0x800081f0                FT_Matrix_Check
 .text.FT_Vector_Transform_Scaled
                0x800082c4       0xe4 /opt/devkitpro/portlibs/ppc/lib/libfreetype.a(ftbase.o)
                0x800082c4                FT_Vector_Transform_Scaled
 .text.FT_Vector_NormLen
                0x800083a8      0x26c /opt/devkitpro/portlibs/ppc/lib/libfreetype.a(ftbase.o)
                0x800083a8                FT_Vector_NormLen
 .text.ft_corner_orientation
                0x80008614       0x34 /opt/devkitpro/portlibs/ppc/lib/libfreetype.a(ftbase.o)
                0x80008614                ft_corner_orientation
 .text.ft_corner_is_flat
                0x80008648      0x138 /opt/devkitpro/portlibs/ppc/lib/libfreetype.a(ftbase.o)
                0x80008648                ft_corner_is_flat
 .text.FT_MulAddFix
                0x80008780       0x5c /opt/devkitpro/portlibs/ppc/lib/libfreetype.a(ftbase.o)
                0x80008780                FT_MulAddFix
 .text.FT_GlyphLoader_Rewind
                0x800087dc       0x40 /opt/devkitpro/portlibs/ppc/lib/libfreetype.a(ftbase.o)
                0x800087dc                FT_GlyphLoader_Rewind
 .text.FT_GlyphLoader_Reset
                0x8000881c      0x114 /opt/devkitpro/portlibs/ppc/lib/libfreetype.a(ftbase.o)
                0x8000881c                FT_GlyphLoader_Reset
 .text.FT_GlyphLoader_Done
                0x80008930       0x58 /opt/devkitpro/portlibs/ppc/lib/libfreetype.a(ftbase.o)
                0x80008930                FT_GlyphLoader_Done
 .text.FT_GlyphLoader_Prepare
                0x80008988       0xa8 /opt/devkitpro/portlibs/ppc/lib/libfreetype.a(ftbase.o)
                0x80008988                FT_GlyphLoader_Prepare
 .text.FT_GlyphLoader_Add
                0x80008a30       0xf4 /opt/devkitpro/portlibs/ppc/lib/libfreetype.a(ftbase.o)
                0x80008a30                FT_GlyphLoader_Add
 .text.ft_hash_str_init
                0x80008b24       0xb0 /opt/devkitpro/portlibs/ppc/lib/libfreetype.a(ftbase.o)
                0x80008b24                ft_hash_str_init
 .text.ft_hash_num_init
                0x80008bd4       0xb0 /opt/devkitpro/portlibs/ppc/lib/libfreetype.a(ftbase.o)
                0x80008bd4                ft_hash_num_init
 .text.ft_hash_str_free
                0x80008c84       0xb4 /opt/devkitpro/portlibs/ppc/lib/libfreetype.a(ftbase.o)
                0x80008c84                ft_hash_str_free
 .text.ft_hash_str_lookup
                0x80008d38       0x3c /opt/devkitpro/portlibs/ppc/lib/libfreetype.a(ftbase.o)
                0x80008d38                ft_hash_str_lookup
 .text.ft_hash_num_lookup
                0x80008d74       0x3c /opt/devkitpro/portlibs/ppc/lib/libfreetype.a(ftbase.o)
                0x80008d74                ft_hash_num_lookup
 .text.ft_lcd_padding
                0x80008db0      0x294 /opt/devkitpro/portlibs/ppc/lib/libfreetype.a(ftbase.o)
                0x80008db0                ft_lcd_padding
 .text.ft_service_list_lookup
                0x80009044       0xb4 /opt/devkitpro/portlibs/ppc/lib/libfreetype.a(ftbase.o)
                0x80009044                ft_service_list_lookup
 .text.ft_validator_init
                0x800090f8       0x18 /opt/devkitpro/portlibs/ppc/lib/libfreetype.a(ftbase.o)
                0x800090f8                ft_validator_init
 .text.ft_validator_error
                0x80009110       0x18 /opt/devkitpro/portlibs/ppc/lib/libfreetype.a(ftbase.o)
                0x80009110                ft_validator_error
 .text.FT_Stream_New
                0x80009128      0x1e0 /opt/devkitpro/portlibs/ppc/lib/libfreetype.a(ftbase.o)
                0x80009128                FT_Stream_New
 .text.FT_Stream_Free
                0x80009308       0x84 /opt/devkitpro/portlibs/ppc/lib/libfreetype.a(ftbase.o)
                0x80009308                FT_Stream_Free
 .text.ft_glyphslot_free_bitmap
                0x8000938c       0x8c /opt/devkitpro/portlibs/ppc/lib/libfreetype.a(ftbase.o)
                0x8000938c                ft_glyphslot_free_bitmap
 .text.ft_glyphslot_done
                0x80009418      0x180 /opt/devkitpro/portlibs/ppc/lib/libfreetype.a(ftbase.o)
 .text.ft_glyphslot_preset_bitmap
                0x80009598      0x3c4 /opt/devkitpro/portlibs/ppc/lib/libfreetype.a(ftbase.o)
                0x80009598                ft_glyphslot_preset_bitmap
 .text.ft_glyphslot_set_bitmap
                0x8000995c       0x80 /opt/devkitpro/portlibs/ppc/lib/libfreetype.a(ftbase.o)
                0x8000995c                ft_glyphslot_set_bitmap
 .text.FT_Done_GlyphSlot
                0x800099dc       0xcc /opt/devkitpro/portlibs/ppc/lib/libfreetype.a(ftbase.o)
                0x800099dc                FT_Done_GlyphSlot
 .text.destroy_face
                0x80009aa8      0x1a4 /opt/devkitpro/portlibs/ppc/lib/libfreetype.a(ftbase.o)
 .text.FT_Done_Face
                0x80009c4c       0xfc /opt/devkitpro/portlibs/ppc/lib/libfreetype.a(ftbase.o)
                0x80009c4c                FT_Done_Face
 .text.FT_Done_Size
                0x80009d48      0x14c /opt/devkitpro/portlibs/ppc/lib/libfreetype.a(ftbase.o)
                0x80009d48                FT_Done_Size
 .text.FT_Match_Size
                0x80009e94      0x17c /opt/devkitpro/portlibs/ppc/lib/libfreetype.a(ftbase.o)
                0x80009e94                FT_Match_Size
 .text.ft_synthesize_vertical_metrics
                0x8000a010       0x7c /opt/devkitpro/portlibs/ppc/lib/libfreetype.a(ftbase.o)
                0x8000a010                ft_synthesize_vertical_metrics
 .text.FT_Select_Metrics
                0x8000a08c      0x220 /opt/devkitpro/portlibs/ppc/lib/libfreetype.a(ftbase.o)
                0x8000a08c                FT_Select_Metrics
 .text.FT_Request_Metrics
                0x8000a2ac      0x630 /opt/devkitpro/portlibs/ppc/lib/libfreetype.a(ftbase.o)
                0x8000a2ac                FT_Request_Metrics
 .text.FT_Select_Size
                0x8000a8dc       0x7c /opt/devkitpro/portlibs/ppc/lib/libfreetype.a(ftbase.o)
                0x8000a8dc                FT_Select_Size
 .text.FT_Request_Size
                0x8000a958      0x104 /opt/devkitpro/portlibs/ppc/lib/libfreetype.a(ftbase.o)
                0x8000a958                FT_Request_Size
 .text.FT_Select_Charmap
                0x8000aa5c       0xf4 /opt/devkitpro/portlibs/ppc/lib/libfreetype.a(ftbase.o)
                0x8000aa5c                FT_Select_Charmap
 .text.FT_Get_Char_Index
                0x8000ab50       0x58 /opt/devkitpro/portlibs/ppc/lib/libfreetype.a(ftbase.o)
                0x8000ab50                FT_Get_Char_Index
 .text.FT_Get_Next_Char
                0x8000aba8       0xcc /opt/devkitpro/portlibs/ppc/lib/libfreetype.a(ftbase.o)
                0x8000aba8                FT_Get_Next_Char
 .text.FT_Get_Glyph_Name
                0x8000ac74      0x150 /opt/devkitpro/portlibs/ppc/lib/libfreetype.a(ftbase.o)
                0x8000ac74                FT_Get_Glyph_Name
 .text.FT_Activate_Size
                0x8000adc4       0x3c /opt/devkitpro/portlibs/ppc/lib/libfreetype.a(ftbase.o)
                0x8000adc4                FT_Activate_Size
 .text.FT_Get_Module
                0x8000ae00       0xd4 /opt/devkitpro/portlibs/ppc/lib/libfreetype.a(ftbase.o)
                0x8000ae00                FT_Get_Module
 .text.FT_Get_Module_Interface
                0x8000aed4       0x30 /opt/devkitpro/portlibs/ppc/lib/libfreetype.a(ftbase.o)
                0x8000aed4                FT_Get_Module_Interface
 .text.ft_module_get_service
                0x8000af04      0x15c /opt/devkitpro/portlibs/ppc/lib/libfreetype.a(ftbase.o)
                0x8000af04                ft_module_get_service
 .text.FT_Remove_Module
                0x8000b060      0x34c /opt/devkitpro/portlibs/ppc/lib/libfreetype.a(ftbase.o)
                0x8000b060                FT_Remove_Module
 .text.ft_property_string_set
                0x8000b3ac        0xc /opt/devkitpro/portlibs/ppc/lib/libfreetype.a(ftbase.o)
                0x8000b3ac                ft_property_string_set
 .text.FT_New_Library
                0x8000b3b8       0xdc /opt/devkitpro/portlibs/ppc/lib/libfreetype.a(ftbase.o)
                0x8000b3b8                FT_New_Library
 .text.FT_Done_Library
                0x8000b494      0x1b4 /opt/devkitpro/portlibs/ppc/lib/libfreetype.a(ftbase.o)
                0x8000b494                FT_Done_Library
 .text.FT_Outline_Decompose
                0x8000b648      0x494 /opt/devkitpro/portlibs/ppc/lib/libfreetype.a(ftbase.o)
                0x8000b648                FT_Outline_Decompose
 .text.FT_Outline_Check
                0x8000badc       0xdc /opt/devkitpro/portlibs/ppc/lib/libfreetype.a(ftbase.o)
                0x8000badc                FT_Outline_Check
 .text.FT_Outline_Get_CBox
                0x8000bbb8       0x14 /opt/devkitpro/portlibs/ppc/lib/libfreetype.a(ftbase.o)
                0x8000bbb8                FT_Outline_Get_CBox
 .text.FT_Outline_Translate
                0x8000bbcc       0x94 /opt/devkitpro/portlibs/ppc/lib/libfreetype.a(ftbase.o)
                0x8000bbcc                FT_Outline_Translate
 .text.FT_Vector_Transform
                0x8000bc60       0xf0 /opt/devkitpro/portlibs/ppc/lib/libfreetype.a(ftbase.o)
                0x8000bc60                FT_Vector_Transform
 .text.FT_Outline_Transform
                0x8000bd50      0x150 /opt/devkitpro/portlibs/ppc/lib/libfreetype.a(ftbase.o)
                0x8000bd50                FT_Outline_Transform
 .text.FT_Outline_Get_Orientation
                0x8000bea0      0x1ec /opt/devkitpro/portlibs/ppc/lib/libfreetype.a(ftbase.o)
                0x8000bea0                FT_Outline_Get_Orientation
 .text.FT_Outline_EmboldenXY
                0x8000c08c      0x6cc /opt/devkitpro/portlibs/ppc/lib/libfreetype.a(ftbase.o)
                0x8000c08c                FT_Outline_EmboldenXY
 .text.ps_property_set
                0x8000c758      0x294 /opt/devkitpro/portlibs/ppc/lib/libfreetype.a(ftbase.o)
                0x8000c758                ps_property_set
 .text.ps_property_get
                0x8000c9ec       0xe8 /opt/devkitpro/portlibs/ppc/lib/libfreetype.a(ftbase.o)
                0x8000c9ec                ps_property_get
 .text.FT_Raccess_Guess
                0x8000cad4      0x180 /opt/devkitpro/portlibs/ppc/lib/libfreetype.a(ftbase.o)
                0x8000cad4                FT_Raccess_Guess
 .text.FT_Stream_OpenMemory
                0x8000cc54       0x20 /opt/devkitpro/portlibs/ppc/lib/libfreetype.a(ftbase.o)
                0x8000cc54                FT_Stream_OpenMemory
 .text.FT_Stream_Close
                0x8000cc74       0x1c /opt/devkitpro/portlibs/ppc/lib/libfreetype.a(ftbase.o)
                0x8000cc74                FT_Stream_Close
 .text.FT_Stream_Seek
                0x8000cc90       0x80 /opt/devkitpro/portlibs/ppc/lib/libfreetype.a(ftbase.o)
                0x8000cc90                FT_Stream_Seek
 .text.FT_Stream_Skip
                0x8000cd10       0x98 /opt/devkitpro/portlibs/ppc/lib/libfreetype.a(ftbase.o)
                0x8000cd10                FT_Stream_Skip
 .text.FT_Stream_Pos
                0x8000cda8        0x8 /opt/devkitpro/portlibs/ppc/lib/libfreetype.a(ftbase.o)
                0x8000cda8                FT_Stream_Pos
 .text.FT_Stream_Read
                0x8000cdb0       0xec /opt/devkitpro/portlibs/ppc/lib/libfreetype.a(ftbase.o)
                0x8000cdb0                FT_Stream_Read
 .text.FT_Stream_ReadAt
                0x8000ce9c      0x108 /opt/devkitpro/portlibs/ppc/lib/libfreetype.a(ftbase.o)
                0x8000ce9c                FT_Stream_ReadAt
 .text.FT_Stream_TryRead
                0x8000cfa4       0xc8 /opt/devkitpro/portlibs/ppc/lib/libfreetype.a(ftbase.o)
                0x8000cfa4                FT_Stream_TryRead
 .text.FT_Stream_ReleaseFrame
                0x8000d06c       0x60 /opt/devkitpro/portlibs/ppc/lib/libfreetype.a(ftbase.o)
                0x8000d06c                FT_Stream_ReleaseFrame
 .text.FT_Stream_EnterFrame
                0x8000d0cc      0x1d8 /opt/devkitpro/portlibs/ppc/lib/libfreetype.a(ftbase.o)
                0x8000d0cc                FT_Stream_EnterFrame
 .text.FT_Stream_ExtractFrame
                0x8000d2a4       0x50 /opt/devkitpro/portlibs/ppc/lib/libfreetype.a(ftbase.o)
                0x8000d2a4                FT_Stream_ExtractFrame
 .text.FT_Stream_ExitFrame
                0x8000d2f4       0x64 /opt/devkitpro/portlibs/ppc/lib/libfreetype.a(ftbase.o)
                0x8000d2f4                FT_Stream_ExitFrame
 .text.FT_Stream_GetByte
                0x8000d358       0x30 /opt/devkitpro/portlibs/ppc/lib/libfreetype.a(ftbase.o)
                0x8000d358                FT_Stream_GetByte
 .text.FT_Stream_GetUShort
                0x8000d388       0x38 /opt/devkitpro/portlibs/ppc/lib/libfreetype.a(ftbase.o)
                0x8000d388                FT_Stream_GetUShort
 .text.FT_Stream_GetUShortLE
                0x8000d3c0       0x38 /opt/devkitpro/portlibs/ppc/lib/libfreetype.a(ftbase.o)
                0x8000d3c0                FT_Stream_GetUShortLE
 .text.FT_Stream_GetULong
                0x8000d3f8       0x2c /opt/devkitpro/portlibs/ppc/lib/libfreetype.a(ftbase.o)
                0x8000d3f8                FT_Stream_GetULong
 .text.FT_Stream_GetULongLE
                0x8000d424       0x2c /opt/devkitpro/portlibs/ppc/lib/libfreetype.a(ftbase.o)
                0x8000d424                FT_Stream_GetULongLE
 .text.FT_Stream_ReadByte
                0x8000d450       0xd0 /opt/devkitpro/portlibs/ppc/lib/libfreetype.a(ftbase.o)
                0x8000d450                FT_Stream_ReadByte
 .text.FT_Stream_ReadUShort
                0x8000d520       0xc8 /opt/devkitpro/portlibs/ppc/lib/libfreetype.a(ftbase.o)
                0x8000d520                FT_Stream_ReadUShort
 .text.FT_Raccess_Get_HeaderInfo
                0x8000d5e8      0x3b4 /opt/devkitpro/portlibs/ppc/lib/libfreetype.a(ftbase.o)
                0x8000d5e8                FT_Raccess_Get_HeaderInfo
 .text.FT_Stream_ReadUShortLE
                0x8000d99c       0xc8 /opt/devkitpro/portlibs/ppc/lib/libfreetype.a(ftbase.o)
                0x8000d99c                FT_Stream_ReadUShortLE
 .text.FT_Stream_ReadUOffset
                0x8000da64       0xd8 /opt/devkitpro/portlibs/ppc/lib/libfreetype.a(ftbase.o)
                0x8000da64                FT_Stream_ReadUOffset
 .text.FT_Stream_ReadULong
                0x8000db3c       0xc0 /opt/devkitpro/portlibs/ppc/lib/libfreetype.a(ftbase.o)
                0x8000db3c                FT_Stream_ReadULong
 .text.FT_Raccess_Get_DataOffsets
                0x8000dbfc      0x53c /opt/devkitpro/portlibs/ppc/lib/libfreetype.a(ftbase.o)
                0x8000dbfc                FT_Raccess_Get_DataOffsets
 .text.raccess_guess_apple_generic.isra.0
                0x8000e138      0x1f0 /opt/devkitpro/portlibs/ppc/lib/libfreetype.a(ftbase.o)
 .text.raccess_guess_linux_double_from_file_name
                0x8000e328      0x110 /opt/devkitpro/portlibs/ppc/lib/libfreetype.a(ftbase.o)
 .text.raccess_guess_linux_netatalk
                0x8000e438       0xf8 /opt/devkitpro/portlibs/ppc/lib/libfreetype.a(ftbase.o)
 .text.raccess_guess_linux_double
                0x8000e530       0xf8 /opt/devkitpro/portlibs/ppc/lib/libfreetype.a(ftbase.o)
 .text.raccess_guess_darwin_ufs_export
                0x8000e628       0xf8 /opt/devkitpro/portlibs/ppc/lib/libfreetype.a(ftbase.o)
 .text.raccess_guess_apple_double
                0x8000e720       0x28 /opt/devkitpro/portlibs/ppc/lib/libfreetype.a(ftbase.o)
 .text.raccess_guess_apple_single
                0x8000e748       0x28 /opt/devkitpro/portlibs/ppc/lib/libfreetype.a(ftbase.o)
 .text.FT_Stream_ReadULongLE
                0x8000e770       0xc0 /opt/devkitpro/portlibs/ppc/lib/libfreetype.a(ftbase.o)
                0x8000e770                FT_Stream_ReadULongLE
 .text.FT_Stream_ReadFields
                0x8000e830      0x2a0 /opt/devkitpro/portlibs/ppc/lib/libfreetype.a(ftbase.o)
                0x8000e830                FT_Stream_ReadFields
 .text.FT_Vector_Length
                0x8000ead0      0x168 /opt/devkitpro/portlibs/ppc/lib/libfreetype.a(ftbase.o)
                0x8000ead0                FT_Vector_Length
 .text.FT_Hypot
                0x8000ec38       0x30 /opt/devkitpro/portlibs/ppc/lib/libfreetype.a(ftbase.o)
                0x8000ec38                FT_Hypot
 .text.ft_mem_alloc
                0x8000ec68       0xa4 /opt/devkitpro/portlibs/ppc/lib/libfreetype.a(ftbase.o)
                0x8000ec68                ft_mem_alloc
 .text.ft_glyphslot_alloc_bitmap
                0x8000ed0c       0xbc /opt/devkitpro/portlibs/ppc/lib/libfreetype.a(ftbase.o)
                0x8000ed0c                ft_glyphslot_alloc_bitmap
 .text.FT_New_GlyphSlot
                0x8000edc8      0x264 /opt/devkitpro/portlibs/ppc/lib/libfreetype.a(ftbase.o)
                0x8000edc8                FT_New_GlyphSlot
 .text.FT_Render_Glyph_Internal
                0x8000f02c      0x330 /opt/devkitpro/portlibs/ppc/lib/libfreetype.a(ftbase.o)
                0x8000f02c                FT_Render_Glyph_Internal
 .text.FT_Load_Glyph
                0x8000f35c      0x8c4 /opt/devkitpro/portlibs/ppc/lib/libfreetype.a(ftbase.o)
                0x8000f35c                FT_Load_Glyph
 .text.FT_Get_Advances
                0x8000fc20      0x2d0 /opt/devkitpro/portlibs/ppc/lib/libfreetype.a(ftbase.o)
                0x8000fc20                FT_Get_Advances
 .text.FT_Get_Advance
                0x8000fef0      0x20c /opt/devkitpro/portlibs/ppc/lib/libfreetype.a(ftbase.o)
                0x8000fef0                FT_Get_Advance
 .text.open_face
                0x800100fc      0x2b0 /opt/devkitpro/portlibs/ppc/lib/libfreetype.a(ftbase.o)
 .text.FT_New_Size
                0x800103ac      0x218 /opt/devkitpro/portlibs/ppc/lib/libfreetype.a(ftbase.o)
                0x800103ac                FT_New_Size
 .text.ft_open_face_internal
                0x800105c4      0xb6c /opt/devkitpro/portlibs/ppc/lib/libfreetype.a(ftbase.o)
 .text.open_face_from_buffer
                0x80011130      0x19c /opt/devkitpro/portlibs/ppc/lib/libfreetype.a(ftbase.o)
 .text.open_face_PS_from_sfnt_stream.isra.0
                0x800112cc      0x4b4 /opt/devkitpro/portlibs/ppc/lib/libfreetype.a(ftbase.o)
 .text.IsMacResource
                0x80011780      0x924 /opt/devkitpro/portlibs/ppc/lib/libfreetype.a(ftbase.o)
 .text.FT_Open_Face
                0x800120a4        0x8 /opt/devkitpro/portlibs/ppc/lib/libfreetype.a(ftbase.o)
                0x800120a4                FT_Open_Face
 .text.FT_Add_Module
                0x800120ac      0x378 /opt/devkitpro/portlibs/ppc/lib/libfreetype.a(ftbase.o)
                0x800120ac                FT_Add_Module
 .text.ft_mem_qalloc
                0x80012424       0x68 /opt/devkitpro/portlibs/ppc/lib/libfreetype.a(ftbase.o)
                0x80012424                ft_mem_qalloc
 .text.ft_mem_qrealloc
                0x8001248c      0x124 /opt/devkitpro/portlibs/ppc/lib/libfreetype.a(ftbase.o)
                0x8001248c                ft_mem_qrealloc
 .text.FT_CMap_New
                0x800125b0      0x1c8 /opt/devkitpro/portlibs/ppc/lib/libfreetype.a(ftbase.o)
                0x800125b0                FT_CMap_New
 .text.ft_mem_realloc
                0x80012778       0xd4 /opt/devkitpro/portlibs/ppc/lib/libfreetype.a(ftbase.o)
                0x80012778                ft_mem_realloc
 .text.FT_GlyphLoader_CreateExtra
                0x8001284c       0xc8 /opt/devkitpro/portlibs/ppc/lib/libfreetype.a(ftbase.o)
                0x8001284c                FT_GlyphLoader_CreateExtra
 .text.FT_GlyphLoader_CheckPoints
                0x80012914      0x2c4 /opt/devkitpro/portlibs/ppc/lib/libfreetype.a(ftbase.o)
                0x80012914                FT_GlyphLoader_CheckPoints
 .text.FT_GlyphLoader_CheckSubGlyphs
                0x80012bd8       0xa8 /opt/devkitpro/portlibs/ppc/lib/libfreetype.a(ftbase.o)
                0x80012bd8                FT_GlyphLoader_CheckSubGlyphs
 .text.hash_insert
                0x80012c80      0x18c /opt/devkitpro/portlibs/ppc/lib/libfreetype.a(ftbase.o)
 .text.ft_hash_str_insert
                0x80012e0c       0x2c /opt/devkitpro/portlibs/ppc/lib/libfreetype.a(ftbase.o)
                0x80012e0c                ft_hash_str_insert
 .text.ft_hash_num_insert
                0x80012e38       0x2c /opt/devkitpro/portlibs/ppc/lib/libfreetype.a(ftbase.o)
                0x80012e38                ft_hash_num_insert
 .text.ft_mem_free
                0x80012e64       0x14 /opt/devkitpro/portlibs/ppc/lib/libfreetype.a(ftbase.o)
                0x80012e64                ft_mem_free
 .text.ft_mem_strdup
                0x80012e78       0xdc /opt/devkitpro/portlibs/ppc/lib/libfreetype.a(ftbase.o)
                0x80012e78                ft_mem_strdup
 .text.ft_mem_strcpyn
                0x80012f54       0xa0 /opt/devkitpro/portlibs/ppc/lib/libfreetype.a(ftbase.o)
                0x80012f54                ft_mem_strcpyn
 .text.FT_List_Find
                0x80012ff4       0x44 /opt/devkitpro/portlibs/ppc/lib/libfreetype.a(ftbase.o)
                0x80012ff4                FT_List_Find
 .text.FT_List_Add
                0x80013038       0x40 /opt/devkitpro/portlibs/ppc/lib/libfreetype.a(ftbase.o)
                0x80013038                FT_List_Add
 .text.FT_List_Iterate
                0x80013078       0xa8 /opt/devkitpro/portlibs/ppc/lib/libfreetype.a(ftbase.o)
                0x80013078                FT_List_Iterate
 .text.FT_List_Finalize
                0x80013120       0xe8 /opt/devkitpro/portlibs/ppc/lib/libfreetype.a(ftbase.o)
                0x80013120                FT_List_Finalize
 .text.tt_get_kerning
                0x80013208       0x5c /opt/devkitpro/portlibs/ppc/lib/libfreetype.a(truetype.o)
 .text.tt_get_metrics_incremental
                0x80013264       0xb4 /opt/devkitpro/portlibs/ppc/lib/libfreetype.a(truetype.o)
 .text.TT_Load_Glyph_Header
                0x80013318       0x54 /opt/devkitpro/portlibs/ppc/lib/libfreetype.a(truetype.o)
 .text.tt_loader_set_pp
                0x8001336c       0x98 /opt/devkitpro/portlibs/ppc/lib/libfreetype.a(truetype.o)
 .text.ft_var_get_value_pointer
                0x80013404      0x420 /opt/devkitpro/portlibs/ppc/lib/libfreetype.a(truetype.o)
 .text.ft_size_reset_iterator
                0x80013824       0x30 /opt/devkitpro/portlibs/ppc/lib/libfreetype.a(truetype.o)
 .text.tt_cvt_ready_iterator
                0x80013854       0x14 /opt/devkitpro/portlibs/ppc/lib/libfreetype.a(truetype.o)
 .text.tt_get_var_blend
                0x80013868       0x88 /opt/devkitpro/portlibs/ppc/lib/libfreetype.a(truetype.o)
 .text.TT_MulFix14
                0x800138f0       0x5c /opt/devkitpro/portlibs/ppc/lib/libfreetype.a(truetype.o)
 .text.TT_DotFix14
                0x8001394c       0xa8 /opt/devkitpro/portlibs/ppc/lib/libfreetype.a(truetype.o)
 .text.Current_Ppem
                0x800139f4        0x8 /opt/devkitpro/portlibs/ppc/lib/libfreetype.a(truetype.o)
 .text.Read_CVT
                0x800139fc       0x10 /opt/devkitpro/portlibs/ppc/lib/libfreetype.a(truetype.o)
 .text.Direct_Move_X
                0x80013a0c       0x64 /opt/devkitpro/portlibs/ppc/lib/libfreetype.a(truetype.o)
 .text.Direct_Move_Y
                0x80013a70       0x68 /opt/devkitpro/portlibs/ppc/lib/libfreetype.a(truetype.o)
 .text.Direct_Move_Orig_X
                0x80013ad8       0x18 /opt/devkitpro/portlibs/ppc/lib/libfreetype.a(truetype.o)
 .text.Direct_Move_Orig_Y
                0x80013af0       0x1c /opt/devkitpro/portlibs/ppc/lib/libfreetype.a(truetype.o)
 .text.Round_None
                0x80013b0c       0x3c /opt/devkitpro/portlibs/ppc/lib/libfreetype.a(truetype.o)
 .text.Round_To_Grid
                0x80013b48       0x50 /opt/devkitpro/portlibs/ppc/lib/libfreetype.a(truetype.o)
 .text.Round_To_Half_Grid
                0x80013b98       0x4c /opt/devkitpro/portlibs/ppc/lib/libfreetype.a(truetype.o)
 .text.Round_Down_To_Grid
                0x80013be4       0x48 /opt/devkitpro/portlibs/ppc/lib/libfreetype.a(truetype.o)
 .text.Round_Up_To_Grid
                0x80013c2c       0x50 /opt/devkitpro/portlibs/ppc/lib/libfreetype.a(truetype.o)
 .text.Round_To_Double_Grid
                0x80013c7c       0x50 /opt/devkitpro/portlibs/ppc/lib/libfreetype.a(truetype.o)
 .text.Round_Super
                0x80013ccc       0x70 /opt/devkitpro/portlibs/ppc/lib/libfreetype.a(truetype.o)
 .text.Round_Super_45
                0x80013d3c       0x74 /opt/devkitpro/portlibs/ppc/lib/libfreetype.a(truetype.o)
 .text.Project  0x80013db0       0x1c /opt/devkitpro/portlibs/ppc/lib/libfreetype.a(truetype.o)
 .text.Dual_Project
                0x80013dcc       0x1c /opt/devkitpro/portlibs/ppc/lib/libfreetype.a(truetype.o)
 .text.Project_x
                0x80013de8        0x8 /opt/devkitpro/portlibs/ppc/lib/libfreetype.a(truetype.o)
 .text.Project_y
                0x80013df0        0x8 /opt/devkitpro/portlibs/ppc/lib/libfreetype.a(truetype.o)
 .text.Compute_Funcs
                0x80013df8      0x178 /opt/devkitpro/portlibs/ppc/lib/libfreetype.a(truetype.o)
 .text.SkipCode
                0x80013f70       0xa0 /opt/devkitpro/portlibs/ppc/lib/libfreetype.a(truetype.o)
 .text.Move_Zp2_Point
                0x80014010       0xd8 /opt/devkitpro/portlibs/ppc/lib/libfreetype.a(truetype.o)
 .text.tt_size_init
                0x800140e8       0x24 /opt/devkitpro/portlibs/ppc/lib/libfreetype.a(truetype.o)
 .text.tt_driver_init
                0x8001410c       0x10 /opt/devkitpro/portlibs/ppc/lib/libfreetype.a(truetype.o)
 .text.tt_driver_done
                0x8001411c        0x4 /opt/devkitpro/portlibs/ppc/lib/libfreetype.a(truetype.o)
 .text.tt_face_get_location
                0x80014120       0xdc /opt/devkitpro/portlibs/ppc/lib/libfreetype.a(truetype.o)
 .text.compare_ppem
                0x800141fc       0x18 /opt/devkitpro/portlibs/ppc/lib/libfreetype.a(truetype.o)
 .text.tt_size_reset_height
                0x80014214      0x10c /opt/devkitpro/portlibs/ppc/lib/libfreetype.a(truetype.o)
 .text.ft_var_apply_tuple
                0x80014320      0x17c /opt/devkitpro/portlibs/ppc/lib/libfreetype.a(truetype.o)
 .text.Direct_Move_Orig
                0x8001449c       0xfc /opt/devkitpro/portlibs/ppc/lib/libfreetype.a(truetype.o)
 .text.Direct_Move
                0x80014598      0x168 /opt/devkitpro/portlibs/ppc/lib/libfreetype.a(truetype.o)
 .text.TT_Done_Context
                0x80014700       0xbc /opt/devkitpro/portlibs/ppc/lib/libfreetype.a(truetype.o)
 .text.tt_glyphzone_done
                0x800147bc       0xa4 /opt/devkitpro/portlibs/ppc/lib/libfreetype.a(truetype.o)
 .text.tt_size_done_bytecode
                0x80014860       0xd0 /opt/devkitpro/portlibs/ppc/lib/libfreetype.a(truetype.o)
 .text.tt_size_done
                0x80014930       0x34 /opt/devkitpro/portlibs/ppc/lib/libfreetype.a(truetype.o)
 .text.tt_var_done_delta_set_index_map
                0x80014964       0x60 /opt/devkitpro/portlibs/ppc/lib/libfreetype.a(truetype.o)
 .text.tt_var_done_item_variation_store
                0x800149c4      0x120 /opt/devkitpro/portlibs/ppc/lib/libfreetype.a(truetype.o)
 .text.tt_construct_ps_name
                0x80014ae4       0x3c /opt/devkitpro/portlibs/ppc/lib/libfreetype.a(truetype.o)
 .text.TT_Load_Context
                0x80014b20      0x224 /opt/devkitpro/portlibs/ppc/lib/libfreetype.a(truetype.o)
 .text.tt_size_run_prep
                0x80014d44      0x1bc /opt/devkitpro/portlibs/ppc/lib/libfreetype.a(truetype.o)
 .text.TT_Hint_Glyph
                0x80014f00      0x2c8 /opt/devkitpro/portlibs/ppc/lib/libfreetype.a(truetype.o)
 .text.TT_Access_Glyph_Frame
                0x800151c8       0x94 /opt/devkitpro/portlibs/ppc/lib/libfreetype.a(truetype.o)
 .text.TT_Forget_Glyph_Frame
                0x8001525c        0x8 /opt/devkitpro/portlibs/ppc/lib/libfreetype.a(truetype.o)
 .text.ft_var_readpackedpoints
                0x80015264      0x214 /opt/devkitpro/portlibs/ppc/lib/libfreetype.a(truetype.o)
 .text.ft_var_readpackeddeltas
                0x80015478      0x290 /opt/devkitpro/portlibs/ppc/lib/libfreetype.a(truetype.o)
 .text.Current_Ratio
                0x80015708       0xc4 /opt/devkitpro/portlibs/ppc/lib/libfreetype.a(truetype.o)
 .text.TT_Load_Simple_Glyph
                0x800157cc      0x4ec /opt/devkitpro/portlibs/ppc/lib/libfreetype.a(truetype.o)
 .text.tt_slot_init
                0x80015cb8        0xc /opt/devkitpro/portlibs/ppc/lib/libfreetype.a(truetype.o)
 .text.tt_face_vary_cvt
                0x80015cc4      0x710 /opt/devkitpro/portlibs/ppc/lib/libfreetype.a(truetype.o)
 .text.tt_face_load_cvt
                0x800163d4      0x1b8 /opt/devkitpro/portlibs/ppc/lib/libfreetype.a(truetype.o)
 .text.tt_face_init
                0x8001658c      0xbb8 /opt/devkitpro/portlibs/ppc/lib/libfreetype.a(truetype.o)
 .text.TT_Load_Composite_Glyph
                0x80017144      0x2ac /opt/devkitpro/portlibs/ppc/lib/libfreetype.a(truetype.o)
 .text.tt_property_get
                0x800173f0       0x70 /opt/devkitpro/portlibs/ppc/lib/libfreetype.a(truetype.o)
 .text.tt_var_get_item_delta
                0x80017460      0x48c /opt/devkitpro/portlibs/ppc/lib/libfreetype.a(truetype.o)
 .text.tt_apply_mvar
                0x800178ec      0x224 /opt/devkitpro/portlibs/ppc/lib/libfreetype.a(truetype.o)
 .text.ft_var_to_normalized
                0x80017b10      0x3dc /opt/devkitpro/portlibs/ppc/lib/libfreetype.a(truetype.o)
 .text.tt_var_load_item_variation_store
                0x80017eec      0x54c /opt/devkitpro/portlibs/ppc/lib/libfreetype.a(truetype.o)
 .text.tt_var_load_delta_set_index_mapping
                0x80018438      0x2c8 /opt/devkitpro/portlibs/ppc/lib/libfreetype.a(truetype.o)
 .text.ft_var_load_hvvar
                0x80018700      0x2d0 /opt/devkitpro/portlibs/ppc/lib/libfreetype.a(truetype.o)
 .text.tt_hvadvance_adjust
                0x800189d0      0x184 /opt/devkitpro/portlibs/ppc/lib/libfreetype.a(truetype.o)
 .text.tt_vadvance_adjust
                0x80018b54        0x8 /opt/devkitpro/portlibs/ppc/lib/libfreetype.a(truetype.o)
 .text.tt_hadvance_adjust
                0x80018b5c        0x8 /opt/devkitpro/portlibs/ppc/lib/libfreetype.a(truetype.o)
 .text.ft_var_load_avar
                0x80018b64      0x34c /opt/devkitpro/portlibs/ppc/lib/libfreetype.a(truetype.o)
 .text.TT_Get_MM_Var
                0x80018eb0      0xcc8 /opt/devkitpro/portlibs/ppc/lib/libfreetype.a(truetype.o)
 .text.TT_Get_Default_Named_Instance
                0x80019b78       0x60 /opt/devkitpro/portlibs/ppc/lib/libfreetype.a(truetype.o)
 .text.TT_Get_VMetrics
                0x80019bd8       0x88 /opt/devkitpro/portlibs/ppc/lib/libfreetype.a(truetype.o)
 .text.tt_get_advances
                0x80019c60      0x138 /opt/devkitpro/portlibs/ppc/lib/libfreetype.a(truetype.o)
 .text.tt_delta_interpolate.part.0
                0x80019d98      0x204 /opt/devkitpro/portlibs/ppc/lib/libfreetype.a(truetype.o)
 .text.TT_Vary_Apply_Glyph_Deltas
                0x80019f9c      0xf04 /opt/devkitpro/portlibs/ppc/lib/libfreetype.a(truetype.o)
 .text.iup_worker_interpolate_
                0x8001aea0      0x248 /opt/devkitpro/portlibs/ppc/lib/libfreetype.a(truetype.o)
 .text.Modify_CVT_Check.part.0
                0x8001b0e8       0x94 /opt/devkitpro/portlibs/ppc/lib/libfreetype.a(truetype.o)
 .text.Write_CVT
                0x8001b17c       0x68 /opt/devkitpro/portlibs/ppc/lib/libfreetype.a(truetype.o)
 .text.Move_CVT_Stretched
                0x8001b1e4       0xa0 /opt/devkitpro/portlibs/ppc/lib/libfreetype.a(truetype.o)
 .text.Write_CVT_Stretched
                0x8001b284       0x8c /opt/devkitpro/portlibs/ppc/lib/libfreetype.a(truetype.o)
 .text.tt_get_interface
                0x8001b310       0xb8 /opt/devkitpro/portlibs/ppc/lib/libfreetype.a(truetype.o)
 .text.tt_property_set
                0x8001b3c8      0x118 /opt/devkitpro/portlibs/ppc/lib/libfreetype.a(truetype.o)
 .text.Ins_DELTAP.constprop.0
                0x8001b4e0      0x224 /opt/devkitpro/portlibs/ppc/lib/libfreetype.a(truetype.o)
 .text.Ins_IP.constprop.0
                0x8001b704      0x498 /opt/devkitpro/portlibs/ppc/lib/libfreetype.a(truetype.o)
 .text.Ins_ISECT.constprop.0
                0x8001bb9c      0x308 /opt/devkitpro/portlibs/ppc/lib/libfreetype.a(truetype.o)
 .text.Ins_MIRP.constprop.0
                0x8001bea4      0x33c /opt/devkitpro/portlibs/ppc/lib/libfreetype.a(truetype.o)
 .text.Compute_Point_Displacement.constprop.0
                0x8001c1e0      0x1c4 /opt/devkitpro/portlibs/ppc/lib/libfreetype.a(truetype.o)
 .text.Ins_JMPR.constprop.0
                0x8001c3a4       0x98 /opt/devkitpro/portlibs/ppc/lib/libfreetype.a(truetype.o)
 .text.SetSuperRound.constprop.0
                0x8001c43c       0xd0 /opt/devkitpro/portlibs/ppc/lib/libfreetype.a(truetype.o)
 .text.tt_size_reset
                0x8001c50c      0x178 /opt/devkitpro/portlibs/ppc/lib/libfreetype.a(truetype.o)
 .text.tt_size_select
                0x8001c684       0x84 /opt/devkitpro/portlibs/ppc/lib/libfreetype.a(truetype.o)
 .text.tt_size_request
                0x8001c708      0x14c /opt/devkitpro/portlibs/ppc/lib/libfreetype.a(truetype.o)
 .text.Move_CVT
                0x8001c854       0x70 /opt/devkitpro/portlibs/ppc/lib/libfreetype.a(truetype.o)
 .text.Ins_IUP.constprop.0
                0x8001c8c4      0x410 /opt/devkitpro/portlibs/ppc/lib/libfreetype.a(truetype.o)
 .text.tt_set_mm_blend
                0x8001ccd4      0xaa0 /opt/devkitpro/portlibs/ppc/lib/libfreetype.a(truetype.o)
 .text.TT_Set_MM_Blend
                0x8001d774        0x8 /opt/devkitpro/portlibs/ppc/lib/libfreetype.a(truetype.o)
 .text.TT_Get_Var_Design
                0x8001d77c      0x180 /opt/devkitpro/portlibs/ppc/lib/libfreetype.a(truetype.o)
 .text.TT_Set_Var_Design
                0x8001d8fc      0x2a8 /opt/devkitpro/portlibs/ppc/lib/libfreetype.a(truetype.o)
 .text.TT_Set_Named_Instance
                0x8001dba4      0x1a8 /opt/devkitpro/portlibs/ppc/lib/libfreetype.a(truetype.o)
 .text.TT_Get_MM_Blend
                0x8001dd4c      0x180 /opt/devkitpro/portlibs/ppc/lib/libfreetype.a(truetype.o)
 .text.load_truetype_glyph
                0x8001decc     0x139c /opt/devkitpro/portlibs/ppc/lib/libfreetype.a(truetype.o)
 .text.Ins_SxVTL.constprop.0
                0x8001f268      0x11c /opt/devkitpro/portlibs/ppc/lib/libfreetype.a(truetype.o)
 .text.tt_done_blend
                0x8001f384      0x270 /opt/devkitpro/portlibs/ppc/lib/libfreetype.a(truetype.o)
 .text.tt_face_done
                0x8001f5f4       0xfc /opt/devkitpro/portlibs/ppc/lib/libfreetype.a(truetype.o)
 .text.Current_Ppem_Stretched
                0x8001f6f0       0xdc /opt/devkitpro/portlibs/ppc/lib/libfreetype.a(truetype.o)
 .text.Read_CVT_Stretched
                0x8001f7cc       0xe4 /opt/devkitpro/portlibs/ppc/lib/libfreetype.a(truetype.o)
 .text.Ins_UNKNOWN.constprop.0
                0x8001f8b0      0x11c /opt/devkitpro/portlibs/ppc/lib/libfreetype.a(truetype.o)
 .text.TT_RunIns
                0x8001f9cc     0x3080 /opt/devkitpro/portlibs/ppc/lib/libfreetype.a(truetype.o)
                0x8001f9cc                TT_RunIns
 .text.TT_New_Context
                0x80022a4c       0xb4 /opt/devkitpro/portlibs/ppc/lib/libfreetype.a(truetype.o)
                0x80022a4c                TT_New_Context
 .text.tt_glyph_load
                0x80022b00     0x1280 /opt/devkitpro/portlibs/ppc/lib/libfreetype.a(truetype.o)
 .text.compare_kern_pairs
                0x80023d80       0x3c /opt/devkitpro/portlibs/ppc/lib/libfreetype.a(type1.o)
 .text.t1_get_ps_name
                0x80023dbc        0x8 /opt/devkitpro/portlibs/ppc/lib/libfreetype.a(type1.o)
 .text.t1_ps_get_font_info
                0x80023dc4       0x4c /opt/devkitpro/portlibs/ppc/lib/libfreetype.a(type1.o)
 .text.t1_ps_get_font_extra
                0x80023e10       0x10 /opt/devkitpro/portlibs/ppc/lib/libfreetype.a(type1.o)
 .text.t1_ps_has_glyph_names
                0x80023e20        0x8 /opt/devkitpro/portlibs/ppc/lib/libfreetype.a(type1.o)
 .text.t1_ps_get_font_private
                0x80023e28       0x34 /opt/devkitpro/portlibs/ppc/lib/libfreetype.a(type1.o)
 .text.T1_Get_Multi_Master
                0x80023e5c       0x78 /opt/devkitpro/portlibs/ppc/lib/libfreetype.a(type1.o)
 .text.T1_Set_MM_WeightVector
                0x80023ed4      0x168 /opt/devkitpro/portlibs/ppc/lib/libfreetype.a(type1.o)
 .text.T1_Get_MM_WeightVector
                0x8002403c      0x10c /opt/devkitpro/portlibs/ppc/lib/libfreetype.a(type1.o)
 .text.parse_buildchar
                0x80024148       0x48 /opt/devkitpro/portlibs/ppc/lib/libfreetype.a(type1.o)
 .text.parse_private
                0x80024190       0x10 /opt/devkitpro/portlibs/ppc/lib/libfreetype.a(type1.o)
 .text.read_binary_data
                0x800241a0      0x10c /opt/devkitpro/portlibs/ppc/lib/libfreetype.a(type1.o)
 .text.T1_GlyphSlot_Done
                0x800242ac       0x18 /opt/devkitpro/portlibs/ppc/lib/libfreetype.a(type1.o)
 .text.T1_Driver_Init
                0x800242c4       0xac /opt/devkitpro/portlibs/ppc/lib/libfreetype.a(type1.o)
 .text.T1_Driver_Done
                0x80024370        0x4 /opt/devkitpro/portlibs/ppc/lib/libfreetype.a(type1.o)
 .text.T1_GlyphSlot_Init
                0x80024374       0x8c /opt/devkitpro/portlibs/ppc/lib/libfreetype.a(type1.o)
 .text.T1_Parse_Glyph_And_Get_Char_String
                0x80024400      0x2b8 /opt/devkitpro/portlibs/ppc/lib/libfreetype.a(type1.o)
 .text.T1_Parse_Glyph
                0x800246b8       0x74 /opt/devkitpro/portlibs/ppc/lib/libfreetype.a(type1.o)
 .text.T1_Compute_Max_Advance
                0x8002472c      0x15c /opt/devkitpro/portlibs/ppc/lib/libfreetype.a(type1.o)
 .text.T1_Get_Advances
                0x80024888      0x180 /opt/devkitpro/portlibs/ppc/lib/libfreetype.a(type1.o)
 .text.T1_Done_Blend
                0x80024a08      0x204 /opt/devkitpro/portlibs/ppc/lib/libfreetype.a(type1.o)
 .text.parse_encoding
                0x80024c0c      0x5b8 /opt/devkitpro/portlibs/ppc/lib/libfreetype.a(type1.o)
 .text.T1_Load_Glyph
                0x800251c4      0x560 /opt/devkitpro/portlibs/ppc/lib/libfreetype.a(type1.o)
 .text.t1_get_name_index
                0x80025724       0x90 /opt/devkitpro/portlibs/ppc/lib/libfreetype.a(type1.o)
 .text.t1_allocate_blend
                0x800257b4      0x274 /opt/devkitpro/portlibs/ppc/lib/libfreetype.a(type1.o)
 .text.parse_weight_vector
                0x80025a28      0x20c /opt/devkitpro/portlibs/ppc/lib/libfreetype.a(type1.o)
 .text.parse_blend_design_positions
                0x80025c34      0x3ac /opt/devkitpro/portlibs/ppc/lib/libfreetype.a(type1.o)
 .text.parse_dict
                0x80025fe0      0x7c0 /opt/devkitpro/portlibs/ppc/lib/libfreetype.a(type1.o)
 .text.read_pfb_tag
                0x800267a0       0xa8 /opt/devkitpro/portlibs/ppc/lib/libfreetype.a(type1.o)
 .text.parse_charstrings
                0x80026848      0x850 /opt/devkitpro/portlibs/ppc/lib/libfreetype.a(type1.o)
 .text.parse_subrs
                0x80027098      0x4c0 /opt/devkitpro/portlibs/ppc/lib/libfreetype.a(type1.o)
 .text.t1_parse_font_matrix
                0x80027558      0x168 /opt/devkitpro/portlibs/ppc/lib/libfreetype.a(type1.o)
 .text.Get_Interface
                0x800276c0        0xc /opt/devkitpro/portlibs/ppc/lib/libfreetype.a(type1.o)
 .text.mm_axis_unmap
                0x800276cc       0xf4 /opt/devkitpro/portlibs/ppc/lib/libfreetype.a(type1.o)
 .text.T1_Get_Track_Kerning
                0x800277c0      0x11c /opt/devkitpro/portlibs/ppc/lib/libfreetype.a(type1.o)
 .text.t1_ps_get_font_value
                0x800278dc      0x850 /opt/devkitpro/portlibs/ppc/lib/libfreetype.a(type1.o)
 .text.t1_get_glyph_name
                0x8002812c       0x38 /opt/devkitpro/portlibs/ppc/lib/libfreetype.a(type1.o)
 .text.mm_weights_unmap
                0x80028164      0x194 /opt/devkitpro/portlibs/ppc/lib/libfreetype.a(type1.o)
 .text.T1_Get_MM_Blend
                0x800282f8      0x108 /opt/devkitpro/portlibs/ppc/lib/libfreetype.a(type1.o)
 .text.T1_Get_Var_Design
                0x80028400       0xf4 /opt/devkitpro/portlibs/ppc/lib/libfreetype.a(type1.o)
 .text.T1_Get_MM_Var
                0x800284f4      0x30c /opt/devkitpro/portlibs/ppc/lib/libfreetype.a(type1.o)
 .text.t1_get_index
                0x80028800       0xe4 /opt/devkitpro/portlibs/ppc/lib/libfreetype.a(type1.o)
 .text.check_type1_format.part.0
                0x800288e4       0xc4 /opt/devkitpro/portlibs/ppc/lib/libfreetype.a(type1.o)
 .text.Get_Kerning
                0x800289a8       0x9c /opt/devkitpro/portlibs/ppc/lib/libfreetype.a(type1.o)
 .text.T1_Size_Get_Globals_Funcs.isra.0
                0x80028a44       0x74 /opt/devkitpro/portlibs/ppc/lib/libfreetype.a(type1.o)
 .text.T1_Size_Init
                0x80028ab8       0x80 /opt/devkitpro/portlibs/ppc/lib/libfreetype.a(type1.o)
 .text.T1_Size_Done
                0x80028b38       0x68 /opt/devkitpro/portlibs/ppc/lib/libfreetype.a(type1.o)
 .text.T1_Size_Request
                0x80028ba0       0x8c /opt/devkitpro/portlibs/ppc/lib/libfreetype.a(type1.o)
 .text.t1_set_mm_blend.isra.0
                0x80028c2c      0x17c /opt/devkitpro/portlibs/ppc/lib/libfreetype.a(type1.o)
 .text.T1_Set_MM_Design
                0x80028da8      0x1e8 /opt/devkitpro/portlibs/ppc/lib/libfreetype.a(type1.o)
 .text.T1_Set_Var_Design
                0x80028f90       0x94 /opt/devkitpro/portlibs/ppc/lib/libfreetype.a(type1.o)
 .text.T1_Reset_MM_Blend
                0x80029024       0x10 /opt/devkitpro/portlibs/ppc/lib/libfreetype.a(type1.o)
 .text.T1_Set_MM_Blend
                0x80029034        0x8 /opt/devkitpro/portlibs/ppc/lib/libfreetype.a(type1.o)
 .text.T1_Open_Face
                0x8002903c      0xd98 /opt/devkitpro/portlibs/ppc/lib/libfreetype.a(type1.o)
 .text.T1_Face_Init
                0x80029dd4      0x4a8 /opt/devkitpro/portlibs/ppc/lib/libfreetype.a(type1.o)
 .text.T1_Face_Done
                0x8002a27c      0x1e0 /opt/devkitpro/portlibs/ppc/lib/libfreetype.a(type1.o)
 .text.T1_Read_Metrics
                0x8002a45c      0x520 /opt/devkitpro/portlibs/ppc/lib/libfreetype.a(type1.o)
 .text.parse_blend_axis_types
                0x8002a97c      0x204 /opt/devkitpro/portlibs/ppc/lib/libfreetype.a(type1.o)
 .text.parse_blend_design_map
                0x8002ab80      0x2ac /opt/devkitpro/portlibs/ppc/lib/libfreetype.a(type1.o)
 .text.cff_cmap_encoding_init
                0x8002ae2c       0x1c /opt/devkitpro/portlibs/ppc/lib/libfreetype.a(cff.o)
 .text.cff_cmap_encoding_done
                0x8002ae48        0xc /opt/devkitpro/portlibs/ppc/lib/libfreetype.a(cff.o)
 .text.cff_cmap_encoding_char_index
                0x8002ae54       0x20 /opt/devkitpro/portlibs/ppc/lib/libfreetype.a(cff.o)
 .text.cff_cmap_encoding_char_next
                0x8002ae74       0x98 /opt/devkitpro/portlibs/ppc/lib/libfreetype.a(cff.o)
 .text.cff_cmap_unicode_init
                0x8002af0c       0x54 /opt/devkitpro/portlibs/ppc/lib/libfreetype.a(cff.o)
 .text.cff_cmap_unicode_char_index
                0x8002af60       0x18 /opt/devkitpro/portlibs/ppc/lib/libfreetype.a(cff.o)
 .text.cff_cmap_unicode_char_next
                0x8002af78       0x18 /opt/devkitpro/portlibs/ppc/lib/libfreetype.a(cff.o)
 .text.cff_get_kerning
                0x8002af90       0x5c /opt/devkitpro/portlibs/ppc/lib/libfreetype.a(cff.o)
 .text.cff_ps_has_glyph_names
                0x8002afec        0xc /opt/devkitpro/portlibs/ppc/lib/libfreetype.a(cff.o)
 .text.cff_get_is_cid
                0x8002aff8       0x34 /opt/devkitpro/portlibs/ppc/lib/libfreetype.a(cff.o)
 .text.cff_get_cid_from_glyph_index
                0x8002b02c       0x58 /opt/devkitpro/portlibs/ppc/lib/libfreetype.a(cff.o)
 .text.cff_set_mm_blend
                0x8002b084       0x10 /opt/devkitpro/portlibs/ppc/lib/libfreetype.a(cff.o)
 .text.cff_get_mm_blend
                0x8002b094       0x10 /opt/devkitpro/portlibs/ppc/lib/libfreetype.a(cff.o)
 .text.cff_set_mm_weightvector
                0x8002b0a4       0x10 /opt/devkitpro/portlibs/ppc/lib/libfreetype.a(cff.o)
 .text.cff_get_mm_weightvector
                0x8002b0b4       0x10 /opt/devkitpro/portlibs/ppc/lib/libfreetype.a(cff.o)
 .text.cff_construct_ps_name
                0x8002b0c4       0x10 /opt/devkitpro/portlibs/ppc/lib/libfreetype.a(cff.o)
 .text.cff_get_mm_var
                0x8002b0d4       0x10 /opt/devkitpro/portlibs/ppc/lib/libfreetype.a(cff.o)
 .text.cff_set_var_design
                0x8002b0e4       0x10 /opt/devkitpro/portlibs/ppc/lib/libfreetype.a(cff.o)
 .text.cff_get_var_design
                0x8002b0f4       0x10 /opt/devkitpro/portlibs/ppc/lib/libfreetype.a(cff.o)
 .text.cff_set_named_instance
                0x8002b104       0x10 /opt/devkitpro/portlibs/ppc/lib/libfreetype.a(cff.o)
 .text.cff_get_default_named_instance
                0x8002b114       0x10 /opt/devkitpro/portlibs/ppc/lib/libfreetype.a(cff.o)
 .text.cff_load_item_variation_store
                0x8002b124       0x10 /opt/devkitpro/portlibs/ppc/lib/libfreetype.a(cff.o)
 .text.cff_load_delta_set_index_mapping
                0x8002b134       0x10 /opt/devkitpro/portlibs/ppc/lib/libfreetype.a(cff.o)
 .text.cff_get_item_delta
                0x8002b144       0x10 /opt/devkitpro/portlibs/ppc/lib/libfreetype.a(cff.o)
 .text.cff_done_item_variation_store
                0x8002b154       0x10 /opt/devkitpro/portlibs/ppc/lib/libfreetype.a(cff.o)
 .text.cff_done_delta_set_index_map
                0x8002b164       0x10 /opt/devkitpro/portlibs/ppc/lib/libfreetype.a(cff.o)
 .text.cff_hadvance_adjust
                0x8002b174       0x10 /opt/devkitpro/portlibs/ppc/lib/libfreetype.a(cff.o)
 .text.cff_metrics_adjust
                0x8002b184       0x10 /opt/devkitpro/portlibs/ppc/lib/libfreetype.a(cff.o)
 .text.cff_parse_integer
                0x8002b194       0xd0 /opt/devkitpro/portlibs/ppc/lib/libfreetype.a(cff.o)
 .text.cff_get_standard_encoding
                0x8002b264       0x2c /opt/devkitpro/portlibs/ppc/lib/libfreetype.a(cff.o)
 .text.cff_fd_select_get
                0x8002b290       0xb0 /opt/devkitpro/portlibs/ppc/lib/libfreetype.a(cff.o)
 .text.cff_get_var_blend
                0x8002b340       0x10 /opt/devkitpro/portlibs/ppc/lib/libfreetype.a(cff.o)
 .text.cff_done_blend
                0x8002b350       0x18 /opt/devkitpro/portlibs/ppc/lib/libfreetype.a(cff.o)
 .text.cff_slot_done
                0x8002b368       0x18 /opt/devkitpro/portlibs/ppc/lib/libfreetype.a(cff.o)
 .text.cff_driver_init
                0x8002b380       0xac /opt/devkitpro/portlibs/ppc/lib/libfreetype.a(cff.o)
 .text.cff_driver_done
                0x8002b42c        0x4 /opt/devkitpro/portlibs/ppc/lib/libfreetype.a(cff.o)
 .text.cff_cmap_unicode_done
                0x8002b430       0x44 /opt/devkitpro/portlibs/ppc/lib/libfreetype.a(cff.o)
 .text.cff_vstore_done
                0x8002b474      0x104 /opt/devkitpro/portlibs/ppc/lib/libfreetype.a(cff.o)
 .text.cff_slot_init
                0x8002b578       0x90 /opt/devkitpro/portlibs/ppc/lib/libfreetype.a(cff.o)
 .text.cff_make_private_dict
                0x8002b608      0x2ec /opt/devkitpro/portlibs/ppc/lib/libfreetype.a(cff.o)
 .text.cff_index_done
                0x8002b8f4       0x78 /opt/devkitpro/portlibs/ppc/lib/libfreetype.a(cff.o)
 .text.cff_get_cmap_info
                0x8002b96c       0xc4 /opt/devkitpro/portlibs/ppc/lib/libfreetype.a(cff.o)
 .text.cff_get_ps_name
                0x8002ba30       0xb4 /opt/devkitpro/portlibs/ppc/lib/libfreetype.a(cff.o)
 .text.cff_parse_real
                0x8002bae4      0x44c /opt/devkitpro/portlibs/ppc/lib/libfreetype.a(cff.o)
 .text.cff_get_name_index
                0x8002bf30      0x174 /opt/devkitpro/portlibs/ppc/lib/libfreetype.a(cff.o)
 .text.cff_charset_compute_cids
                0x8002c0a4      0x1bc /opt/devkitpro/portlibs/ppc/lib/libfreetype.a(cff.o)
 .text.cff_blend_check_vector
                0x8002c260       0x84 /opt/devkitpro/portlibs/ppc/lib/libfreetype.a(cff.o)
 .text.cff_blend_build_vector
                0x8002c2e4      0x37c /opt/devkitpro/portlibs/ppc/lib/libfreetype.a(cff.o)
 .text.cff_index_get_pointers
                0x8002c660      0x60c /opt/devkitpro/portlibs/ppc/lib/libfreetype.a(cff.o)
 .text.cff_index_get_sid_string
                0x8002cc6c       0x64 /opt/devkitpro/portlibs/ppc/lib/libfreetype.a(cff.o)
 .text.cff_get_ros
                0x8002ccd0      0x104 /opt/devkitpro/portlibs/ppc/lib/libfreetype.a(cff.o)
 .text.cff_ps_get_font_info
                0x8002cdd4      0x16c /opt/devkitpro/portlibs/ppc/lib/libfreetype.a(cff.o)
 .text.cff_get_glyph_name
                0x8002cf40      0x128 /opt/devkitpro/portlibs/ppc/lib/libfreetype.a(cff.o)
 .text.cff_ps_get_font_extra
                0x8002d068      0x194 /opt/devkitpro/portlibs/ppc/lib/libfreetype.a(cff.o)
 .text.cff_subfont_done.part.0
                0x8002d1fc       0x88 /opt/devkitpro/portlibs/ppc/lib/libfreetype.a(cff.o)
 .text.cff_get_interface
                0x8002d284       0xa8 /opt/devkitpro/portlibs/ppc/lib/libfreetype.a(cff.o)
 .text.cff_size_get_globals_funcs.isra.0
                0x8002d32c       0x74 /opt/devkitpro/portlibs/ppc/lib/libfreetype.a(cff.o)
 .text.cff_size_init
                0x8002d3a0      0x250 /opt/devkitpro/portlibs/ppc/lib/libfreetype.a(cff.o)
 .text.cff_size_done
                0x8002d5f0      0x108 /opt/devkitpro/portlibs/ppc/lib/libfreetype.a(cff.o)
 .text.cff_size_select
                0x8002d6f8      0x174 /opt/devkitpro/portlibs/ppc/lib/libfreetype.a(cff.o)
 .text.cff_size_request
                0x8002d86c      0x234 /opt/devkitpro/portlibs/ppc/lib/libfreetype.a(cff.o)
 .text.cff_face_done
                0x8002daa0      0x230 /opt/devkitpro/portlibs/ppc/lib/libfreetype.a(cff.o)
 .text.cff_parse_font_matrix
                0x8002dcd0      0x380 /opt/devkitpro/portlibs/ppc/lib/libfreetype.a(cff.o)
 .text.do_fixed.isra.0
                0x8002e050      0x168 /opt/devkitpro/portlibs/ppc/lib/libfreetype.a(cff.o)
 .text.cff_parse_font_bbox
                0x8002e1b8       0xc4 /opt/devkitpro/portlibs/ppc/lib/libfreetype.a(cff.o)
 .text.cff_parse_num.isra.0
                0x8002e27c       0x84 /opt/devkitpro/portlibs/ppc/lib/libfreetype.a(cff.o)
 .text.cff_parse_private_dict
                0x8002e300       0xb0 /opt/devkitpro/portlibs/ppc/lib/libfreetype.a(cff.o)
 .text.cff_parse_multiple_master
                0x8002e3b0       0x94 /opt/devkitpro/portlibs/ppc/lib/libfreetype.a(cff.o)
 .text.cff_parse_cid_ros
                0x8002e444       0x94 /opt/devkitpro/portlibs/ppc/lib/libfreetype.a(cff.o)
 .text.cff_parse_vsindex
                0x8002e4d8       0x78 /opt/devkitpro/portlibs/ppc/lib/libfreetype.a(cff.o)
 .text.cff_parser_run
                0x8002e550      0x3cc /opt/devkitpro/portlibs/ppc/lib/libfreetype.a(cff.o)
 .text.cff_load_private_dict
                0x8002e91c      0x26c /opt/devkitpro/portlibs/ppc/lib/libfreetype.a(cff.o)
 .text.cff_free_glyph_data
                0x8002eb88       0x6c /opt/devkitpro/portlibs/ppc/lib/libfreetype.a(cff.o)
 .text.cff_parse_blend
                0x8002ebf4      0x390 /opt/devkitpro/portlibs/ppc/lib/libfreetype.a(cff.o)
 .text.cff_index_access_element
                0x8002ef84      0x2ac /opt/devkitpro/portlibs/ppc/lib/libfreetype.a(cff.o)
 .text.cff_get_glyph_data
                0x8002f230       0x78 /opt/devkitpro/portlibs/ppc/lib/libfreetype.a(cff.o)
 .text.cff_slot_load
                0x8002f2a8      0xa30 /opt/devkitpro/portlibs/ppc/lib/libfreetype.a(cff.o)
 .text.cff_glyph_load
                0x8002fcd8       0x44 /opt/devkitpro/portlibs/ppc/lib/libfreetype.a(cff.o)
 .text.cff_get_advances
                0x8002fd1c      0x2b0 /opt/devkitpro/portlibs/ppc/lib/libfreetype.a(cff.o)
 .text.cff_index_get_name
                0x8002ffcc       0xec /opt/devkitpro/portlibs/ppc/lib/libfreetype.a(cff.o)
 .text.cff_index_init
                0x800300b8      0x258 /opt/devkitpro/portlibs/ppc/lib/libfreetype.a(cff.o)
 .text.cff_subfont_load
                0x80030310      0x430 /opt/devkitpro/portlibs/ppc/lib/libfreetype.a(cff.o)
 .text.cff_face_init
                0x80030740     0x1f78 /opt/devkitpro/portlibs/ppc/lib/libfreetype.a(cff.o)
 .text.cff_sid_to_glyph_name
                0x800326b8       0x70 /opt/devkitpro/portlibs/ppc/lib/libfreetype.a(cff.o)
 .text.cff_parse_maxstack
                0x80032728       0xdc /opt/devkitpro/portlibs/ppc/lib/libfreetype.a(cff.o)
 .text.parse_expansion_factor
                0x80032804       0x60 /opt/devkitpro/portlibs/ppc/lib/libfreetype.a(type1cid.o)
 .text.parse_font_name
                0x80032864        0x4 /opt/devkitpro/portlibs/ppc/lib/libfreetype.a(type1cid.o)
 .text.cid_slot_done
                0x80032868       0x18 /opt/devkitpro/portlibs/ppc/lib/libfreetype.a(type1cid.o)
 .text.cid_driver_init
                0x80032880       0xac /opt/devkitpro/portlibs/ppc/lib/libfreetype.a(type1cid.o)
 .text.cid_driver_done
                0x8003292c        0x4 /opt/devkitpro/portlibs/ppc/lib/libfreetype.a(type1cid.o)
 .text.cid_get_postscript_name
                0x80032930       0x20 /opt/devkitpro/portlibs/ppc/lib/libfreetype.a(type1cid.o)
 .text.cid_ps_get_font_info
                0x80032950       0x4c /opt/devkitpro/portlibs/ppc/lib/libfreetype.a(type1cid.o)
 .text.cid_ps_get_font_extra
                0x8003299c       0x10 /opt/devkitpro/portlibs/ppc/lib/libfreetype.a(type1cid.o)
 .text.cid_get_ros
                0x800329ac       0x38 /opt/devkitpro/portlibs/ppc/lib/libfreetype.a(type1cid.o)
 .text.cid_get_is_cid
                0x800329e4       0x18 /opt/devkitpro/portlibs/ppc/lib/libfreetype.a(type1cid.o)
 .text.cid_slot_init
                0x800329fc       0x8c /opt/devkitpro/portlibs/ppc/lib/libfreetype.a(type1cid.o)
 .text.cid_face_done
                0x80032a88      0x188 /opt/devkitpro/portlibs/ppc/lib/libfreetype.a(type1cid.o)
 .text.cid_compute_fd_and_offsets
                0x80032c10      0x25c /opt/devkitpro/portlibs/ppc/lib/libfreetype.a(type1cid.o)
 .text.cid_load_glyph
                0x80032e6c      0x4fc /opt/devkitpro/portlibs/ppc/lib/libfreetype.a(type1cid.o)
 .text.cid_slot_load_glyph
                0x80033368      0x42c /opt/devkitpro/portlibs/ppc/lib/libfreetype.a(type1cid.o)
 .text.cid_get_cid_from_glyph_index
                0x80033794       0x54 /opt/devkitpro/portlibs/ppc/lib/libfreetype.a(type1cid.o)
 .text.cid_parse_font_matrix
                0x800337e8      0x1b4 /opt/devkitpro/portlibs/ppc/lib/libfreetype.a(type1cid.o)
 .text.parse_fd_array
                0x8003399c      0x150 /opt/devkitpro/portlibs/ppc/lib/libfreetype.a(type1cid.o)
 .text.cid_get_interface
                0x80033aec        0xc /opt/devkitpro/portlibs/ppc/lib/libfreetype.a(type1cid.o)
 .text.cid_size_get_globals_funcs.isra.0
                0x80033af8       0x74 /opt/devkitpro/portlibs/ppc/lib/libfreetype.a(type1cid.o)
 .text.cid_size_init
                0x80033b6c       0x8c /opt/devkitpro/portlibs/ppc/lib/libfreetype.a(type1cid.o)
 .text.cid_size_done
                0x80033bf8       0x68 /opt/devkitpro/portlibs/ppc/lib/libfreetype.a(type1cid.o)
 .text.cid_size_request
                0x80033c60       0x94 /opt/devkitpro/portlibs/ppc/lib/libfreetype.a(type1cid.o)
 .text.cid_face_open
                0x80033cf4      0xf38 /opt/devkitpro/portlibs/ppc/lib/libfreetype.a(type1cid.o)
 .text.cid_face_init
                0x80034c2c      0x2e4 /opt/devkitpro/portlibs/ppc/lib/libfreetype.a(type1cid.o)
 .text.pfr_cmap_init
                0x80034f10       0x94 /opt/devkitpro/portlibs/ppc/lib/libfreetype.a(pfr.o)
 .text.pfr_cmap_done
                0x80034fa4       0x10 /opt/devkitpro/portlibs/ppc/lib/libfreetype.a(pfr.o)
 .text.pfr_cmap_char_index
                0x80034fb4       0x78 /opt/devkitpro/portlibs/ppc/lib/libfreetype.a(pfr.o)
 .text.pfr_cmap_char_next
                0x8003502c       0xd0 /opt/devkitpro/portlibs/ppc/lib/libfreetype.a(pfr.o)
 .text.pfr_get_advance
                0x800350fc       0x54 /opt/devkitpro/portlibs/ppc/lib/libfreetype.a(pfr.o)
 .text.pfr_glyph_close_contour
                0x80035150       0xe0 /opt/devkitpro/portlibs/ppc/lib/libfreetype.a(pfr.o)
 .text.pfr_face_get_kerning
                0x80035230      0x22c /opt/devkitpro/portlibs/ppc/lib/libfreetype.a(pfr.o)
 .text.pfr_extra_item_load_bitmap_info
                0x8003545c      0x288 /opt/devkitpro/portlibs/ppc/lib/libfreetype.a(pfr.o)
 .text.pfr_slot_done
                0x800356e4       0x7c /opt/devkitpro/portlibs/ppc/lib/libfreetype.a(pfr.o)
 .text.pfr_slot_init
                0x80035760       0x58 /opt/devkitpro/portlibs/ppc/lib/libfreetype.a(pfr.o)
 .text.pfr_extra_item_load_stem_snaps
                0x800357b8      0x120 /opt/devkitpro/portlibs/ppc/lib/libfreetype.a(pfr.o)
 .text.pfr_extra_item_load_kerning_pairs
                0x800358d8      0x194 /opt/devkitpro/portlibs/ppc/lib/libfreetype.a(pfr.o)
 .text.pfr_extra_item_load_font_id
                0x80035a6c       0xc4 /opt/devkitpro/portlibs/ppc/lib/libfreetype.a(pfr.o)
 .text.pfr_aux_name_load
                0x80035b30      0x1d4 /opt/devkitpro/portlibs/ppc/lib/libfreetype.a(pfr.o)
 .text.pfr_get_service
                0x80035d04        0xc /opt/devkitpro/portlibs/ppc/lib/libfreetype.a(pfr.o)
 .text.pfr_get_metrics
                0x80035d10       0xc0 /opt/devkitpro/portlibs/ppc/lib/libfreetype.a(pfr.o)
 .text.pfr_get_kerning
                0x80035dd0       0xa8 /opt/devkitpro/portlibs/ppc/lib/libfreetype.a(pfr.o)
 .text.pfr_face_done
                0x80035e78      0x128 /opt/devkitpro/portlibs/ppc/lib/libfreetype.a(pfr.o)
 .text.pfr_glyph_line_to.isra.0
                0x80035fa0       0xcc /opt/devkitpro/portlibs/ppc/lib/libfreetype.a(pfr.o)
 .text.pfr_glyph_load_rec
                0x8003606c      0xc60 /opt/devkitpro/portlibs/ppc/lib/libfreetype.a(pfr.o)
 .text.pfr_slot_load
                0x80036ccc      0xb20 /opt/devkitpro/portlibs/ppc/lib/libfreetype.a(pfr.o)
 .text.pfr_face_init
                0x800377ec      0xd98 /opt/devkitpro/portlibs/ppc/lib/libfreetype.a(pfr.o)
 .text.t42_get_ps_font_name
                0x80038584        0x8 /opt/devkitpro/portlibs/ppc/lib/libfreetype.a(type42.o)
 .text.t42_ps_get_font_info
                0x8003858c       0x4c /opt/devkitpro/portlibs/ppc/lib/libfreetype.a(type42.o)
 .text.t42_ps_get_font_extra
                0x800385d8       0x10 /opt/devkitpro/portlibs/ppc/lib/libfreetype.a(type42.o)
 .text.t42_ps_has_glyph_names
                0x800385e8        0x8 /opt/devkitpro/portlibs/ppc/lib/libfreetype.a(type42.o)
 .text.T42_Driver_Done
                0x800385f0        0x4 /opt/devkitpro/portlibs/ppc/lib/libfreetype.a(type42.o)
 .text.T42_Size_Select
                0x800385f4       0x9c /opt/devkitpro/portlibs/ppc/lib/libfreetype.a(type42.o)
 .text.T42_Size_Request
                0x80038690       0x9c /opt/devkitpro/portlibs/ppc/lib/libfreetype.a(type42.o)
 .text.T42_GlyphSlot_Load
                0x8003872c      0x210 /opt/devkitpro/portlibs/ppc/lib/libfreetype.a(type42.o)
 .text.T42_GlyphSlot_Done
                0x8003893c       0x10 /opt/devkitpro/portlibs/ppc/lib/libfreetype.a(type42.o)
 .text.T42_GlyphSlot_Init
                0x8003894c       0xb4 /opt/devkitpro/portlibs/ppc/lib/libfreetype.a(type42.o)
 .text.T42_Size_Init
                0x80038a00       0x58 /opt/devkitpro/portlibs/ppc/lib/libfreetype.a(type42.o)
 .text.T42_Face_Done
                0x80038a58      0x150 /opt/devkitpro/portlibs/ppc/lib/libfreetype.a(type42.o)
 .text.T42_Driver_Init
                0x80038ba8       0x64 /opt/devkitpro/portlibs/ppc/lib/libfreetype.a(type42.o)
 .text.t42_parse_charstrings
                0x80038c0c      0x654 /opt/devkitpro/portlibs/ppc/lib/libfreetype.a(type42.o)
 .text.t42_get_name_index
                0x80039260       0xe0 /opt/devkitpro/portlibs/ppc/lib/libfreetype.a(type42.o)
 .text.t42_parse_sfnts
                0x80039340      0x630 /opt/devkitpro/portlibs/ppc/lib/libfreetype.a(type42.o)
 .text.t42_parse_font_matrix
                0x80039970      0x158 /opt/devkitpro/portlibs/ppc/lib/libfreetype.a(type42.o)
 .text.T42_Get_Interface
                0x80039ac8        0xc /opt/devkitpro/portlibs/ppc/lib/libfreetype.a(type42.o)
 .text.t42_get_glyph_name
                0x80039ad4       0x38 /opt/devkitpro/portlibs/ppc/lib/libfreetype.a(type42.o)
 .text.T42_Size_Done
                0x80039b0c       0x54 /opt/devkitpro/portlibs/ppc/lib/libfreetype.a(type42.o)
 .text.T42_Face_Init
                0x80039b60      0xc60 /opt/devkitpro/portlibs/ppc/lib/libfreetype.a(type42.o)
 .text.t42_parse_encoding
                0x8003a7c0      0x584 /opt/devkitpro/portlibs/ppc/lib/libfreetype.a(type42.o)
 .text.fnt_cmap_init
                0x8003ad44       0x2c /opt/devkitpro/portlibs/ppc/lib/libfreetype.a(winfnt.o)
 .text.fnt_cmap_char_index
                0x8003ad70       0x24 /opt/devkitpro/portlibs/ppc/lib/libfreetype.a(winfnt.o)
 .text.fnt_cmap_char_next
                0x8003ad94       0x50 /opt/devkitpro/portlibs/ppc/lib/libfreetype.a(winfnt.o)
 .text.winfnt_get_header
                0x8003ade4       0x34 /opt/devkitpro/portlibs/ppc/lib/libfreetype.a(winfnt.o)
 .text.FNT_Size_Select
                0x8003ae18       0x6c /opt/devkitpro/portlibs/ppc/lib/libfreetype.a(winfnt.o)
 .text.FNT_Load_Glyph
                0x8003ae84      0x2dc /opt/devkitpro/portlibs/ppc/lib/libfreetype.a(winfnt.o)
 .text.fnt_font_done
                0x8003b160       0x8c /opt/devkitpro/portlibs/ppc/lib/libfreetype.a(winfnt.o)
 .text.fnt_font_load
                0x8003b1ec       0xf4 /opt/devkitpro/portlibs/ppc/lib/libfreetype.a(winfnt.o)
 .text.winfnt_get_service
                0x8003b2e0        0xc /opt/devkitpro/portlibs/ppc/lib/libfreetype.a(winfnt.o)
 .text.FNT_Face_Init
                0x8003b2ec      0xcb0 /opt/devkitpro/portlibs/ppc/lib/libfreetype.a(winfnt.o)
 .text.FNT_Face_Done
                0x8003bf9c       0x54 /opt/devkitpro/portlibs/ppc/lib/libfreetype.a(winfnt.o)
 .text.FNT_Size_Request
                0x8003bff0       0xfc /opt/devkitpro/portlibs/ppc/lib/libfreetype.a(winfnt.o)
 .text.pcf_cmap_init
                0x8003c0ec       0x18 /opt/devkitpro/portlibs/ppc/lib/libfreetype.a(pcf.o)
 .text.pcf_cmap_done
                0x8003c104        0xc /opt/devkitpro/portlibs/ppc/lib/libfreetype.a(pcf.o)
 .text.pcf_cmap_char_index
                0x8003c110       0x68 /opt/devkitpro/portlibs/ppc/lib/libfreetype.a(pcf.o)
 .text.pcf_cmap_char_next
                0x8003c178      0x154 /opt/devkitpro/portlibs/ppc/lib/libfreetype.a(pcf.o)
 .text.pcf_get_charset_id
                0x8003c2cc       0x1c /opt/devkitpro/portlibs/ppc/lib/libfreetype.a(pcf.o)
 .text.pcf_property_set
                0x8003c2e8        0x8 /opt/devkitpro/portlibs/ppc/lib/libfreetype.a(pcf.o)
 .text.pcf_property_get
                0x8003c2f0        0x8 /opt/devkitpro/portlibs/ppc/lib/libfreetype.a(pcf.o)
 .text.pcf_driver_init
                0x8003c2f8        0x8 /opt/devkitpro/portlibs/ppc/lib/libfreetype.a(pcf.o)
 .text.pcf_driver_done
                0x8003c300        0x4 /opt/devkitpro/portlibs/ppc/lib/libfreetype.a(pcf.o)
 .text.PCF_Size_Select
                0x8003c304       0x64 /opt/devkitpro/portlibs/ppc/lib/libfreetype.a(pcf.o)
 .text.PCF_Glyph_Load
                0x8003c368      0x3b8 /opt/devkitpro/portlibs/ppc/lib/libfreetype.a(pcf.o)
 .text.pcf_driver_requester
                0x8003c720        0xc /opt/devkitpro/portlibs/ppc/lib/libfreetype.a(pcf.o)
 .text.PCF_Face_Done.part.0
                0x8003c72c      0x1a8 /opt/devkitpro/portlibs/ppc/lib/libfreetype.a(pcf.o)
 .text.PCF_Face_Done
                0x8003c8d4        0xc /opt/devkitpro/portlibs/ppc/lib/libfreetype.a(pcf.o)
 .text.pcf_find_property.isra.0
                0x8003c8e0       0xa4 /opt/devkitpro/portlibs/ppc/lib/libfreetype.a(pcf.o)
 .text.pcf_get_bdf_property
                0x8003c984       0x8c /opt/devkitpro/portlibs/ppc/lib/libfreetype.a(pcf.o)
 .text.PCF_Size_Request
                0x8003ca10       0xfc /opt/devkitpro/portlibs/ppc/lib/libfreetype.a(pcf.o)
 .text.pcf_get_accel
                0x8003cb0c      0x2e8 /opt/devkitpro/portlibs/ppc/lib/libfreetype.a(pcf.o)
 .text.pcf_load_font
                0x8003cdf4     0x1854 /opt/devkitpro/portlibs/ppc/lib/libfreetype.a(pcf.o)
 .text.PCF_Face_Init
                0x8003e648      0x2cc /opt/devkitpro/portlibs/ppc/lib/libfreetype.a(pcf.o)
 .text.bdf_atol_
                0x8003e914       0xd0 /opt/devkitpro/portlibs/ppc/lib/libfreetype.a(bdf.o)
 .text.bdf_atos_
                0x8003e9e4       0xd0 /opt/devkitpro/portlibs/ppc/lib/libfreetype.a(bdf.o)
 .text.by_encoding
                0x8003eab4       0x28 /opt/devkitpro/portlibs/ppc/lib/libfreetype.a(bdf.o)
 .text.bdf_parse_end_
                0x8003eadc        0x8 /opt/devkitpro/portlibs/ppc/lib/libfreetype.a(bdf.o)
 .text.bdf_cmap_init
                0x8003eae4       0x24 /opt/devkitpro/portlibs/ppc/lib/libfreetype.a(bdf.o)
 .text.bdf_cmap_done
                0x8003eb08       0x10 /opt/devkitpro/portlibs/ppc/lib/libfreetype.a(bdf.o)
 .text.bdf_cmap_char_index
                0x8003eb18       0x80 /opt/devkitpro/portlibs/ppc/lib/libfreetype.a(bdf.o)
 .text.bdf_cmap_char_next
                0x8003eb98       0xc0 /opt/devkitpro/portlibs/ppc/lib/libfreetype.a(bdf.o)
 .text.bdf_get_charset_id
                0x8003ec58       0x1c /opt/devkitpro/portlibs/ppc/lib/libfreetype.a(bdf.o)
 .text.BDF_Size_Select
                0x8003ec74       0x64 /opt/devkitpro/portlibs/ppc/lib/libfreetype.a(bdf.o)
 .text.BDF_Glyph_Load
                0x8003ecd8      0x180 /opt/devkitpro/portlibs/ppc/lib/libfreetype.a(bdf.o)
 .text.bdf_list_ensure_
                0x8003ee58      0x10c /opt/devkitpro/portlibs/ppc/lib/libfreetype.a(bdf.o)
 .text.bdf_add_comment_
                0x8003ef64       0xb8 /opt/devkitpro/portlibs/ppc/lib/libfreetype.a(bdf.o)
 .text.bdf_driver_requester
                0x8003f01c        0xc /opt/devkitpro/portlibs/ppc/lib/libfreetype.a(bdf.o)
 .text.bdf_atoul_
                0x8003f028       0x8c /opt/devkitpro/portlibs/ppc/lib/libfreetype.a(bdf.o)
 .text.bdf_atous_
                0x8003f0b4       0x9c /opt/devkitpro/portlibs/ppc/lib/libfreetype.a(bdf.o)
 .text.bdf_free_font.part.0
                0x8003f150      0x228 /opt/devkitpro/portlibs/ppc/lib/libfreetype.a(bdf.o)
 .text.BDF_Face_Done
                0x8003f378       0xc4 /opt/devkitpro/portlibs/ppc/lib/libfreetype.a(bdf.o)
 .text.bdf_list_split_.part.0
                0x8003f43c      0x304 /opt/devkitpro/portlibs/ppc/lib/libfreetype.a(bdf.o)
 .text.bdf_list_join_.constprop.0
                0x8003f740       0xb8 /opt/devkitpro/portlibs/ppc/lib/libfreetype.a(bdf.o)
 .text.bdf_list_shift_.constprop.0
                0x8003f7f8       0x74 /opt/devkitpro/portlibs/ppc/lib/libfreetype.a(bdf.o)
 .text.bdf_add_property_.isra.0
                0x8003f86c      0x648 /opt/devkitpro/portlibs/ppc/lib/libfreetype.a(bdf.o)
 .text.BDF_Size_Request
                0x8003feb4      0x100 /opt/devkitpro/portlibs/ppc/lib/libfreetype.a(bdf.o)
 .text.bdf_get_bdf_property
                0x8003ffb4       0xcc /opt/devkitpro/portlibs/ppc/lib/libfreetype.a(bdf.o)
 .text.bdf_parse_properties_
                0x80040080      0x4cc /opt/devkitpro/portlibs/ppc/lib/libfreetype.a(bdf.o)
 .text.BDF_Face_Init
                0x8004054c     0x12a4 /opt/devkitpro/portlibs/ppc/lib/libfreetype.a(bdf.o)
 .text.bdf_parse_start_
                0x800417f0      0xa9c /opt/devkitpro/portlibs/ppc/lib/libfreetype.a(bdf.o)
 .text.bdf_parse_glyphs_
                0x8004228c      0xf58 /opt/devkitpro/portlibs/ppc/lib/libfreetype.a(bdf.o)
 .text.premultiply_data
                0x800431e4       0xd0 /opt/devkitpro/portlibs/ppc/lib/libfreetype.a(sfnt.o)
 .text.convert_bytes_to_data
                0x800432b4       0x68 /opt/devkitpro/portlibs/ppc/lib/libfreetype.a(sfnt.o)
 .text.warning_callback
                0x8004331c        0x4 /opt/devkitpro/portlibs/ppc/lib/libfreetype.a(sfnt.o)
 .text.get_sfnt_table
                0x80043320       0x9c /opt/devkitpro/portlibs/ppc/lib/libfreetype.a(sfnt.o)
 .text.sfnt_table_info
                0x800433bc       0x6c /opt/devkitpro/portlibs/ppc/lib/libfreetype.a(sfnt.o)
 .text.sfnt_is_postscript
                0x80043428       0x34 /opt/devkitpro/portlibs/ppc/lib/libfreetype.a(sfnt.o)
 .text.sfnt_is_alphanumeric
                0x8004345c       0x2c /opt/devkitpro/portlibs/ppc/lib/libfreetype.a(sfnt.o)
 .text.sfnt_get_name_id
                0x80043488       0xe0 /opt/devkitpro/portlibs/ppc/lib/libfreetype.a(sfnt.o)
 .text.compare_offsets
                0x80043568       0x2c /opt/devkitpro/portlibs/ppc/lib/libfreetype.a(sfnt.o)
 .text.tt_cmap_init
                0x80043594        0xc /opt/devkitpro/portlibs/ppc/lib/libfreetype.a(sfnt.o)
 .text.tt_cmap0_char_index
                0x800435a0       0x20 /opt/devkitpro/portlibs/ppc/lib/libfreetype.a(sfnt.o)
 .text.tt_cmap0_char_next
                0x800435c0       0x8c /opt/devkitpro/portlibs/ppc/lib/libfreetype.a(sfnt.o)
 .text.tt_cmap0_get_info
                0x8004364c       0x1c /opt/devkitpro/portlibs/ppc/lib/libfreetype.a(sfnt.o)
 .text.tt_cmap2_char_next
                0x80043668      0x1f0 /opt/devkitpro/portlibs/ppc/lib/libfreetype.a(sfnt.o)
 .text.tt_cmap2_get_info
                0x80043858       0x1c /opt/devkitpro/portlibs/ppc/lib/libfreetype.a(sfnt.o)
 .text.tt_cmap4_init
                0x80043874       0x2c /opt/devkitpro/portlibs/ppc/lib/libfreetype.a(sfnt.o)
 .text.tt_cmap4_set_range
                0x800438a0      0x120 /opt/devkitpro/portlibs/ppc/lib/libfreetype.a(sfnt.o)
 .text.tt_cmap4_next
                0x800439c0      0x1b0 /opt/devkitpro/portlibs/ppc/lib/libfreetype.a(sfnt.o)
 .text.tt_cmap4_char_map_linear
                0x80043b70      0x2b0 /opt/devkitpro/portlibs/ppc/lib/libfreetype.a(sfnt.o)
 .text.tt_cmap4_char_map_binary
                0x80043e20      0x670 /opt/devkitpro/portlibs/ppc/lib/libfreetype.a(sfnt.o)
 .text.tt_cmap4_char_index
                0x80044490       0x60 /opt/devkitpro/portlibs/ppc/lib/libfreetype.a(sfnt.o)
 .text.tt_cmap4_char_next
                0x800444f0       0x98 /opt/devkitpro/portlibs/ppc/lib/libfreetype.a(sfnt.o)
 .text.tt_cmap4_get_info
                0x80044588       0x1c /opt/devkitpro/portlibs/ppc/lib/libfreetype.a(sfnt.o)
 .text.tt_cmap6_char_index
                0x800445a4       0x30 /opt/devkitpro/portlibs/ppc/lib/libfreetype.a(sfnt.o)
 .text.tt_cmap6_char_next
                0x800445d4       0xa4 /opt/devkitpro/portlibs/ppc/lib/libfreetype.a(sfnt.o)
 .text.tt_cmap6_get_info
                0x80044678       0x1c /opt/devkitpro/portlibs/ppc/lib/libfreetype.a(sfnt.o)
 .text.tt_cmap8_char_index
                0x80044694       0x74 /opt/devkitpro/portlibs/ppc/lib/libfreetype.a(sfnt.o)
 .text.tt_cmap8_char_next
                0x80044708      0x100 /opt/devkitpro/portlibs/ppc/lib/libfreetype.a(sfnt.o)
 .text.tt_cmap8_get_info
                0x80044808       0x1c /opt/devkitpro/portlibs/ppc/lib/libfreetype.a(sfnt.o)
 .text.tt_cmap10_char_index
                0x80044824       0x3c /opt/devkitpro/portlibs/ppc/lib/libfreetype.a(sfnt.o)
 .text.tt_cmap10_char_next
                0x80044860       0x94 /opt/devkitpro/portlibs/ppc/lib/libfreetype.a(sfnt.o)
 .text.tt_cmap10_get_info
                0x800448f4       0x1c /opt/devkitpro/portlibs/ppc/lib/libfreetype.a(sfnt.o)
 .text.tt_cmap12_init
                0x80044910       0x20 /opt/devkitpro/portlibs/ppc/lib/libfreetype.a(sfnt.o)
 .text.tt_cmap12_next
                0x80044930       0xe8 /opt/devkitpro/portlibs/ppc/lib/libfreetype.a(sfnt.o)
 .text.tt_cmap12_char_map_binary
                0x80044a18      0x190 /opt/devkitpro/portlibs/ppc/lib/libfreetype.a(sfnt.o)
 .text.tt_cmap12_char_index
                0x80044ba8       0x2c /opt/devkitpro/portlibs/ppc/lib/libfreetype.a(sfnt.o)
 .text.tt_cmap12_get_info
                0x80044bd4       0x1c /opt/devkitpro/portlibs/ppc/lib/libfreetype.a(sfnt.o)
 .text.tt_cmap13_init
                0x80044bf0       0x20 /opt/devkitpro/portlibs/ppc/lib/libfreetype.a(sfnt.o)
 .text.tt_cmap13_next
                0x80044c10       0x8c /opt/devkitpro/portlibs/ppc/lib/libfreetype.a(sfnt.o)
 .text.tt_cmap13_char_map_binary
                0x80044c9c      0x158 /opt/devkitpro/portlibs/ppc/lib/libfreetype.a(sfnt.o)
 .text.tt_cmap13_char_index
                0x80044df4       0x2c /opt/devkitpro/portlibs/ppc/lib/libfreetype.a(sfnt.o)
 .text.tt_cmap13_get_info
                0x80044e20       0x1c /opt/devkitpro/portlibs/ppc/lib/libfreetype.a(sfnt.o)
 .text.tt_cmap14_init
                0x80044e3c       0x24 /opt/devkitpro/portlibs/ppc/lib/libfreetype.a(sfnt.o)
 .text.tt_cmap14_char_index
                0x80044e60        0x8 /opt/devkitpro/portlibs/ppc/lib/libfreetype.a(sfnt.o)
 .text.tt_cmap14_char_next
                0x80044e68       0x10 /opt/devkitpro/portlibs/ppc/lib/libfreetype.a(sfnt.o)
 .text.tt_cmap14_get_info
                0x80044e78       0x18 /opt/devkitpro/portlibs/ppc/lib/libfreetype.a(sfnt.o)
 .text.tt_cmap14_char_map_def_binary
                0x80044e90       0x74 /opt/devkitpro/portlibs/ppc/lib/libfreetype.a(sfnt.o)
 .text.tt_cmap14_char_map_nondef_binary
                0x80044f04       0x6c /opt/devkitpro/portlibs/ppc/lib/libfreetype.a(sfnt.o)
 .text.tt_cmap14_find_variant
                0x80044f70       0x6c /opt/devkitpro/portlibs/ppc/lib/libfreetype.a(sfnt.o)
 .text.tt_cmap14_char_var_index
                0x80044fdc       0xe8 /opt/devkitpro/portlibs/ppc/lib/libfreetype.a(sfnt.o)
 .text.tt_cmap14_char_var_isdefault
                0x800450c4       0xd4 /opt/devkitpro/portlibs/ppc/lib/libfreetype.a(sfnt.o)
 .text.tt_cmap_unicode_init
                0x80045198       0x3c /opt/devkitpro/portlibs/ppc/lib/libfreetype.a(sfnt.o)
 .text.tt_cmap_unicode_char_index
                0x800451d4       0x14 /opt/devkitpro/portlibs/ppc/lib/libfreetype.a(sfnt.o)
 .text.tt_cmap_unicode_char_next
                0x800451e8       0x14 /opt/devkitpro/portlibs/ppc/lib/libfreetype.a(sfnt.o)
 .text.tt_get_cmap_info
                0x800451fc       0x20 /opt/devkitpro/portlibs/ppc/lib/libfreetype.a(sfnt.o)
 .text.tt_face_get_colr_layer
                0x8004521c      0x15c /opt/devkitpro/portlibs/ppc/lib/libfreetype.a(sfnt.o)
 .text.get_child_table_pointer
                0x80045378       0x8c /opt/devkitpro/portlibs/ppc/lib/libfreetype.a(sfnt.o)
 .text.get_deltas_for_var_index_base
                0x80045404      0x12c /opt/devkitpro/portlibs/ppc/lib/libfreetype.a(sfnt.o)
 .text.tt_face_get_colr_glyph_paint
                0x80045530       0xe8 /opt/devkitpro/portlibs/ppc/lib/libfreetype.a(sfnt.o)
 .text.tt_face_get_paint_layers
                0x80045618       0xc0 /opt/devkitpro/portlibs/ppc/lib/libfreetype.a(sfnt.o)
 .text.tt_face_palette_set
                0x800456d8       0xd0 /opt/devkitpro/portlibs/ppc/lib/libfreetype.a(sfnt.o)
 .text.extract_svg_doc
                0x800457a8       0x1c /opt/devkitpro/portlibs/ppc/lib/libfreetype.a(sfnt.o)
 .text.tt_face_get_kerning
                0x800457c4      0x1b4 /opt/devkitpro/portlibs/ppc/lib/libfreetype.a(sfnt.o)
 .text.tt_sbit_decoder_load_metrics
                0x80045978       0xb4 /opt/devkitpro/portlibs/ppc/lib/libfreetype.a(sfnt.o)
 .text.tt_sbit_decoder_load_byte_aligned
                0x80045a2c      0x298 /opt/devkitpro/portlibs/ppc/lib/libfreetype.a(sfnt.o)
 .text.tt_sbit_decoder_load_bit_aligned
                0x80045cc4      0x2c0 /opt/devkitpro/portlibs/ppc/lib/libfreetype.a(sfnt.o)
 .text.sfnt_get_interface
                0x80045f84        0xc /opt/devkitpro/portlibs/ppc/lib/libfreetype.a(sfnt.o)
 .text.tt_face_load_kern