Archive member included to satisfy reference by file (symbol)

/opt/devkitpro/portlibs/gamecube/lib/libgrrlib.a(GRRLIB_core.o)
                              main.o (rmode)
/opt/devkitpro/portlibs/gamecube/lib/libgrrlib.a(GRRLIB_render.o)
                              engine.o (GRRLIB_Render)
/opt/devkitpro/portlibs/gamecube/lib/libgrrlib.a(GRRLIB_ttf.o)
                              /opt/devkitpro/portlibs/gamecube/lib/libgrrlib.a(GRRLIB_core.o) (GRRLIB_InitTTF)
/opt/devkitpro/portlibs/ppc/lib/libfreetype.a(ftinit.o)
                              /opt/devkitpro/portlibs/gamecube/lib/libgrrlib.a(GRRLIB_ttf.o) (FT_Init_FreeType)
/opt/devkitpro/portlibs/ppc/lib/libfreetype.a(ftbase.o)
                              /opt/devkitpro/portlibs/gamecube/lib/libgrrlib.a(GRRLIB_ttf.o) (FT_Done_Face)
/opt/devkitpro/portlibs/ppc/lib/libfreetype.a(truetype.o)
                              /opt/devkitpro/portlibs/ppc/lib/libfreetype.a(ftinit.o) (tt_driver_class)
/opt/devkitpro/portlibs/ppc/lib/libfreetype.a(type1.o)
                              /opt/devkitpro/portlibs/ppc/lib/libfreetype.a(ftinit.o) (t1_driver_class)
/opt/devkitpro/portlibs/ppc/lib/libfreetype.a(cff.o)
                              /opt/devkitpro/portlibs/ppc/lib/libfreetype.a(ftinit.o) (cff_driver_class)
/opt/devkitpro/portlibs/ppc/lib/libfreetype.a(type1cid.o)
                              /opt/devkitpro/portlibs/ppc/lib/libfreetype.a(ftinit.o) (t1cid_driver_class)
/opt/devkitpro/portlibs/ppc/lib/libfreetype.a(pfr.o)
                              /opt/devkitpro/portlibs/ppc/lib/libfreetype.a(ftinit.o) (pfr_driver_class)
/opt/devkitpro/portlibs/ppc/lib/libfreetype.a(type42.o)
                              /opt/devkitpro/portlibs/ppc/lib/libfreetype.a(ftinit.o) (t42_driver_class)
/opt/devkitpro/portlibs/ppc/lib/libfreetype.a(winfnt.o)
                              /opt/devkitpro/portlibs/ppc/lib/libfreetype.a(ftinit.o) (winfnt_driver_class)
/opt/devkitpro/portlibs/ppc/lib/libfreetype.a(pcf.o)
                              /opt/devkitpro/portlibs/ppc/lib/libfreetype.a(ftinit.o) (pcf_driver_class)
/opt/devkitpro/portlibs/ppc/lib/libfreetype.a(bdf.o)
                              /opt/devkitpro/portlibs/ppc/lib/libfreetype.a(ftinit.o) (bdf_driver_class)
/opt/devkitpro/portlibs/ppc/lib/libfreetype.a(sfnt.o)
                              /opt/devkitpro/portlibs/ppc/lib/libfreetype.a(ftinit.o) (sfnt_module_class)
/opt/devkitpro/portlibs/ppc/lib/libfreetype.a(autofit.o)
                              /opt/devkitpro/portlibs/ppc/lib/libfreetype.a(ftinit.o) (autofit_module_class)
/opt/devkitpro/portlibs/ppc/lib/libfreetype.a(pshinter.o)
                              /opt/devkitpro/portlibs/ppc/lib/libfreetype.a(ftinit.o) (pshinter_module_class)
/opt/devkitpro/portlibs/ppc/lib/libfreetype.a(smooth.o)
                              /opt/devkitpro/portlibs/ppc/lib/libfreetype.a(ftinit.o) (ft_smooth_renderer_class)
/opt/devkitpro/portlibs/ppc/lib/libfreetype.a(raster.o)
                              /opt/devkitpro/portlibs/ppc/lib/libfreetype.a(ftinit.o) (ft_raster1_renderer_class)
/opt/devkitpro/portlibs/ppc/lib/libfreetype.a(svg.o)
                              /opt/devkitpro/portlibs/ppc/lib/libfreetype.a(ftinit.o) (ft_svg_renderer_class)
/opt/devkitpro/portlibs/ppc/lib/libfreetype.a(sdf.o)
                              /opt/devkitpro/portlibs/ppc/lib/libfreetype.a(ftinit.o) (ft_bitmap_sdf_renderer_class)
/opt/devkitpro/portlibs/ppc/lib/libfreetype.a(ftgzip.o)
                              /opt/devkitpro/portlibs/ppc/lib/libfreetype.a(pcf.o) (FT_Stream_OpenGzip)
/opt/devkitpro/portlibs/ppc/lib/libfreetype.a(ftlzw.o)
                              /opt/devkitpro/portlibs/ppc/lib/libfreetype.a(pcf.o) (FT_Stream_OpenLZW)
/opt/devkitpro/portlibs/ppc/lib/libfreetype.a(ftbzip2.o)
                              /opt/devkitpro/portlibs/ppc/lib/libfreetype.a(pcf.o) (FT_Stream_OpenBzip2)
/opt/devkitpro/portlibs/ppc/lib/libfreetype.a(psaux.o)
                              /opt/devkitpro/portlibs/ppc/lib/libfreetype.a(ftinit.o) (psaux_module_class)
/opt/devkitpro/portlibs/ppc/lib/libfreetype.a(psnames.o)
                              /opt/devkitpro/portlibs/ppc/lib/libfreetype.a(ftinit.o) (psnames_module_class)
/opt/devkitpro/portlibs/ppc/lib/libfreetype.a(ftsystem.o)
                              /opt/devkitpro/portlibs/ppc/lib/libfreetype.a(ftbase.o) (FT_Stream_Open)
/opt/devkitpro/portlibs/ppc/lib/libfreetype.a(ftdebug.o)
                              /opt/devkitpro/portlibs/ppc/lib/libfreetype.a(smooth.o) (FT_Trace_Disable)
/opt/devkitpro/portlibs/ppc/lib/libfreetype.a(ftbitmap.o)
                              /opt/devkitpro/portlibs/ppc/lib/libfreetype.a(sfnt.o) (FT_Bitmap_Init)
/opt/devkitpro/portlibs/ppc/lib/libfreetype.a(ftmm.o)
                              /opt/devkitpro/portlibs/ppc/lib/libfreetype.a(truetype.o) (FT_Set_Named_Instance)
/opt/devkitpro/portlibs/ppc/lib/libbz2.a(bzlib.o)
[...]
Memory Configuration

Name             Origin             Length             Attributes
*default*        0x00000000         0xffffffff

Linker script and memory map

                0x80003100                        . = 0x80003100

.init           0x80003100      0x194
 *crt0.o(*.init)
 .init          0x80003100      0x170 /opt/devkitpro/libogc/lib/cube/libogc.a(ogc_crt0.o)
                0x80003100                _start
                0x80003240                _memset
 *(.init)
 .init          0x80003270        0xc /opt/devkitpro/devkitPPC/bin/../lib/gcc/powerpc-eabi/13.1.0/ecrti.o
                0x80003270                __init
 .init          0x8000327c        0x4 /opt/devkitpro/devkitPPC/bin/../lib/gcc/powerpc-eabi/13.1.0/crtbegin.o
 .init          0x80003280        0x4 /opt/devkitpro/devkitPPC/bin/../lib/gcc/powerpc-eabi/13.1.0/crtend.o
 .init          0x80003284       0x10 /opt/devkitpro/devkitPPC/bin/../lib/gcc/powerpc-eabi/13.1.0/ecrtn.o

.rela.dyn       0x80003294        0x0
 .rela.iplt     0x80003294        0x0 /opt/devkitpro/devkitPPC/bin/../lib/gcc/powerpc-eabi/13.1.0/crtbegin.o

.plt
 *(.plt)

.interp
 *(.interp)

.hash
 *(.hash)

.dynsym
 *(.dynsym)

.dynstr
 *(.dynstr)

.gnu.version
 *(.gnu.version)

.gnu.version_d
 *(.gnu.version_d)

.gnu.version_r
 *(.gnu.version_r)

.rel.init
 *(.rel.init)

.rela.init
 *(.rela.init)

.rel.text
 *(.rel.text .rel.text.* .rel.gnu.linkonce.t.*)

.rela.text      0x80003294        0x0
 *(.rela.text .rela.text.* .rela.gnu.linkonce.t.*)
 .rela.text.__do_global_dtors_aux
                0x80003294        0x0 /opt/devkitpro/devkitPPC/bin/../lib/gcc/powerpc-eabi/13.1.0/crtbegin.o
 .rela.text.frame_dummy
                0x80003294        0x0 /opt/devkitpro/devkitPPC/bin/../lib/gcc/powerpc-eabi/13.1.0/crtbegin.o
 .rela.text.unlikely.abort
                0x80003294        0x0 /opt/devkitpro/devkitPPC/bin/../lib/gcc/powerpc-eabi/13.1.0/crtbegin.o
 .rela.text.__assert_func
                0x80003294        0x0 /opt/devkitpro/devkitPPC/bin/../lib/gcc/powerpc-eabi/13.1.0/crtbegin.o

.rel.fini
 *(.rel.fini)

.rela.fini
 *(.rela.fini)

.rel.rodata
 *(.rel.rodata .rel.rodata.* .rel.gnu.linkonce.r.*)

.rela.rodata
 *(.rela.rodata .rela.rodata.* .rela.gnu.linkonce.r.*)

.rel.data
 *(.rel.data .rel.data.* .rel.gnu.linkonce.d.*)

.rela.data
 *(.rela.data .rela.data.* .rela.gnu.linkonce.d.*)

.rel.tdata
 *(.rel.tdata .rel.tdata.* .rel.gnu.linkonce.td.*)

.rela.tdata
 *(.rela.tdata .rela.tdata.* .rela.gnu.linkonce.td.*)

.rel.tbss
 *(.rel.tbss .rel.tbss.* .rel.gnu.linkonce.tb.*)

.rela.tbss
 *(.rela.tbss .rela.tbss.* .rela.gnu.linkonce.tb.*)

.rel.ctors
 *(.rel.ctors)

.rela.ctors
 *(.rela.ctors)

.rel.dtors
 *(.rel.dtors)

.rela.dtors
 *(.rela.dtors)

.rel.got
 *(.rel.got)

.rela.got
 *(.rela.got)

.rela.got1
 *(.rela.got1)

.rela.got2
 *(.rela.got2)

.rel.sdata
 *(.rel.sdata .rel.sdata.* .rel.gnu.linkonce.s.*)

.rela.sdata
 *(.rela.sdata .rela.sdata.* .rela.gnu.linkonce.s.*)

.rel.sbss
 *(.rel.sbss .rel.sbss.* .rel.gnu.linkonce.sb.*)

.rela.sbss
 *(.rela.sbss .rela.sbss.* .rel.gnu.linkonce.sb.*)

.rel.sdata2
 *(.rel.sdata2 .rel.sdata2.* .rel.gnu.linkonce.s2.*)

.rela.sdata2
 *(.rela.sdata2 .rela.sdata2.* .rela.gnu.linkonce.s2.*)

.rel.sbss2
 *(.rel.sbss2 .rel.sbss2.* .rel.gnu.linkonce.sb2.*)

.rela.sbss2
 *(.rela.sbss2 .rela.sbss2.* .rela.gnu.linkonce.sb2.*)

.rel.bss
 *(.rel.bss .rel.bss.* .rel.gnu.linkonce.b.*)

.rela.bss
 *(.rela.bss .rela.bss.* .rela.gnu.linkonce.b.*)

.rel.plt
 *(.rel.plt)

.rela.plt
 *(.rela.plt)

.text           0x800032a0    0xc50e0
 *(.text)
 .text          0x800032a0      0x4f4 /opt/devkitpro/libogc/lib/cube/libogc.a(cache_asm.o)
                0x800032a0                DCFlashInvalidate
                0x800032b4                DCEnable
                0x800032c8                DCDisable
                0x800032dc                DCFreeze
                0x800032f0                DCUnfreeze
                0x80003304                DCTouchLoad
                0x8000330c                DCBlockZero
                0x80003314                DCBlockStore
                0x8000331c                DCBlockFlush
                0x80003324                DCBlockInvalidate
                0x8000332c                DCInvalidateRange
                0x8000335c                DCFlushRange
                0x80003390                DCStoreRange
                0x800033c4                DCFlushRangeNoSync
                0x800033f4                DCStoreRangeNoSync
                0x80003424                DCZeroRange
                0x80003454                DCTouchRange
                0x80003484                ICInvalidateRange
                0x800034bc                ICFlashInvalidate
                0x800034d0                ICEnable
                0x800034e4                ICDisable
                0x800034f8                ICFreeze
                0x8000350c                ICUnfreeze
                0x80003520                ICBlockInvalidate
                0x80003528                ICSync
                0x80003530                L2Init
                0x80003578                L2Enable
                0x80003594                L2Disable
                0x800035ac                L2GlobalInvalidate
                0x80003604                __LCEnable
                0x800036d0                LCDisable
                0x800036f8                LCAllocOneTag
                0x8000370c                LCAllocTags
                0x8000374c                LCLoadBlocks
                0x80003770                LCStoreBlocks
 .text          0x80003794      0x434 /opt/devkitpro/libogc/lib/cube/libogc.a(system_asm.o)
                0x80003794                __realmode
                0x800037ac                __configBATS
                0x80003880                __InitFPRS
                0x800039ac                __InitPS
                0x80003a08                __InitCache
                0x80003a60                __InitSystem
                0x80003ad8                __flush_cache
                0x80003b0c                __reset
                0x80003b7c                __InitBATS
                0x80003b98                SYS_SwitchFiber
 .text          0x80003bc8      0x8dc /opt/devkitpro/libogc/lib/cube/libogc.a(gu_psasm.o)
                0x80003bc8                ps_guMtxConcat
                0x80003c8c                ps_guMtxIdentity
                0x80003cb8                ps_guMtxCopy
                0x80003cec                ps_guMtxTranspose
                0x80003d3c                ps_guMtxInverse
                0x80003e34                ps_guMtxInvXpose
                0x80003efc                ps_guMtxScale
                0x80003f24                ps_guMtxScaleApply
                0x80003f7c                ps_guMtxApplyScale
                0x80003fe0                ps_guMtxTrans
                0x80004014                ps_guMtxTransApply
                0x80004060                ps_guMtxApplyTrans
                0x800040dc                ps_guMtxRotTrig
                0x8000418c                __ps_guMtxRotAxisRadInternal
                0x8000424c                ps_guMtxReflect
                0x800042bc                ps_guVecAdd
                0x800042e0                ps_guVecSub
                0x80004304                ps_guVecScale
                0x80004320                ps_guVecNormalize
                0x80004364                ps_guVecCross
                0x800043a0                ps_guVecDotProduct
                0x800043c0                ps_guVecMultiply
                0x80004414                ps_guVecMultiplySR
                0x80004484                ps_guQuatDotProduct
 *fill*         0x800044a4       0x1c 00000000
 .text          0x800044c0      0x44c /opt/devkitpro/libogc/lib/cube/libogc.a(lwp_handler.o)
                0x800044c0                _cpu_context_save_fp
                0x80004600                _cpu_context_restore_fp
                0x80004740                _cpu_context_switch
                0x80004820                _cpu_context_save
                0x800048a0                _cpu_context_restore
 .text          0x8000490c      0x1ac /opt/devkitpro/libogc/lib/cube/libogc.a(irq_handler.o)
                0x8000490c                irq_exceptionhandler
 .text          0x80004ab8      0x1ac /opt/devkitpro/libogc/lib/cube/libogc.a(decrementer_handler.o)
                0x80004ab8                dec_exceptionhandler
 .text          0x80004c64      0x35c /opt/devkitpro/libogc/lib/cube/libogc.a(exception_handler.o)
                0x80004c64                exceptionhandler_start
                0x80004ce0                exceptionhandler_patch
                0x80004d14                exceptionhandler_end
                0x80004d18                default_exceptionhandler
                0x80004e48                fpu_exceptionhandler
                0x80004f90                systemcallhandler_start
                0x80004fbc                systemcallhandler_end
 .text          0x80004fc0       0x48 /opt/devkitpro/devkitPPC/bin/../lib/gcc/powerpc-eabi/13.1.0/libgcc.a(eabi.o)
                0x80004fc0                __eabi
 .text          0x80005008       0x58 /opt/devkitpro/devkitPPC/bin/../lib/gcc/powerpc-eabi/13.1.0/libgcc.a(crtresxgpr.o)
                0x80005008                _restgpr_14_x
                0x8000500c                _restgpr_15_x
                0x80005010                _restgpr_16_x
                0x80005014                _restgpr_17_x
                0x80005018                _restgpr_18_x
                0x8000501c                _restgpr_19_x
                0x80005020                _restgpr_20_x
                0x80005024                _restgpr_21_x
                0x80005028                _restgpr_22_x
                0x8000502c                _restgpr_23_x
                0x80005030                _restgpr_24_x
                0x80005034                _restgpr_25_x
                0x80005038                _restgpr_26_x
                0x8000503c                _restgpr_27_x
                0x80005040                _restgpr_28_x
                0x80005044                _restgpr_29_x
                0x80005048                _restgpr_30_x
                0x8000504c                _restgpr_31_x
 .text          0x80005060      0x180 /opt/devkitpro/devkitPPC/bin/../lib/gcc/powerpc-eabi/13.1.0/../../../../powerpc-eabi/lib/libc.a(libc_a-setjmp.o)
                0x80005060                setjmp
                0x8000511c                longjmp
 .text          0x800051e0       0x58 /opt/devkitpro/devkitPPC/bin/../lib/gcc/powerpc-eabi/13.1.0/libgcc.a(crtresxfpr.o)
                0x800051e0                _restfpr_14_x
                0x800051e4                _restfpr_15_x
                0x800051e8                _restfpr_16_x
                0x800051ec                _restfpr_17_x
                0x800051f0                _restfpr_18_x
                0x800051f4                _restfpr_19_x
                0x800051f8                _restfpr_20_x
                0x800051fc                _restfpr_21_x
                0x80005200                _restfpr_22_x
                0x80005204                _restfpr_23_x
                0x80005208                _restfpr_24_x
                0x8000520c                _restfpr_25_x
                0x80005210                _restfpr_26_x
                0x80005214                _restfpr_27_x
                0x80005218                _restfpr_28_x
                0x8000521c                _restfpr_29_x
                0x80005220                _restfpr_30_x
                0x80005224                _restfpr_31_x
 *(.text.*)
 .text.__do_global_dtors_aux
                0x80005238       0xcc /opt/devkitpro/devkitPPC/bin/../lib/gcc/powerpc-eabi/13.1.0/crtbegin.o
 .text.frame_dummy
                0x80005304       0x24 /opt/devkitpro/devkitPPC/bin/../lib/gcc/powerpc-eabi/13.1.0/crtbegin.o
 .text.__crtmain
                0x80005328       0x44 /opt/devkitpro/devkitPPC/bin/../lib/gcc/powerpc-eabi/13.1.0/../../../../powerpc-eabi/lib/crtmain.o
                0x8000532c                __crtmain
 .text.startup.main
                0x8000536c      0x20c main.o
                0x8000536c                main
 .text._ZN4RMGE4initEv
                0x80005578       0x24 engine.o
                0x80005578                _ZN4RMGE4initEv
 .text._ZN4RMGE9InputScanEi
                0x8000559c       0xfc engine.o
                0x8000559c                _ZN4RMGE9InputScanEi
 .text._ZN4RMGE6RenderEv
                0x80005698        0x4 engine.o
                0x80005698                _ZN4RMGE6RenderEv
 .text._ZN4RMGEC2Ev
                0x8000569c        0x4 engine.o
                0x8000569c                _ZN4RMGEC1Ev
                0x8000569c                _ZN4RMGEC2Ev
 .text._ZN3NGC4initEv
                0x800056a0       0x28 init.o
                0x800056a0                _ZN3NGC4initEv
 .text.GRRLIB_FillScreen
                0x800056c8      0x10c /opt/devkitpro/portlibs/gamecube/lib/libgrrlib.a(GRRLIB_core.o)
                0x800056c8                GRRLIB_FillScreen
 .text.GRRLIB_Exit
                0x800057d4       0xfc /opt/devkitpro/portlibs/gamecube/lib/libgrrlib.a(GRRLIB_core.o)
                0x800057d4                GRRLIB_Exit
 .text.GRRLIB_Init
                0x800058d0      0x500 /opt/devkitpro/portlibs/gamecube/lib/libgrrlib.a(GRRLIB_core.o)
                0x800058d0                GRRLIB_Init
 .text.GRRLIB_Render
                0x80005dd0       0xbc /opt/devkitpro/portlibs/gamecube/lib/libgrrlib.a(GRRLIB_render.o)
                0x80005dd0                GRRLIB_Render
 .text.GRRLIB_InitTTF
                0x80005e8c       0x30 /opt/devkitpro/portlibs/gamecube/lib/libgrrlib.a(GRRLIB_ttf.o)
                0x80005e8c                GRRLIB_InitTTF
 .text.GRRLIB_ExitTTF
                0x80005ebc        0xc /opt/devkitpro/portlibs/gamecube/lib/libgrrlib.a(GRRLIB_ttf.o)
                0x80005ebc                GRRLIB_ExitTTF
 .text.FT_Set_Default_Properties
                0x80005ec8      0x1d4 /opt/devkitpro/portlibs/ppc/lib/libfreetype.a(ftinit.o)
                0x80005ec8                FT_Set_Default_Properties
 .text.FT_Init_FreeType
                0x8000609c       0xc0 /opt/devkitpro/portlibs/ppc/lib/libfreetype.a(ftinit.o)
                0x8000609c                FT_Init_FreeType
 .text.FT_Done_FreeType
                0x8000615c       0x48 /opt/devkitpro/portlibs/ppc/lib/libfreetype.a(ftinit.o)
                0x8000615c                FT_Done_FreeType
 .text.FT_GlyphLoader_Adjust_Points
                0x800061a4       0x80 /opt/devkitpro/portlibs/ppc/lib/libfreetype.a(ftbase.o)
 .text.hash_str_lookup
                0x80006224       0x48 /opt/devkitpro/portlibs/ppc/lib/libfreetype.a(ftbase.o)
 .text.hash_num_lookup
                0x8000626c       0x3c /opt/devkitpro/portlibs/ppc/lib/libfreetype.a(ftbase.o)
 .text.hash_num_compare
                0x800062a8       0x18 /opt/devkitpro/portlibs/ppc/lib/libfreetype.a(ftbase.o)
 .text.hash_bucket
                0x800062c0       0xc0 /opt/devkitpro/portlibs/ppc/lib/libfreetype.a(ftbase.o)
 .text.destroy_size
                0x80006380       0xa8 /opt/devkitpro/portlibs/ppc/lib/libfreetype.a(ftbase.o)
 .text.find_unicode_charmap
                0x80006428      0x10c /opt/devkitpro/portlibs/ppc/lib/libfreetype.a(ftbase.o)
 .text.memory_stream_close
                0x80006534       0x70 /opt/devkitpro/portlibs/ppc/lib/libfreetype.a(ftbase.o)
 .text.ft_raccess_sort_ref_by_id
                0x800065a4       0x10 /opt/devkitpro/portlibs/ppc/lib/libfreetype.a(ftbase.o)
 .text.ft_trig_pseudo_polarize
                0x800065b4      0x108 /opt/devkitpro/portlibs/ppc/lib/libfreetype.a(ftbase.o)
 .text.hash_str_compare
                0x800066bc       0x50 /opt/devkitpro/portlibs/ppc/lib/libfreetype.a(ftbase.o)
 .text.ft_property_do
                0x8000670c      0x1d4 /opt/devkitpro/portlibs/ppc/lib/libfreetype.a(ftbase.o)
 .text.FT_Outline_Get_CBox.part.0
                0x800068e0       0xe8 /opt/devkitpro/portlibs/ppc/lib/libfreetype.a(ftbase.o)
 .text.ft_recompute_scaled_metrics.isra.0
                0x800069c8       0xec /opt/devkitpro/portlibs/ppc/lib/libfreetype.a(ftbase.o)
 .text.destroy_charmaps.part.0
                0x80006ab4       0xf0 /opt/devkitpro/portlibs/ppc/lib/libfreetype.a(ftbase.o)
 .text.raccess_guess_darwin_hfsplus
                0x80006ba4       0xdc /opt/devkitpro/portlibs/ppc/lib/libfreetype.a(ftbase.o)
 .text.raccess_guess_darwin_newvfs
                0x80006c80       0xf4 /opt/devkitpro/portlibs/ppc/lib/libfreetype.a(ftbase.o)
 .text.raccess_make_file_name
                0x80006d74      0x10c /opt/devkitpro/portlibs/ppc/lib/libfreetype.a(ftbase.o)
 .text.raccess_guess_linux_cap
                0x80006e80       0x7c /opt/devkitpro/portlibs/ppc/lib/libfreetype.a(ftbase.o)
 .text.raccess_guess_vfat
                0x80006efc       0x7c /opt/devkitpro/portlibs/ppc/lib/libfreetype.a(ftbase.o)
 .text.FT_RoundFix
                0x80006f78       0x18 /opt/devkitpro/portlibs/ppc/lib/libfreetype.a(ftbase.o)
                0x80006f78                FT_RoundFix
 .text.FT_MulDiv
                0x80006f90       0xe8 /opt/devkitpro/portlibs/ppc/lib/libfreetype.a(ftbase.o)
                0x80006f90                FT_MulDiv
 .text.FT_MulDiv_No_Round
                0x80007078       0xd4 /opt/devkitpro/portlibs/ppc/lib/libfreetype.a(ftbase.o)
                0x80007078                FT_MulDiv_No_Round
 .text.FT_MulFix
                0x8000714c       0x34 /opt/devkitpro/portlibs/ppc/lib/libfreetype.a(ftbase.o)
                0x8000714c                FT_MulFix
 .text.FT_DivFix
                0x80007180      0x114 /opt/devkitpro/portlibs/ppc/lib/libfreetype.a(ftbase.o)
                0x80007180                FT_DivFix
 .text.FT_Matrix_Multiply
                0x80007294      0x1b0 /opt/devkitpro/portlibs/ppc/lib/libfreetype.a(ftbase.o)
                0x80007294                FT_Matrix_Multiply
 .text.FT_Matrix_Invert
                0x80007444      0x51c /opt/devkitpro/portlibs/ppc/lib/libfreetype.a(ftbase.o)
                0x80007444                FT_Matrix_Invert
 .text.FT_Matrix_Multiply_Scaled
                0x80007960      0x184 /opt/devkitpro/portlibs/ppc/lib/libfreetype.a(ftbase.o)
                0x80007960                FT_Matrix_Multiply_Scaled
 .text.FT_Matrix_Check
                0x80007ae4       0xd4 /opt/devkitpro/portlibs/ppc/lib/libfreetype.a(ftbase.o)
                0x80007ae4                FT_Matrix_Check
 .text.FT_Vector_Transform_Scaled
                0x80007bb8       0xe4 /opt/devkitpro/portlibs/ppc/lib/libfreetype.a(ftbase.o)
                0x80007bb8                FT_Vector_Transform_Scaled
 .text.FT_Vector_NormLen
                0x80007c9c      0x26c /opt/devkitpro/portlibs/ppc/lib/libfreetype.a(ftbase.o)
                0x80007c9c                FT_Vector_NormLen
 .text.ft_corner_orientation
                0x80007f08       0x34 /opt/devkitpro/portlibs/ppc/lib/libfreetype.a(ftbase.o)
                0x80007f08                ft_corner_orientation
 .text.ft_corner_is_flat
                0x80007f3c      0x138 /opt/devkitpro/portlibs/ppc/lib/libfreetype.a(ftbase.o)
                0x80007f3c                ft_corner_is_flat
 .text.FT_MulAddFix
                0x80008074       0x5c /opt/devkitpro/portlibs/ppc/lib/libfreetype.a(ftbase.o)
                0x80008074                FT_MulAddFix
 .text.FT_GlyphLoader_Rewind
                0x800080d0       0x40 /opt/devkitpro/portlibs/ppc/lib/libfreetype.a(ftbase.o)
                0x800080d0                FT_GlyphLoader_Rewind
 .text.FT_GlyphLoader_Reset
                0x80008110      0x114 /opt/devkitpro/portlibs/ppc/lib/libfreetype.a(ftbase.o)
                0x80008110                FT_GlyphLoader_Reset
 .text.FT_GlyphLoader_Done
                0x80008224       0x58 /opt/devkitpro/portlibs/ppc/lib/libfreetype.a(ftbase.o)
                0x80008224                FT_GlyphLoader_Done
 .text.FT_GlyphLoader_Prepare
                0x8000827c       0xa8 /opt/devkitpro/portlibs/ppc/lib/libfreetype.a(ftbase.o)
                0x8000827c                FT_GlyphLoader_Prepare
 .text.FT_GlyphLoader_Add
                0x80008324       0xf4 /opt/devkitpro/portlibs/ppc/lib/libfreetype.a(ftbase.o)
                0x80008324                FT_GlyphLoader_Add
 .text.ft_hash_str_init
                0x80008418       0xb0 /opt/devkitpro/portlibs/ppc/lib/libfreetype.a(ftbase.o)
                0x80008418                ft_hash_str_init
 .text.ft_hash_num_init
                0x800084c8       0xb0 /opt/devkitpro/portlibs/ppc/lib/libfreetype.a(ftbase.o)
                0x800084c8                ft_hash_num_init
 .text.ft_hash_str_free
                0x80008578       0xb4 /opt/devkitpro/portlibs/ppc/lib/libfreetype.a(ftbase.o)
                0x80008578                ft_hash_str_free
 .text.ft_hash_str_lookup
                0x8000862c       0x3c /opt/devkitpro/portlibs/ppc/lib/libfreetype.a(ftbase.o)
                0x8000862c                ft_hash_str_lookup
 .text.ft_hash_num_lookup
                0x80008668       0x3c /opt/devkitpro/portlibs/ppc/lib/libfreetype.a(ftbase.o)
                0x80008668                ft_hash_num_lookup
 .text.ft_lcd_padding
                0x800086a4      0x294 /opt/devkitpro/portlibs/ppc/lib/libfreetype.a(ftbase.o)
                0x800086a4                ft_lcd_padding
 .text.ft_service_list_lookup
                0x80008938       0xb4 /opt/devkitpro/portlibs/ppc/lib/libfreetype.a(ftbase.o)
                0x80008938                ft_service_list_lookup
 .text.ft_validator_init
                0x800089ec       0x18 /opt/devkitpro/portlibs/ppc/lib/libfreetype.a(ftbase.o)
                0x800089ec                ft_validator_init
 .text.ft_validator_error
                0x80008a04       0x18 /opt/devkitpro/portlibs/ppc/lib/libfreetype.a(ftbase.o)
                0x80008a04                ft_validator_error
 .text.FT_Stream_New
                0x80008a1c      0x1e0 /opt/devkitpro/portlibs/ppc/lib/libfreetype.a(ftbase.o)
                0x80008a1c                FT_Stream_New
 .text.FT_Stream_Free
                0x80008bfc       0x84 /opt/devkitpro/portlibs/ppc/lib/libfreetype.a(ftbase.o)
                0x80008bfc                FT_Stream_Free
 .text.ft_glyphslot_free_bitmap
                0x80008c80       0x8c /opt/devkitpro/portlibs/ppc/lib/libfreetype.a(ftbase.o)
                0x80008c80                ft_glyphslot_free_bitmap
 .text.ft_glyphslot_done
                0x80008d0c      0x180 /opt/devkitpro/portlibs/ppc/lib/libfreetype.a(ftbase.o)
 .text.ft_glyphslot_preset_bitmap
                0x80008e8c      0x3c4 /opt/devkitpro/portlibs/ppc/lib/libfreetype.a(ftbase.o)
                0x80008e8c                ft_glyphslot_preset_bitmap
 .text.ft_glyphslot_set_bitmap
                0x80009250       0x80 /opt/devkitpro/portlibs/ppc/lib/libfreetype.a(ftbase.o)
                0x80009250                ft_glyphslot_set_bitmap
 .text.FT_Done_GlyphSlot
                0x800092d0       0xcc /opt/devkitpro/portlibs/ppc/lib/libfreetype.a(ftbase.o)
                0x800092d0                FT_Done_GlyphSlot
 .text.destroy_face
                0x8000939c      0x1a4 /opt/devkitpro/portlibs/ppc/lib/libfreetype.a(ftbase.o)
 .text.FT_Done_Face
                0x80009540       0xfc /opt/devkitpro/portlibs/ppc/lib/libfreetype.a(ftbase.o)
                0x80009540                FT_Done_Face
 .text.FT_Done_Size
                0x8000963c      0x14c /opt/devkitpro/portlibs/ppc/lib/libfreetype.a(ftbase.o)
                0x8000963c                FT_Done_Size
 .text.FT_Match_Size
                0x80009788      0x17c /opt/devkitpro/portlibs/ppc/lib/libfreetype.a(ftbase.o)
                0x80009788                FT_Match_Size
 .text.ft_synthesize_vertical_metrics
                0x80009904       0x7c /opt/devkitpro/portlibs/ppc/lib/libfreetype.a(ftbase.o)
                0x80009904                ft_synthesize_vertical_metrics
 .text.FT_Select_Metrics
                0x80009980      0x220 /opt/devkitpro/portlibs/ppc/lib/libfreetype.a(ftbase.o)
                0x80009980                FT_Select_Metrics
 .text.FT_Request_Metrics
                0x80009ba0      0x630 /opt/devkitpro/portlibs/ppc/lib/libfreetype.a(ftbase.o)
                0x80009ba0                FT_Request_Metrics
 .text.FT_Select_Size
                0x8000a1d0       0x7c /opt/devkitpro/portlibs/ppc/lib/libfreetype.a(ftbase.o)
                0x8000a1d0                FT_Select_Size
 .text.FT_Request_Size
                0x8000a24c      0x104 /opt/devkitpro/portlibs/ppc/lib/libfreetype.a(ftbase.o)
                0x8000a24c                FT_Request_Size
 .text.FT_Select_Charmap
                0x8000a350       0xf4 /opt/devkitpro/portlibs/ppc/lib/libfreetype.a(ftbase.o)
                0x8000a350                FT_Select_Charmap
 .text.FT_Get_Char_Index
                0x8000a444       0x58 /opt/devkitpro/portlibs/ppc/lib/libfreetype.a(ftbase.o)
                0x8000a444                FT_Get_Char_Index
 .text.FT_Get_Next_Char
                0x8000a49c       0xcc /opt/devkitpro/portlibs/ppc/lib/libfreetype.a(ftbase.o)
                0x8000a49c                FT_Get_Next_Char
 .text.FT_Get_Glyph_Name
                0x8000a568      0x150 /opt/devkitpro/portlibs/ppc/lib/libfreetype.a(ftbase.o)
                0x8000a568                FT_Get_Glyph_Name
 .text.FT_Activate_Size
                0x8000a6b8       0x3c /opt/devkitpro/portlibs/ppc/lib/libfreetype.a(ftbase.o)
                0x8000a6b8                FT_Activate_Size
 .text.FT_Get_Module
                0x8000a6f4       0xd4 /opt/devkitpro/portlibs/ppc/lib/libfreetype.a(ftbase.o)
                0x8000a6f4                FT_Get_Module
 .text.FT_Get_Module_Interface
                0x8000a7c8       0x30 /opt/devkitpro/portlibs/ppc/lib/libfreetype.a(ftbase.o)
                0x8000a7c8                FT_Get_Module_Interface
 .text.ft_module_get_service
                0x8000a7f8      0x15c /opt/devkitpro/portlibs/ppc/lib/libfreetype.a(ftbase.o)
                0x8000a7f8                ft_module_get_service
 .text.FT_Remove_Module
                0x8000a954      0x34c /opt/devkitpro/portlibs/ppc/lib/libfreetype.a(ftbase.o)
                0x8000a954                FT_Remove_Module
 .text.ft_property_string_set
                0x8000aca0        0xc /opt/devkitpro/portlibs/ppc/lib/libfreetype.a(ftbase.o)
                0x8000aca0                ft_property_string_set
 .text.FT_New_Library
                0x8000acac       0xdc /opt/devkitpro/portlibs/ppc/lib/libfreetype.a(ftbase.o)
                0x8000acac                FT_New_Library
 .text.FT_Done_Library
                0x8000ad88      0x1b4 /opt/devkitpro/portlibs/ppc/lib/libfreetype.a(ftbase.o)
                0x8000ad88                FT_Done_Library
 .text.FT_Outline_Decompose
                0x8000af3c      0x494 /opt/devkitpro/portlibs/ppc/lib/libfreetype.a(ftbase.o)
                0x8000af3c                FT_Outline_Decompose
 .text.FT_Outline_Check
                0x8000b3d0       0xdc /opt/devkitpro/portlibs/ppc/lib/libfreetype.a(ftbase.o)
                0x8000b3d0                FT_Outline_Check
 .text.FT_Outline_Get_CBox
                0x8000b4ac       0x14 /opt/devkitpro/portlibs/ppc/lib/libfreetype.a(ftbase.o)
                0x8000b4ac                FT_Outline_Get_CBox
 .text.FT_Outline_Translate
                0x8000b4c0       0x94 /opt/devkitpro/portlibs/ppc/lib/libfreetype.a(ftbase.o)
                0x8000b4c0                FT_Outline_Translate
 .text.FT_Vector_Transform
                0x8000b554       0xf0 /opt/devkitpro/portlibs/ppc/lib/libfreetype.a(ftbase.o)
                0x8000b554                FT_Vector_Transform
 .text.FT_Outline_Transform
                0x8000b644      0x150 /opt/devkitpro/portlibs/ppc/lib/libfreetype.a(ftbase.o)
                0x8000b644                FT_Outline_Transform
 .text.FT_Outline_Get_Orientation
                0x8000b794      0x1ec /opt/devkitpro/portlibs/ppc/lib/libfreetype.a(ftbase.o)
                0x8000b794                FT_Outline_Get_Orientation
 .text.FT_Outline_EmboldenXY
                0x8000b980      0x6cc /opt/devkitpro/portlibs/ppc/lib/libfreetype.a(ftbase.o)
                0x8000b980                FT_Outline_EmboldenXY
 .text.ps_property_set
                0x8000c04c      0x294 /opt/devkitpro/portlibs/ppc/lib/libfreetype.a(ftbase.o)
                0x8000c04c                ps_property_set
 .text.ps_property_get
                0x8000c2e0       0xe8 /opt/devkitpro/portlibs/ppc/lib/libfreetype.a(ftbase.o)
                0x8000c2e0                ps_property_get
 .text.FT_Raccess_Guess
                0x8000c3c8      0x180 /opt/devkitpro/portlibs/ppc/lib/libfreetype.a(ftbase.o)
                0x8000c3c8                FT_Raccess_Guess
 .text.FT_Stream_OpenMemory
                0x8000c548       0x20 /opt/devkitpro/portlibs/ppc/lib/libfreetype.a(ftbase.o)
                0x8000c548                FT_Stream_OpenMemory
 .text.FT_Stream_Close
                0x8000c568       0x1c /opt/devkitpro/portlibs/ppc/lib/libfreetype.a(ftbase.o)
                0x8000c568                FT_Stream_Close
 .text.FT_Stream_Seek
                0x8000c584       0x80 /opt/devkitpro/portlibs/ppc/lib/libfreetype.a(ftbase.o)
                0x8000c584                FT_Stream_Seek
 .text.FT_Stream_Skip
                0x8000c604       0x98 /opt/devkitpro/portlibs/ppc/lib/libfreetype.a(ftbase.o)
                0x8000c604                FT_Stream_Skip
 .text.FT_Stream_Pos
                0x8000c69c        0x8 /opt/devkitpro/portlibs/ppc/lib/libfreetype.a(ftbase.o)
                0x8000c69c                FT_Stream_Pos
 .text.FT_Stream_Read
                0x8000c6a4       0xec /opt/devkitpro/portlibs/ppc/lib/libfreetype.a(ftbase.o)
                0x8000c6a4                FT_Stream_Read
 .text.FT_Stream_ReadAt
                0x8000c790      0x108 /opt/devkitpro/portlibs/ppc/lib/libfreetype.a(ftbase.o)
                0x8000c790                FT_Stream_ReadAt
 .text.FT_Stream_TryRead
                0x8000c898       0xc8 /opt/devkitpro/portlibs/ppc/lib/libfreetype.a(ftbase.o)
                0x8000c898                FT_Stream_TryRead
 .text.FT_Stream_ReleaseFrame
                0x8000c960       0x60 /opt/devkitpro/portlibs/ppc/lib/libfreetype.a(ftbase.o)
                0x8000c960                FT_Stream_ReleaseFrame
 .text.FT_Stream_EnterFrame
                0x8000c9c0      0x1d8 /opt/devkitpro/portlibs/ppc/lib/libfreetype.a(ftbase.o)
                0x8000c9c0                FT_Stream_EnterFrame
 .text.FT_Stream_ExtractFrame
                0x8000cb98       0x50 /opt/devkitpro/portlibs/ppc/lib/libfreetype.a(ftbase.o)
                0x8000cb98                FT_Stream_ExtractFrame
 .text.FT_Stream_ExitFrame
                0x8000cbe8       0x64 /opt/devkitpro/portlibs/ppc/lib/libfreetype.a(ftbase.o)
                0x8000cbe8                FT_Stream_ExitFrame
 .text.FT_Stream_GetByte
                0x8000cc4c       0x30 /opt/devkitpro/portlibs/ppc/lib/libfreetype.a(ftbase.o)
                0x8000cc4c                FT_Stream_GetByte
 .text.FT_Stream_GetUShort
                0x8000cc7c       0x38 /opt/devkitpro/portlibs/ppc/lib/libfreetype.a(ftbase.o)
                0x8000cc7c                FT_Stream_GetUShort
 .text.FT_Stream_GetUShortLE
                0x8000ccb4       0x38 /opt/devkitpro/portlibs/ppc/lib/libfreetype.a(ftbase.o)
                0x8000ccb4                FT_Stream_GetUShortLE
 .text.FT_Stream_GetULong
                0x8000ccec       0x2c /opt/devkitpro/portlibs/ppc/lib/libfreetype.a(ftbase.o)
                0x8000ccec                FT_Stream_GetULong
 .text.FT_Stream_GetULongLE
                0x8000cd18       0x2c /opt/devkitpro/portlibs/ppc/lib/libfreetype.a(ftbase.o)
                0x8000cd18                FT_Stream_GetULongLE
 .text.FT_Stream_ReadByte
                0x8000cd44       0xd0 /opt/devkitpro/portlibs/ppc/lib/libfreetype.a(ftbase.o)
                0x8000cd44                FT_Stream_ReadByte
 .text.FT_Stream_ReadUShort
                0x8000ce14       0xc8 /opt/devkitpro/portlibs/ppc/lib/libfreetype.a(ftbase.o)
                0x8000ce14                FT_Stream_ReadUShort
 .text.FT_Raccess_Get_HeaderInfo
                0x8000cedc      0x3b4 /opt/devkitpro/portlibs/ppc/lib/libfreetype.a(ftbase.o)
                0x8000cedc                FT_Raccess_Get_HeaderInfo
 .text.FT_Stream_ReadUShortLE
                0x8000d290       0xc8 /opt/devkitpro/portlibs/ppc/lib/libfreetype.a(ftbase.o)
                0x8000d290                FT_Stream_ReadUShortLE
 .text.FT_Stream_ReadUOffset
                0x8000d358       0xd8 /opt/devkitpro/portlibs/ppc/lib/libfreetype.a(ftbase.o)
                0x8000d358                FT_Stream_ReadUOffset
 .text.FT_Stream_ReadULong
                0x8000d430       0xc0 /opt/devkitpro/portlibs/ppc/lib/libfreetype.a(ftbase.o)
                0x8000d430                FT_Stream_ReadULong
 .text.FT_Raccess_Get_DataOffsets
                0x8000d4f0      0x53c /opt/devkitpro/portlibs/ppc/lib/libfreetype.a(ftbase.o)
                0x8000d4f0                FT_Raccess_Get_DataOffsets
 .text.raccess_guess_apple_generic.isra.0
                0x8000da2c      0x1f0 /opt/devkitpro/portlibs/ppc/lib/libfreetype.a(ftbase.o)
 .text.raccess_guess_linux_double_from_file_name
                0x8000dc1c      0x110 /opt/devkitpro/portlibs/ppc/lib/libfreetype.a(ftbase.o)
 .text.raccess_guess_linux_netatalk
                0x8000dd2c       0xf8 /opt/devkitpro/portlibs/ppc/lib/libfreetype.a(ftbase.o)
 .text.raccess_guess_linux_double
                0x8000de24       0xf8 /opt/devkitpro/portlibs/ppc/lib/libfreetype.a(ftbase.o)
 .text.raccess_guess_darwin_ufs_export
                0x8000df1c       0xf8 /opt/devkitpro/portlibs/ppc/lib/libfreetype.a(ftbase.o)
 .text.raccess_guess_apple_double
                0x8000e014       0x28 /opt/devkitpro/portlibs/ppc/lib/libfreetype.a(ftbase.o)
 .text.raccess_guess_apple_single
                0x8000e03c       0x28 /opt/devkitpro/portlibs/ppc/lib/libfreetype.a(ftbase.o)
 .text.FT_Stream_ReadULongLE
                0x8000e064       0xc0 /opt/devkitpro/portlibs/ppc/lib/libfreetype.a(ftbase.o)
                0x8000e064                FT_Stream_ReadULongLE
 .text.FT_Stream_ReadFields
                0x8000e124      0x2a0 /opt/devkitpro/portlibs/ppc/lib/libfreetype.a(ftbase.o)
                0x8000e124                FT_Stream_ReadFields
 .text.FT_Vector_Length
                0x8000e3c4      0x168 /opt/devkitpro/portlibs/ppc/lib/libfreetype.a(ftbase.o)
                0x8000e3c4                FT_Vector_Length
 .text.FT_Hypot
                0x8000e52c       0x30 /opt/devkitpro/portlibs/ppc/lib/libfreetype.a(ftbase.o)
                0x8000e52c                FT_Hypot
 .text.ft_mem_alloc
                0x8000e55c       0xa4 /opt/devkitpro/portlibs/ppc/lib/libfreetype.a(ftbase.o)
                0x8000e55c                ft_mem_alloc
 .text.ft_glyphslot_alloc_bitmap
                0x8000e600       0xbc /opt/devkitpro/portlibs/ppc/lib/libfreetype.a(ftbase.o)
                0x8000e600                ft_glyphslot_alloc_bitmap
 .text.FT_New_GlyphSlot
                0x8000e6bc      0x264 /opt/devkitpro/portlibs/ppc/lib/libfreetype.a(ftbase.o)
                0x8000e6bc                FT_New_GlyphSlot
 .text.FT_Render_Glyph_Internal
                0x8000e920      0x330 /opt/devkitpro/portlibs/ppc/lib/libfreetype.a(ftbase.o)
                0x8000e920                FT_Render_Glyph_Internal
 .text.FT_Load_Glyph
                0x8000ec50      0x8c4 /opt/devkitpro/portlibs/ppc/lib/libfreetype.a(ftbase.o)
                0x8000ec50                FT_Load_Glyph
 .text.FT_Get_Advances
                0x8000f514      0x2d0 /opt/devkitpro/portlibs/ppc/lib/libfreetype.a(ftbase.o)
                0x8000f514                FT_Get_Advances
 .text.FT_Get_Advance
                0x8000f7e4      0x20c /opt/devkitpro/portlibs/ppc/lib/libfreetype.a(ftbase.o)
                0x8000f7e4                FT_Get_Advance
 .text.open_face
                0x8000f9f0      0x2b0 /opt/devkitpro/portlibs/ppc/lib/libfreetype.a(ftbase.o)
 .text.FT_New_Size
                0x8000fca0      0x218 /opt/devkitpro/portlibs/ppc/lib/libfreetype.a(ftbase.o)
                0x8000fca0                FT_New_Size
 .text.ft_open_face_internal
                0x8000feb8      0xb6c /opt/devkitpro/portlibs/ppc/lib/libfreetype.a(ftbase.o)
 .text.open_face_from_buffer
                0x80010a24      0x19c /opt/devkitpro/portlibs/ppc/lib/libfreetype.a(ftbase.o)
 .text.open_face_PS_from_sfnt_stream.isra.0
                0x80010bc0      0x4b4 /opt/devkitpro/portlibs/ppc/lib/libfreetype.a(ftbase.o)
 .text.IsMacResource
                0x80011074      0x924 /opt/devkitpro/portlibs/ppc/lib/libfreetype.a(ftbase.o)
 .text.FT_Open_Face
                0x80011998        0x8 /opt/devkitpro/portlibs/ppc/lib/libfreetype.a(ftbase.o)
                0x80011998                FT_Open_Face
 .text.FT_Add_Module
                0x800119a0      0x378 /opt/devkitpro/portlibs/ppc/lib/libfreetype.a(ftbase.o)
                0x800119a0                FT_Add_Module
 .text.ft_mem_qalloc
                0x80011d18       0x68 /opt/devkitpro/portlibs/ppc/lib/libfreetype.a(ftbase.o)
                0x80011d18                ft_mem_qalloc
 .text.ft_mem_qrealloc
                0x80011d80      0x124 /opt/devkitpro/portlibs/ppc/lib/libfreetype.a(ftbase.o)
                0x80011d80                ft_mem_qrealloc
 .text.FT_CMap_New
                0x80011ea4      0x1c8 /opt/devkitpro/portlibs/ppc/lib/libfreetype.a(ftbase.o)
                0x80011ea4                FT_CMap_New
 .text.ft_mem_realloc
                0x8001206c       0xd4 /opt/devkitpro/portlibs/ppc/lib/libfreetype.a(ftbase.o)
                0x8001206c                ft_mem_realloc
 .text.FT_GlyphLoader_CreateExtra
                0x80012140       0xc8 /opt/devkitpro/portlibs/ppc/lib/libfreetype.a(ftbase.o)
                0x80012140                FT_GlyphLoader_CreateExtra
 .text.FT_GlyphLoader_CheckPoints
                0x80012208      0x2c4 /opt/devkitpro/portlibs/ppc/lib/libfreetype.a(ftbase.o)
                0x80012208                FT_GlyphLoader_CheckPoints
 .text.FT_GlyphLoader_CheckSubGlyphs
                0x800124cc       0xa8 /opt/devkitpro/portlibs/ppc/lib/libfreetype.a(ftbase.o)
                0x800124cc                FT_GlyphLoader_CheckSubGlyphs
 .text.hash_insert
                0x80012574      0x18c /opt/devkitpro/portlibs/ppc/lib/libfreetype.a(ftbase.o)
 .text.ft_hash_str_insert
                0x80012700       0x2c /opt/devkitpro/portlibs/ppc/lib/libfreetype.a(ftbase.o)
                0x80012700                ft_hash_str_insert
 .text.ft_hash_num_insert
                0x8001272c       0x2c /opt/devkitpro/portlibs/ppc/lib/libfreetype.a(ftbase.o)
                0x8001272c                ft_hash_num_insert
 .text.ft_mem_free
                0x80012758       0x14 /opt/devkitpro/portlibs/ppc/lib/libfreetype.a(ftbase.o)
                0x80012758                ft_mem_free
 .text.ft_mem_strdup
                0x8001276c       0xdc /opt/devkitpro/portlibs/ppc/lib/libfreetype.a(ftbase.o)
                0x8001276c                ft_mem_strdup
 .text.ft_mem_strcpyn
                0x80012848       0xa0 /opt/devkitpro/portlibs/ppc/lib/libfreetype.a(ftbase.o)
                0x80012848                ft_mem_strcpyn
 .text.FT_List_Find
                0x800128e8       0x44 /opt/devkitpro/portlibs/ppc/lib/libfreetype.a(ftbase.o)
                0x800128e8                FT_List_Find
 .text.FT_List_Add
                0x8001292c       0x40 /opt/devkitpro/portlibs/ppc/lib/libfreetype.a(ftbase.o)
                0x8001292c                FT_List_Add
 .text.FT_List_Iterate
                0x8001296c       0xa8 /opt/devkitpro/portlibs/ppc/lib/libfreetype.a(ftbase.o)
                0x8001296c                FT_List_Iterate
 .text.FT_List_Finalize
                0x80012a14       0xe8 /opt/devkitpro/portlibs/ppc/lib/libfreetype.a(ftbase.o)
                0x80012a14                FT_List_Finalize
 .text.tt_get_kerning
                0x80012afc       0x5c /opt/devkitpro/portlibs/ppc/lib/libfreetype.a(truetype.o)
 .text.tt_get_metrics_incremental
                0x80012b58       0xb4 /opt/devkitpro/portlibs/ppc/lib/libfreetype.a(truetype.o)
 .text.TT_Load_Glyph_Header
                0x80012c0c       0x54 /opt/devkitpro/portlibs/ppc/lib/libfreetype.a(truetype.o)
 .text.tt_loader_set_pp
                0x80012c60       0x98 /opt/devkitpro/portlibs/ppc/lib/libfreetype.a(truetype.o)
 .text.ft_var_get_value_pointer
                0x80012cf8      0x420 /opt/devkitpro/portlibs/ppc/lib/libfreetype.a(truetype.o)
 .text.ft_size_reset_iterator
                0x80013118       0x30 /opt/devkitpro/portlibs/ppc/lib/libfreetype.a(truetype.o)
 .text.tt_cvt_ready_iterator
                0x80013148       0x14 /opt/devkitpro/portlibs/ppc/lib/libfreetype.a(truetype.o)
 .text.tt_get_var_blend
                0x8001315c       0x88 /opt/devkitpro/portlibs/ppc/lib/libfreetype.a(truetype.o)
 .text.TT_MulFix14
                0x800131e4       0x5c /opt/devkitpro/portlibs/ppc/lib/libfreetype.a(truetype.o)
 .text.TT_DotFix14
                0x80013240       0xa8 /opt/devkitpro/portlibs/ppc/lib/libfreetype.a(truetype.o)
 .text.Current_Ppem
                0x800132e8        0x8 /opt/devkitpro/portlibs/ppc/lib/libfreetype.a(truetype.o)
 .text.Read_CVT
                0x800132f0       0x10 /opt/devkitpro/portlibs/ppc/lib/libfreetype.a(truetype.o)
 .text.Direct_Move_X
                0x80013300       0x64 /opt/devkitpro/portlibs/ppc/lib/libfreetype.a(truetype.o)
 .text.Direct_Move_Y
                0x80013364       0x68 /opt/devkitpro/portlibs/ppc/lib/libfreetype.a(truetype.o)
 .text.Direct_Move_Orig_X
                0x800133cc       0x18 /opt/devkitpro/portlibs/ppc/lib/libfreetype.a(truetype.o)
 .text.Direct_Move_Orig_Y
                0x800133e4       0x1c /opt/devkitpro/portlibs/ppc/lib/libfreetype.a(truetype.o)
 .text.Round_None
                0x80013400       0x3c /opt/devkitpro/portlibs/ppc/lib/libfreetype.a(truetype.o)
 .text.Round_To_Grid
                0x8001343c       0x50 /opt/devkitpro/portlibs/ppc/lib/libfreetype.a(truetype.o)
 .text.Round_To_Half_Grid
                0x8001348c       0x4c /opt/devkitpro/portlibs/ppc/lib/libfreetype.a(truetype.o)
 .text.Round_Down_To_Grid
                0x800134d8       0x48 /opt/devkitpro/portlibs/ppc/lib/libfreetype.a(truetype.o)
 .text.Round_Up_To_Grid
                0x80013520       0x50 /opt/devkitpro/portlibs/ppc/lib/libfreetype.a(truetype.o)
 .text.Round_To_Double_Grid
                0x80013570       0x50 /opt/devkitpro/portlibs/ppc/lib/libfreetype.a(truetype.o)
 .text.Round_Super
                0x800135c0       0x70 /opt/devkitpro/portlibs/ppc/lib/libfreetype.a(truetype.o)
 .text.Round_Super_45
                0x80013630       0x74 /opt/devkitpro/portlibs/ppc/lib/libfreetype.a(truetype.o)
 .text.Project  0x800136a4       0x1c /opt/devkitpro/portlibs/ppc/lib/libfreetype.a(truetype.o)
 .text.Dual_Project
                0x800136c0       0x1c /opt/devkitpro/portlibs/ppc/lib/libfreetype.a(truetype.o)
 .text.Project_x
                0x800136dc        0x8 /opt/devkitpro/portlibs/ppc/lib/libfreetype.a(truetype.o)
 .text.Project_y
                0x800136e4        0x8 /opt/devkitpro/portlibs/ppc/lib/libfreetype.a(truetype.o)
 .text.Compute_Funcs
                0x800136ec      0x178 /opt/devkitpro/portlibs/ppc/lib/libfreetype.a(truetype.o)
 .text.SkipCode
                0x80013864       0xa0 /opt/devkitpro/portlibs/ppc/lib/libfreetype.a(truetype.o)
 .text.Move_Zp2_Point
                0x80013904       0xd8 /opt/devkitpro/portlibs/ppc/lib/libfreetype.a(truetype.o)
 .text.tt_size_init
                0x800139dc       0x24 /opt/devkitpro/portlibs/ppc/lib/libfreetype.a(truetype.o)
 .text.tt_driver_init
                0x80013a00       0x10 /opt/devkitpro/portlibs/ppc/lib/libfreetype.a(truetype.o)
 .text.tt_driver_done
                0x80013a10        0x4 /opt/devkitpro/portlibs/ppc/lib/libfreetype.a(truetype.o)
 .text.tt_face_get_location
                0x80013a14       0xdc /opt/devkitpro/portlibs/ppc/lib/libfreetype.a(truetype.o)
 .text.compare_ppem
                0x80013af0       0x18 /opt/devkitpro/portlibs/ppc/lib/libfreetype.a(truetype.o)
 .text.tt_size_reset_height
                0x80013b08      0x10c /opt/devkitpro/portlibs/ppc/lib/libfreetype.a(truetype.o)
 .text.ft_var_apply_tuple
                0x80013c14      0x17c /opt/devkitpro/portlibs/ppc/lib/libfreetype.a(truetype.o)
 .text.Direct_Move_Orig
                0x80013d90       0xfc /opt/devkitpro/portlibs/ppc/lib/libfreetype.a(truetype.o)
 .text.Direct_Move
                0x80013e8c      0x168 /opt/devkitpro/portlibs/ppc/lib/libfreetype.a(truetype.o)
 .text.TT_Done_Context
                0x80013ff4       0xbc /opt/devkitpro/portlibs/ppc/lib/libfreetype.a(truetype.o)
 .text.tt_glyphzone_done
                0x800140b0       0xa4 /opt/devkitpro/portlibs/ppc/lib/libfreetype.a(truetype.o)
 .text.tt_size_done_bytecode
                0x80014154       0xd0 /opt/devkitpro/portlibs/ppc/lib/libfreetype.a(truetype.o)
 .text.tt_size_done
                0x80014224       0x34 /opt/devkitpro/portlibs/ppc/lib/libfreetype.a(truetype.o)
 .text.tt_var_done_delta_set_index_map
                0x80014258       0x60 /opt/devkitpro/portlibs/ppc/lib/libfreetype.a(truetype.o)
 .text.tt_var_done_item_variation_store
                0x800142b8      0x120 /opt/devkitpro/portlibs/ppc/lib/libfreetype.a(truetype.o)
 .text.tt_construct_ps_name
                0x800143d8       0x3c /opt/devkitpro/portlibs/ppc/lib/libfreetype.a(truetype.o)
 .text.TT_Load_Context
                0x80014414      0x224 /opt/devkitpro/portlibs/ppc/lib/libfreetype.a(truetype.o)
 .text.tt_size_run_prep
                0x80014638      0x1bc /opt/devkitpro/portlibs/ppc/lib/libfreetype.a(truetype.o)
 .text.TT_Hint_Glyph
                0x800147f4      0x2c8 /opt/devkitpro/portlibs/ppc/lib/libfreetype.a(truetype.o)
 .text.TT_Access_Glyph_Frame
                0x80014abc       0x94 /opt/devkitpro/portlibs/ppc/lib/libfreetype.a(truetype.o)
 .text.TT_Forget_Glyph_Frame
                0x80014b50        0x8 /opt/devkitpro/portlibs/ppc/lib/libfreetype.a(truetype.o)
 .text.ft_var_readpackedpoints
                0x80014b58      0x214 /opt/devkitpro/portlibs/ppc/lib/libfreetype.a(truetype.o)
 .text.ft_var_readpackeddeltas
                0x80014d6c      0x290 /opt/devkitpro/portlibs/ppc/lib/libfreetype.a(truetype.o)
 .text.Current_Ratio
                0x80014ffc       0xc4 /opt/devkitpro/portlibs/ppc/lib/libfreetype.a(truetype.o)
 .text.TT_Load_Simple_Glyph
                0x800150c0      0x4ec /opt/devkitpro/portlibs/ppc/lib/libfreetype.a(truetype.o)
 .text.tt_slot_init
                0x800155ac        0xc /opt/devkitpro/portlibs/ppc/lib/libfreetype.a(truetype.o)
 .text.tt_face_vary_cvt
                0x800155b8      0x710 /opt/devkitpro/portlibs/ppc/lib/libfreetype.a(truetype.o)
 .text.tt_face_load_cvt
                0x80015cc8      0x1b8 /opt/devkitpro/portlibs/ppc/lib/libfreetype.a(truetype.o)
 .text.tt_face_init
                0x80015e80      0xbb8 /opt/devkitpro/portlibs/ppc/lib/libfreetype.a(truetype.o)
 .text.TT_Load_Composite_Glyph
                0x80016a38      0x2ac /opt/devkitpro/portlibs/ppc/lib/libfreetype.a(truetype.o)
 .text.tt_property_get
                0x80016ce4       0x70 /opt/devkitpro/portlibs/ppc/lib/libfreetype.a(truetype.o)
 .text.tt_var_get_item_delta
                0x80016d54      0x48c /opt/devkitpro/portlibs/ppc/lib/libfreetype.a(truetype.o)
 .text.tt_apply_mvar
                0x800171e0      0x224 /opt/devkitpro/portlibs/ppc/lib/libfreetype.a(truetype.o)
 .text.ft_var_to_normalized
                0x80017404      0x3dc /opt/devkitpro/portlibs/ppc/lib/libfreetype.a(truetype.o)
 .text.tt_var_load_item_variation_store
                0x800177e0      0x54c /opt/devkitpro/portlibs/ppc/lib/libfreetype.a(truetype.o)
 .text.tt_var_load_delta_set_index_mapping
                0x80017d2c      0x2c8 /opt/devkitpro/portlibs/ppc/lib/libfreetype.a(truetype.o)
 .text.ft_var_load_hvvar
                0x80017ff4      0x2d0 /opt/devkitpro/portlibs/ppc/lib/libfreetype.a(truetype.o)
 .text.tt_hvadvance_adjust
                0x800182c4      0x184 /opt/devkitpro/portlibs/ppc/lib/libfreetype.a(truetype.o)
 .text.tt_vadvance_adjust
                0x80018448        0x8 /opt/devkitpro/portlibs/ppc/lib/libfreetype.a(truetype.o)
 .text.tt_hadvance_adjust
                0x80018450        0x8 /opt/devkitpro/portlibs/ppc/lib/libfreetype.a(truetype.o)
 .text.ft_var_load_avar
                0x80018458      0x34c /opt/devkitpro/portlibs/ppc/lib/libfreetype.a(truetype.o)
 .text.TT_Get_MM_Var
                0x800187a4      0xcc8 /opt/devkitpro/portlibs/ppc/lib/libfreetype.a(truetype.o)
 .text.TT_Get_Default_Named_Instance
                0x8001946c       0x60 /opt/devkitpro/portlibs/ppc/lib/libfreetype.a(truetype.o)
 .text.TT_Get_VMetrics
                0x800194cc       0x88 /opt/devkitpro/portlibs/ppc/lib/libfreetype.a(truetype.o)
 .text.tt_get_advances
                0x80019554      0x138 /opt/devkitpro/portlibs/ppc/lib/libfreetype.a(truetype.o)
 .text.tt_delta_interpolate.part.0
                0x8001968c      0x204 /opt/devkitpro/portlibs/ppc/lib/libfreetype.a(truetype.o)
 .text.TT_Vary_Apply_Glyph_Deltas
                0x80019890      0xf04 /opt/devkitpro/portlibs/ppc/lib/libfreetype.a(truetype.o)
 .text.iup_worker_interpolate_
                0x8001a794      0x248 /opt/devkitpro/portlibs/ppc/lib/libfreetype.a(truetype.o)
 .text.Modify_CVT_Check.part.0
                0x8001a9dc       0x94 /opt/devkitpro/portlibs/ppc/lib/libfreetype.a(truetype.o)
 .text.Write_CVT
                0x8001aa70       0x68 /opt/devkitpro/portlibs/ppc/lib/libfreetype.a(truetype.o)
 .text.Move_CVT_Stretched
                0x8001aad8       0xa0 /opt/devkitpro/portlibs/ppc/lib/libfreetype.a(truetype.o)
 .text.Write_CVT_Stretched
                0x8001ab78       0x8c /opt/devkitpro/portlibs/ppc/lib/libfreetype.a(truetype.o)
 .text.tt_get_interface
                0x8001ac04       0xb8 /opt/devkitpro/portlibs/ppc/lib/libfreetype.a(truetype.o)
 .text.tt_property_set
                0x8001acbc      0x118 /opt/devkitpro/portlibs/ppc/lib/libfreetype.a(truetype.o)
 .text.Ins_DELTAP.constprop.0
                0x8001add4      0x224 /opt/devkitpro/portlibs/ppc/lib/libfreetype.a(truetype.o)
 .text.Ins_IP.constprop.0
                0x8001aff8      0x498 /opt/devkitpro/portlibs/ppc/lib/libfreetype.a(truetype.o)
 .text.Ins_ISECT.constprop.0
                0x8001b490      0x308 /opt/devkitpro/portlibs/ppc/lib/libfreetype.a(truetype.o)
 .text.Ins_MIRP.constprop.0
                0x8001b798      0x33c /opt/devkitpro/portlibs/ppc/lib/libfreetype.a(truetype.o)
 .text.Compute_Point_Displacement.constprop.0
                0x8001bad4      0x1c4 /opt/devkitpro/portlibs/ppc/lib/libfreetype.a(truetype.o)
 .text.Ins_JMPR.constprop.0
                0x8001bc98       0x98 /opt/devkitpro/portlibs/ppc/lib/libfreetype.a(truetype.o)
 .text.SetSuperRound.constprop.0
                0x8001bd30       0xd0 /opt/devkitpro/portlibs/ppc/lib/libfreetype.a(truetype.o)
 .text.tt_size_reset
                0x8001be00      0x178 /opt/devkitpro/portlibs/ppc/lib/libfreetype.a(truetype.o)
 .text.tt_size_select
                0x8001bf78       0x84 /opt/devkitpro/portlibs/ppc/lib/libfreetype.a(truetype.o)
 .text.tt_size_request
                0x8001bffc      0x14c /opt/devkitpro/portlibs/ppc/lib/libfreetype.a(truetype.o)
 .text.Move_CVT
                0x8001c148       0x70 /opt/devkitpro/portlibs/ppc/lib/libfreetype.a(truetype.o)
 .text.Ins_IUP.constprop.0
                0x8001c1b8      0x410 /opt/devkitpro/portlibs/ppc/lib/libfreetype.a(truetype.o)
 .text.tt_set_mm_blend
                0x8001c5c8      0xaa0 /opt/devkitpro/portlibs/ppc/lib/libfreetype.a(truetype.o)
 .text.TT_Set_MM_Blend
                0x8001d068        0x8 /opt/devkitpro/portlibs/ppc/lib/libfreetype.a(truetype.o)
 .text.TT_Get_Var_Design
                0x8001d070      0x180 /opt/devkitpro/portlibs/ppc/lib/libfreetype.a(truetype.o)
 .text.TT_Set_Var_Design
                0x8001d1f0      0x2a8 /opt/devkitpro/portlibs/ppc/lib/libfreetype.a(truetype.o)
 .text.TT_Set_Named_Instance
                0x8001d498      0x1a8 /opt/devkitpro/portlibs/ppc/lib/libfreetype.a(truetype.o)
 .text.TT_Get_MM_Blend
                0x8001d640      0x180 /opt/devkitpro/portlibs/ppc/lib/libfreetype.a(truetype.o)
 .text.load_truetype_glyph
                0x8001d7c0     0x139c /opt/devkitpro/portlibs/ppc/lib/libfreetype.a(truetype.o)
 .text.Ins_SxVTL.constprop.0
                0x8001eb5c      0x11c /opt/devkitpro/portlibs/ppc/lib/libfreetype.a(truetype.o)
 .text.tt_done_blend
                0x8001ec78      0x270 /opt/devkitpro/portlibs/ppc/lib/libfreetype.a(truetype.o)
 .text.tt_face_done
                0x8001eee8       0xfc /opt/devkitpro/portlibs/ppc/lib/libfreetype.a(truetype.o)
 .text.Current_Ppem_Stretched
                0x8001efe4       0xdc /opt/devkitpro/portlibs/ppc/lib/libfreetype.a(truetype.o)
 .text.Read_CVT_Stretched
                0x8001f0c0       0xe4 /opt/devkitpro/portlibs/ppc/lib/libfreetype.a(truetype.o)
 .text.Ins_UNKNOWN.constprop.0
                0x8001f1a4      0x11c /opt/devkitpro/portlibs/ppc/lib/libfreetype.a(truetype.o)
 .text.TT_RunIns
                0x8001f2c0     0x3080 /opt/devkitpro/portlibs/ppc/lib/libfreetype.a(truetype.o)
                0x8001f2c0                TT_RunIns
 .text.TT_New_Context
                0x80022340       0xb4 /opt/devkitpro/portlibs/ppc/lib/libfreetype.a(truetype.o)
                0x80022340                TT_New_Context
 .text.tt_glyph_load
                0x800223f4     0x1280 /opt/devkitpro/portlibs/ppc/lib/libfreetype.a(truetype.o)
 .text.compare_kern_pairs
                0x80023674       0x3c /opt/devkitpro/portlibs/ppc/lib/libfreetype.a(type1.o)
 .text.t1_get_ps_name
                0x800236b0        0x8 /opt/devkitpro/portlibs/ppc/lib/libfreetype.a(type1.o)
 .text.t1_ps_get_font_info
                0x800236b8       0x4c /opt/devkitpro/portlibs/ppc/lib/libfreetype.a(type1.o)
 .text.t1_ps_get_font_extra
                0x80023704       0x10 /opt/devkitpro/portlibs/ppc/lib/libfreetype.a(type1.o)
 .text.t1_ps_has_glyph_names
                0x80023714        0x8 /opt/devkitpro/portlibs/ppc/lib/libfreetype.a(type1.o)
 .text.t1_ps_get_font_private
                0x8002371c       0x34 /opt/devkitpro/portlibs/ppc/lib/libfreetype.a(type1.o)
 .text.T1_Get_Multi_Master
                0x80023750       0x78 /opt/devkitpro/portlibs/ppc/lib/libfreetype.a(type1.o)
 .text.T1_Set_MM_WeightVector
                0x800237c8      0x168 /opt/devkitpro/portlibs/ppc/lib/libfreetype.a(type1.o)
 .text.T1_Get_MM_WeightVector
                0x80023930      0x10c /opt/devkitpro/portlibs/ppc/lib/libfreetype.a(type1.o)
 .text.parse_buildchar
                0x80023a3c       0x48 /opt/devkitpro/portlibs/ppc/lib/libfreetype.a(type1.o)
 .text.parse_private
                0x80023a84       0x10 /opt/devkitpro/portlibs/ppc/lib/libfreetype.a(type1.o)
 .text.read_binary_data
                0x80023a94      0x10c /opt/devkitpro/portlibs/ppc/lib/libfreetype.a(type1.o)
 .text.T1_GlyphSlot_Done
                0x80023ba0       0x18 /opt/devkitpro/portlibs/ppc/lib/libfreetype.a(type1.o)
 .text.T1_Driver_Init
                0x80023bb8       0xac /opt/devkitpro/portlibs/ppc/lib/libfreetype.a(type1.o)
 .text.T1_Driver_Done
                0x80023c64        0x4 /opt/devkitpro/portlibs/ppc/lib/libfreetype.a(type1.o)
 .text.T1_GlyphSlot_Init
                0x80023c68       0x8c /opt/devkitpro/portlibs/ppc/lib/libfreetype.a(type1.o)
 .text.T1_Parse_Glyph_And_Get_Char_String
                0x80023cf4      0x2b8 /opt/devkitpro/portlibs/ppc/lib/libfreetype.a(type1.o)
 .text.T1_Parse_Glyph
                0x80023fac       0x74 /opt/devkitpro/portlibs/ppc/lib/libfreetype.a(type1.o)
 .text.T1_Compute_Max_Advance
                0x80024020      0x15c /opt/devkitpro/portlibs/ppc/lib/libfreetype.a(type1.o)
 .text.T1_Get_Advances
                0x8002417c      0x180 /opt/devkitpro/portlibs/ppc/lib/libfreetype.a(type1.o)
 .text.T1_Done_Blend
                0x800242fc      0x204 /opt/devkitpro/portlibs/ppc/lib/libfreetype.a(type1.o)
 .text.parse_encoding
                0x80024500      0x5b8 /opt/devkitpro/portlibs/ppc/lib/libfreetype.a(type1.o)
 .text.T1_Load_Glyph
                0x80024ab8      0x560 /opt/devkitpro/portlibs/ppc/lib/libfreetype.a(type1.o)
 .text.t1_get_name_index
                0x80025018       0x90 /opt/devkitpro/portlibs/ppc/lib/libfreetype.a(type1.o)
 .text.t1_allocate_blend
                0x800250a8      0x274 /opt/devkitpro/portlibs/ppc/lib/libfreetype.a(type1.o)
 .text.parse_weight_vector
                0x8002531c      0x20c /opt/devkitpro/portlibs/ppc/lib/libfreetype.a(type1.o)
 .text.parse_blend_design_positions
                0x80025528      0x3ac /opt/devkitpro/portlibs/ppc/lib/libfreetype.a(type1.o)
 .text.parse_dict
                0x800258d4      0x7c0 /opt/devkitpro/portlibs/ppc/lib/libfreetype.a(type1.o)
 .text.read_pfb_tag
                0x80026094       0xa8 /opt/devkitpro/portlibs/ppc/lib/libfreetype.a(type1.o)
 .text.parse_charstrings
                0x8002613c      0x850 /opt/devkitpro/portlibs/ppc/lib/libfreetype.a(type1.o)
 .text.parse_subrs
                0x8002698c      0x4c0 /opt/devkitpro/portlibs/ppc/lib/libfreetype.a(type1.o)
 .text.t1_parse_font_matrix
                0x80026e4c      0x168 /opt/devkitpro/portlibs/ppc/lib/libfreetype.a(type1.o)
 .text.Get_Interface
                0x80026fb4        0xc /opt/devkitpro/portlibs/ppc/lib/libfreetype.a(type1.o)
 .text.mm_axis_unmap
                0x80026fc0       0xf4 /opt/devkitpro/portlibs/ppc/lib/libfreetype.a(type1.o)
 .text.T1_Get_Track_Kerning
                0x800270b4      0x11c /opt/devkitpro/portlibs/ppc/lib/libfreetype.a(type1.o)
 .text.t1_ps_get_font_value
                0x800271d0      0x850 /opt/devkitpro/portlibs/ppc/lib/libfreetype.a(type1.o)
 .text.t1_get_glyph_name
                0x80027a20       0x38 /opt/devkitpro/portlibs/ppc/lib/libfreetype.a(type1.o)
 .text.mm_weights_unmap
                0x80027a58      0x194 /opt/devkitpro/portlibs/ppc/lib/libfreetype.a(type1.o)
 .text.T1_Get_MM_Blend
                0x80027bec      0x108 /opt/devkitpro/portlibs/ppc/lib/libfreetype.a(type1.o)
 .text.T1_Get_Var_Design
                0x80027cf4       0xf4 /opt/devkitpro/portlibs/ppc/lib/libfreetype.a(type1.o)
 .text.T1_Get_MM_Var
                0x80027de8      0x30c /opt/devkitpro/portlibs/ppc/lib/libfreetype.a(type1.o)
 .text.t1_get_index
                0x800280f4       0xe4 /opt/devkitpro/portlibs/ppc/lib/libfreetype.a(type1.o)
 .text.check_type1_format.part.0
                0x800281d8       0xc4 /opt/devkitpro/portlibs/ppc/lib/libfreetype.a(type1.o)
 .text.Get_Kerning
                0x8002829c       0x9c /opt/devkitpro/portlibs/ppc/lib/libfreetype.a(type1.o)
 .text.T1_Size_Get_Globals_Funcs.isra.0
                0x80028338       0x74 /opt/devkitpro/portlibs/ppc/lib/libfreetype.a(type1.o)
 .text.T1_Size_Init
                0x800283ac       0x80 /opt/devkitpro/portlibs/ppc/lib/libfreetype.a(type1.o)
 .text.T1_Size_Done
                0x8002842c       0x68 /opt/devkitpro/portlibs/ppc/lib/libfreetype.a(type1.o)
 .text.T1_Size_Request
                0x80028494       0x8c /opt/devkitpro/portlibs/ppc/lib/libfreetype.a(type1.o)
 .text.t1_set_mm_blend.isra.0
                0x80028520      0x17c /opt/devkitpro/portlibs/ppc/lib/libfreetype.a(type1.o)
 .text.T1_Set_MM_Design
                0x8002869c      0x1e8 /opt/devkitpro/portlibs/ppc/lib/libfreetype.a(type1.o)
 .text.T1_Set_Var_Design
                0x80028884       0x94 /opt/devkitpro/portlibs/ppc/lib/libfreetype.a(type1.o)
 .text.T1_Reset_MM_Blend
                0x80028918       0x10 /opt/devkitpro/portlibs/ppc/lib/libfreetype.a(type1.o)
 .text.T1_Set_MM_Blend
                0x80028928        0x8 /opt/devkitpro/portlibs/ppc/lib/libfreetype.a(type1.o)
 .text.T1_Open_Face
                0x80028930      0xd98 /opt/devkitpro/portlibs/ppc/lib/libfreetype.a(type1.o)
 .text.T1_Face_Init
                0x800296c8      0x4a8 /opt/devkitpro/portlibs/ppc/lib/libfreetype.a(type1.o)
 .text.T1_Face_Done
                0x80029b70      0x1e0 /opt/devkitpro/portlibs/ppc/lib/libfreetype.a(type1.o)
 .text.T1_Read_Metrics
                0x80029d50      0x520 /opt/devkitpro/portlibs/ppc/lib/libfreetype.a(type1.o)
 .text.parse_blend_axis_types
                0x8002a270      0x204 /opt/devkitpro/portlibs/ppc/lib/libfreetype.a(type1.o)
 .text.parse_blend_design_map
                0x8002a474      0x2ac /opt/devkitpro/portlibs/ppc/lib/libfreetype.a(type1.o)
 .text.cff_cmap_encoding_init
                0x8002a720       0x1c /opt/devkitpro/portlibs/ppc/lib/libfreetype.a(cff.o)
 .text.cff_cmap_encoding_done
                0x8002a73c        0xc /opt/devkitpro/portlibs/ppc/lib/libfreetype.a(cff.o)
 .text.cff_cmap_encoding_char_index
                0x8002a748       0x20 /opt/devkitpro/portlibs/ppc/lib/libfreetype.a(cff.o)
 .text.cff_cmap_encoding_char_next
                0x8002a768       0x98 /opt/devkitpro/portlibs/ppc/lib/libfreetype.a(cff.o)
 .text.cff_cmap_unicode_init
                0x8002a800       0x54 /opt/devkitpro/portlibs/ppc/lib/libfreetype.a(cff.o)
 .text.cff_cmap_unicode_char_index
                0x8002a854       0x18 /opt/devkitpro/portlibs/ppc/lib/libfreetype.a(cff.o)
 .text.cff_cmap_unicode_char_next
                0x8002a86c       0x18 /opt/devkitpro/portlibs/ppc/lib/libfreetype.a(cff.o)
 .text.cff_get_kerning
                0x8002a884       0x5c /opt/devkitpro/portlibs/ppc/lib/libfreetype.a(cff.o)
 .text.cff_ps_has_glyph_names
                0x8002a8e0        0xc /opt/devkitpro/portlibs/ppc/lib/libfreetype.a(cff.o)
 .text.cff_get_is_cid
                0x8002a8ec       0x34 /opt/devkitpro/portlibs/ppc/lib/libfreetype.a(cff.o)
 .text.cff_get_cid_from_glyph_index
                0x8002a920       0x58 /opt/devkitpro/portlibs/ppc/lib/libfreetype.a(cff.o)
 .text.cff_set_mm_blend
                0x8002a978       0x10 /opt/devkitpro/portlibs/ppc/lib/libfreetype.a(cff.o)
 .text.cff_get_mm_blend
                0x8002a988       0x10 /opt/devkitpro/portlibs/ppc/lib/libfreetype.a(cff.o)
 .text.cff_set_mm_weightvector
                0x8002a998       0x10 /opt/devkitpro/portlibs/ppc/lib/libfreetype.a(cff.o)
 .text.cff_get_mm_weightvector
                0x8002a9a8       0x10 /opt/devkitpro/portlibs/ppc/lib/libfreetype.a(cff.o)
 .text.cff_construct_ps_name
                0x8002a9b8       0x10 /opt/devkitpro/portlibs/ppc/lib/libfreetype.a(cff.o)
 .text.cff_get_mm_var
                0x8002a9c8       0x10 /opt/devkitpro/portlibs/ppc/lib/libfreetype.a(cff.o)
 .text.cff_set_var_design
                0x8002a9d8       0x10 /opt/devkitpro/portlibs/ppc/lib/libfreetype.a(cff.o)
 .text.cff_get_var_design
                0x8002a9e8       0x10 /opt/devkitpro/portlibs/ppc/lib/libfreetype.a(cff.o)
 .text.cff_set_named_instance
                0x8002a9f8       0x10 /opt/devkitpro/portlibs/ppc/lib/libfreetype.a(cff.o)
 .text.cff_get_default_named_instance
                0x8002aa08       0x10 /opt/devkitpro/portlibs/ppc/lib/libfreetype.a(cff.o)
 .text.cff_load_item_variation_store
                0x8002aa18       0x10 /opt/devkitpro/portlibs/ppc/lib/libfreetype.a(cff.o)
 .text.cff_load_delta_set_index_mapping
                0x8002aa28       0x10 /opt/devkitpro/portlibs/ppc/lib/libfreetype.a(cff.o)
 .text.cff_get_item_delta
                0x8002aa38       0x10 /opt/devkitpro/portlibs/ppc/lib/libfreetype.a(cff.o)
 .text.cff_done_item_variation_store
                0x8002aa48       0x10 /opt/devkitpro/portlibs/ppc/lib/libfreetype.a(cff.o)
 .text.cff_done_delta_set_index_map
                0x8002aa58       0x10 /opt/devkitpro/portlibs/ppc/lib/libfreetype.a(cff.o)
 .text.cff_hadvance_adjust
                0x8002aa68       0x10 /opt/devkitpro/portlibs/ppc/lib/libfreetype.a(cff.o)
 .text.cff_metrics_adjust
                0x8002aa78       0x10 /opt/devkitpro/portlibs/ppc/lib/libfreetype.a(cff.o)
 .text.cff_parse_integer
                0x8002aa88       0xd0 /opt/devkitpro/portlibs/ppc/lib/libfreetype.a(cff.o)
 .text.cff_get_standard_encoding
                0x8002ab58       0x2c /opt/devkitpro/portlibs/ppc/lib/libfreetype.a(cff.o)
 .text.cff_fd_select_get
                0x8002ab84       0xb0 /opt/devkitpro/portlibs/ppc/lib/libfreetype.a(cff.o)
 .text.cff_get_var_blend
                0x8002ac34       0x10 /opt/devkitpro/portlibs/ppc/lib/libfreetype.a(cff.o)
 .text.cff_done_blend
                0x8002ac44       0x18 /opt/devkitpro/portlibs/ppc/lib/libfreetype.a(cff.o)
 .text.cff_slot_done
                0x8002ac5c       0x18 /opt/devkitpro/portlibs/ppc/lib/libfreetype.a(cff.o)
 .text.cff_driver_init
                0x8002ac74       0xac /opt/devkitpro/portlibs/ppc/lib/libfreetype.a(cff.o)
 .text.cff_driver_done
                0x8002ad20        0x4 /opt/devkitpro/portlibs/ppc/lib/libfreetype.a(cff.o)
 .text.cff_cmap_unicode_done
                0x8002ad24       0x44 /opt/devkitpro/portlibs/ppc/lib/libfreetype.a(cff.o)
 .text.cff_vstore_done
                0x8002ad68      0x104 /opt/devkitpro/portlibs/ppc/lib/libfreetype.a(cff.o)
 .text.cff_slot_init
                0x8002ae6c       0x90 /opt/devkitpro/portlibs/ppc/lib/libfreetype.a(cff.o)
 .text.cff_make_private_dict
                0x8002aefc      0x2ec /opt/devkitpro/portlibs/ppc/lib/libfreetype.a(cff.o)
 .text.cff_index_done
                0x8002b1e8       0x78 /opt/devkitpro/portlibs/ppc/lib/libfreetype.a(cff.o)
 .text.cff_get_cmap_info
                0x8002b260       0xc4 /opt/devkitpro/portlibs/ppc/lib/libfreetype.a(cff.o)
 .text.cff_get_ps_name
                0x8002b324       0xb4 /opt/devkitpro/portlibs/ppc/lib/libfreetype.a(cff.o)
 .text.cff_parse_real
                0x8002b3d8      0x44c /opt/devkitpro/portlibs/ppc/lib/libfreetype.a(cff.o)
 .text.cff_get_name_index
                0x8002b824      0x174 /opt/devkitpro/portlibs/ppc/lib/libfreetype.a(cff.o)
 .text.cff_charset_compute_cids
                0x8002b998      0x1bc /opt/devkitpro/portlibs/ppc/lib/libfreetype.a(cff.o)
 .text.cff_blend_check_vector
                0x8002bb54       0x84 /opt/devkitpro/portlibs/ppc/lib/libfreetype.a(cff.o)
 .text.cff_blend_build_vector
                0x8002bbd8      0x37c /opt/devkitpro/portlibs/ppc/lib/libfreetype.a(cff.o)
 .text.cff_index_get_pointers
                0x8002bf54      0x60c /opt/devkitpro/portlibs/ppc/lib/libfreetype.a(cff.o)
 .text.cff_index_get_sid_string
                0x8002c560       0x64 /opt/devkitpro/portlibs/ppc/lib/libfreetype.a(cff.o)
 .text.cff_get_ros
                0x8002c5c4      0x104 /opt/devkitpro/portlibs/ppc/lib/libfreetype.a(cff.o)
 .text.cff_ps_get_font_info
                0x8002c6c8      0x16c /opt/devkitpro/portlibs/ppc/lib/libfreetype.a(cff.o)
 .text.cff_get_glyph_name
                0x8002c834      0x128 /opt/devkitpro/portlibs/ppc/lib/libfreetype.a(cff.o)
 .text.cff_ps_get_font_extra
                0x8002c95c      0x194 /opt/devkitpro/portlibs/ppc/lib/libfreetype.a(cff.o)
 .text.cff_subfont_done.part.0
                0x8002caf0       0x88 /opt/devkitpro/portlibs/ppc/lib/libfreetype.a(cff.o)
 .text.cff_get_interface
                0x8002cb78       0xa8 /opt/devkitpro/portlibs/ppc/lib/libfreetype.a(cff.o)
 .text.cff_size_get_globals_funcs.isra.0
                0x8002cc20       0x74 /opt/devkitpro/portlibs/ppc/lib/libfreetype.a(cff.o)
 .text.cff_size_init
                0x8002cc94      0x250 /opt/devkitpro/portlibs/ppc/lib/libfreetype.a(cff.o)
 .text.cff_size_done
                0x8002cee4      0x108 /opt/devkitpro/portlibs/ppc/lib/libfreetype.a(cff.o)
 .text.cff_size_select
                0x8002cfec      0x174 /opt/devkitpro/portlibs/ppc/lib/libfreetype.a(cff.o)
 .text.cff_size_request
                0x8002d160      0x234 /opt/devkitpro/portlibs/ppc/lib/libfreetype.a(cff.o)
 .text.cff_face_done
                0x8002d394      0x230 /opt/devkitpro/portlibs/ppc/lib/libfreetype.a(cff.o)
 .text.cff_parse_font_matrix
                0x8002d5c4      0x380 /opt/devkitpro/portlibs/ppc/lib/libfreetype.a(cff.o)
 .text.do_fixed.isra.0
                0x8002d944      0x168 /opt/devkitpro/portlibs/ppc/lib/libfreetype.a(cff.o)
 .text.cff_parse_font_bbox
                0x8002daac       0xc4 /opt/devkitpro/portlibs/ppc/lib/libfreetype.a(cff.o)
 .text.cff_parse_num.isra.0
                0x8002db70       0x84 /opt/devkitpro/portlibs/ppc/lib/libfreetype.a(cff.o)
 .text.cff_parse_private_dict
                0x8002dbf4       0xb0 /opt/devkitpro/portlibs/ppc/lib/libfreetype.a(cff.o)
 .text.cff_parse_multiple_master
                0x8002dca4       0x94 /opt/devkitpro/portlibs/ppc/lib/libfreetype.a(cff.o)
 .text.cff_parse_cid_ros
                0x8002dd38       0x94 /opt/devkitpro/portlibs/ppc/lib/libfreetype.a(cff.o)
 .text.cff_parse_vsindex
                0x8002ddcc       0x78 /opt/devkitpro/portlibs/ppc/lib/libfreetype.a(cff.o)
 .text.cff_parser_run
                0x8002de44      0x3cc /opt/devkitpro/portlibs/ppc/lib/libfreetype.a(cff.o)
 .text.cff_load_private_dict
                0x8002e210      0x26c /opt/devkitpro/portlibs/ppc/lib/libfreetype.a(cff.o)
 .text.cff_free_glyph_data
                0x8002e47c       0x6c /opt/devkitpro/portlibs/ppc/lib/libfreetype.a(cff.o)
 .text.cff_parse_blend
                0x8002e4e8      0x390 /opt/devkitpro/portlibs/ppc/lib/libfreetype.a(cff.o)
 .text.cff_index_access_element
                0x8002e878      0x2ac /opt/devkitpro/portlibs/ppc/lib/libfreetype.a(cff.o)
 .text.cff_get_glyph_data
                0x8002eb24       0x78 /opt/devkitpro/portlibs/ppc/lib/libfreetype.a(cff.o)
 .text.cff_slot_load
                0x8002eb9c      0xa30 /opt/devkitpro/portlibs/ppc/lib/libfreetype.a(cff.o)
 .text.cff_glyph_load
                0x8002f5cc       0x44 /opt/devkitpro/portlibs/ppc/lib/libfreetype.a(cff.o)
 .text.cff_get_advances
                0x8002f610      0x2b0 /opt/devkitpro/portlibs/ppc/lib/libfreetype.a(cff.o)
 .text.cff_index_get_name
                0x8002f8c0       0xec /opt/devkitpro/portlibs/ppc/lib/libfreetype.a(cff.o)
 .text.cff_index_init
                0x8002f9ac      0x258 /opt/devkitpro/portlibs/ppc/lib/libfreetype.a(cff.o)
 .text.cff_subfont_load
                0x8002fc04      0x430 /opt/devkitpro/portlibs/ppc/lib/libfreetype.a(cff.o)
 .text.cff_face_init
                0x80030034     0x1f78 /opt/devkitpro/portlibs/ppc/lib/libfreetype.a(cff.o)
 .text.cff_sid_to_glyph_name
                0x80031fac       0x70 /opt/devkitpro/portlibs/ppc/lib/libfreetype.a(cff.o)
 .text.cff_parse_maxstack
                0x8003201c       0xdc /opt/devkitpro/portlibs/ppc/lib/libfreetype.a(cff.o)
 .text.parse_expansion_factor
                0x800320f8       0x60 /opt/devkitpro/portlibs/ppc/lib/libfreetype.a(type1cid.o)
 .text.parse_font_name
                0x80032158        0x4 /opt/devkitpro/portlibs/ppc/lib/libfreetype.a(type1cid.o)
 .text.cid_slot_done
                0x8003215c       0x18 /opt/devkitpro/portlibs/ppc/lib/libfreetype.a(type1cid.o)
 .text.cid_driver_init
                0x80032174       0xac /opt/devkitpro/portlibs/ppc/lib/libfreetype.a(type1cid.o)
 .text.cid_driver_done
                0x80032220        0x4 /opt/devkitpro/portlibs/ppc/lib/libfreetype.a(type1cid.o)
 .text.cid_get_postscript_name
                0x80032224       0x20 /opt/devkitpro/portlibs/ppc/lib/libfreetype.a(type1cid.o)
 .text.cid_ps_get_font_info
                0x80032244       0x4c /opt/devkitpro/portlibs/ppc/lib/libfreetype.a(type1cid.o)
 .text.cid_ps_get_font_extra
                0x80032290       0x10 /opt/devkitpro/portlibs/ppc/lib/libfreetype.a(type1cid.o)
 .text.cid_get_ros
                0x800322a0       0x38 /opt/devkitpro/portlibs/ppc/lib/libfreetype.a(type1cid.o)
 .text.cid_get_is_cid
                0x800322d8       0x18 /opt/devkitpro/portlibs/ppc/lib/libfreetype.a(type1cid.o)
 .text.cid_slot_init
                0x800322f0       0x8c /opt/devkitpro/portlibs/ppc/lib/libfreetype.a(type1cid.o)
 .text.cid_face_done
                0x8003237c      0x188 /opt/devkitpro/portlibs/ppc/lib/libfreetype.a(type1cid.o)
 .text.cid_compute_fd_and_offsets
                0x80032504      0x25c /opt/devkitpro/portlibs/ppc/lib/libfreetype.a(type1cid.o)
 .text.cid_load_glyph
                0x80032760      0x4fc /opt/devkitpro/portlibs/ppc/lib/libfreetype.a(type1cid.o)
 .text.cid_slot_load_glyph
                0x80032c5c      0x42c /opt/devkitpro/portlibs/ppc/lib/libfreetype.a(type1cid.o)
 .text.cid_get_cid_from_glyph_index
                0x80033088       0x54 /opt/devkitpro/portlibs/ppc/lib/libfreetype.a(type1cid.o)
 .text.cid_parse_font_matrix
                0x800330dc      0x1b4 /opt/devkitpro/portlibs/ppc/lib/libfreetype.a(type1cid.o)
 .text.parse_fd_array
                0x80033290      0x150 /opt/devkitpro/portlibs/ppc/lib/libfreetype.a(type1cid.o)
 .text.cid_get_interface
                0x800333e0        0xc /opt/devkitpro/portlibs/ppc/lib/libfreetype.a(type1cid.o)
 .text.cid_size_get_globals_funcs.isra.0
                0x800333ec       0x74 /opt/devkitpro/portlibs/ppc/lib/libfreetype.a(type1cid.o)
 .text.cid_size_init
                0x80033460       0x8c /opt/devkitpro/portlibs/ppc/lib/libfreetype.a(type1cid.o)
 .text.cid_size_done
                0x800334ec       0x68 /opt/devkitpro/portlibs/ppc/lib/libfreetype.a(type1cid.o)
 .text.cid_size_request
                0x80033554       0x94 /opt/devkitpro/portlibs/ppc/lib/libfreetype.a(type1cid.o)
 .text.cid_face_open
                0x800335e8      0xf38 /opt/devkitpro/portlibs/ppc/lib/libfreetype.a(type1cid.o)
 .text.cid_face_init
                0x80034520      0x2e4 /opt/devkitpro/portlibs/ppc/lib/libfreetype.a(type1cid.o)
 .text.pfr_cmap_init
                0x80034804       0x94 /opt/devkitpro/portlibs/ppc/lib/libfreetype.a(pfr.o)
 .text.pfr_cmap_done
                0x80034898       0x10 /opt/devkitpro/portlibs/ppc/lib/libfreetype.a(pfr.o)
 .text.pfr_cmap_char_index
                0x800348a8       0x78 /opt/devkitpro/portlibs/ppc/lib/libfreetype.a(pfr.o)
 .text.pfr_cmap_char_next
                0x80034920       0xd0 /opt/devkitpro/portlibs/ppc/lib/libfreetype.a(pfr.o)
 .text.pfr_get_advance
                0x800349f0       0x54 /opt/devkitpro/portlibs/ppc/lib/libfreetype.a(pfr.o)
 .text.pfr_glyph_close_contour
                0x80034a44       0xe0 /opt/devkitpro/portlibs/ppc/lib/libfreetype.a(pfr.o)
 .text.pfr_face_get_kerning
                0x80034b24      0x22c /opt/devkitpro/portlibs/ppc/lib/libfreetype.a(pfr.o)
 .text.pfr_extra_item_load_bitmap_info
                0x80034d50      0x288 /opt/devkitpro/portlibs/ppc/lib/libfreetype.a(pfr.o)
 .text.pfr_slot_done
                0x80034fd8       0x7c /opt/devkitpro/portlibs/ppc/lib/libfreetype.a(pfr.o)
 .text.pfr_slot_init
                0x80035054       0x58 /opt/devkitpro/portlibs/ppc/lib/libfreetype.a(pfr.o)
 .text.pfr_extra_item_load_stem_snaps
                0x800350ac      0x120 /opt/devkitpro/portlibs/ppc/lib/libfreetype.a(pfr.o)
 .text.pfr_extra_item_load_kerning_pairs
                0x800351cc      0x194 /opt/devkitpro/portlibs/ppc/lib/libfreetype.a(pfr.o)
 .text.pfr_extra_item_load_font_id
                0x80035360       0xc4 /opt/devkitpro/portlibs/ppc/lib/libfreetype.a(pfr.o)
 .text.pfr_aux_name_load
                0x80035424      0x1d4 /opt/devkitpro/portlibs/ppc/lib/libfreetype.a(pfr.o)
 .text.pfr_get_service
                0x800355f8        0xc /opt/devkitpro/portlibs/ppc/lib/libfreetype.a(pfr.o)
 .text.pfr_get_metrics
                0x80035604       0xc0 /opt/devkitpro/portlibs/ppc/lib/libfreetype.a(pfr.o)
 .text.pfr_get_kerning
                0x800356c4       0xa8 /opt/devkitpro/portlibs/ppc/lib/libfreetype.a(pfr.o)
 .text.pfr_face_done
                0x8003576c      0x128 /opt/devkitpro/portlibs/ppc/lib/libfreetype.a(pfr.o)
 .text.pfr_glyph_line_to.isra.0
                0x80035894       0xcc /opt/devkitpro/portlibs/ppc/lib/libfreetype.a(pfr.o)
 .text.pfr_glyph_load_rec
                0x80035960      0xc60 /opt/devkitpro/portlibs/ppc/lib/libfreetype.a(pfr.o)
 .text.pfr_slot_load
                0x800365c0      0xb20 /opt/devkitpro/portlibs/ppc/lib/libfreetype.a(pfr.o)
 .text.pfr_face_init
                0x800370e0      0xd98 /opt/devkitpro/portlibs/ppc/lib/libfreetype.a(pfr.o)
 .text.t42_get_ps_font_name
                0x80037e78        0x8 /opt/devkitpro/portlibs/ppc/lib/libfreetype.a(type42.o)
 .text.t42_ps_get_font_info
                0x80037e80       0x4c /opt/devkitpro/portlibs/ppc/lib/libfreetype.a(type42.o)
 .text.t42_ps_get_font_extra
                0x80037ecc       0x10 /opt/devkitpro/portlibs/ppc/lib/libfreetype.a(type42.o)
 .text.t42_ps_has_glyph_names
                0x80037edc        0x8 /opt/devkitpro/portlibs/ppc/lib/libfreetype.a(type42.o)
 .text.T42_Driver_Done
                0x80037ee4        0x4 /opt/devkitpro/portlibs/ppc/lib/libfreetype.a(type42.o)
 .text.T42_Size_Select
                0x80037ee8       0x9c /opt/devkitpro/portlibs/ppc/lib/libfreetype.a(type42.o)
 .text.T42_Size_Request
                0x80037f84       0x9c /opt/devkitpro/portlibs/ppc/lib/libfreetype.a(type42.o)
 .text.T42_GlyphSlot_Load
                0x80038020      0x210 /opt/devkitpro/portlibs/ppc/lib/libfreetype.a(type42.o)
 .text.T42_GlyphSlot_Done
                0x80038230       0x10 /opt/devkitpro/portlibs/ppc/lib/libfreetype.a(type42.o)
 .text.T42_GlyphSlot_Init
                0x80038240       0xb4 /opt/devkitpro/portlibs/ppc/lib/libfreetype.a(type42.o)
 .text.T42_Size_Init
                0x800382f4       0x58 /opt/devkitpro/portlibs/ppc/lib/libfreetype.a(type42.o)
 .text.T42_Face_Done
                0x8003834c      0x150 /opt/devkitpro/portlibs/ppc/lib/libfreetype.a(type42.o)
 .text.T42_Driver_Init
                0x8003849c       0x64 /opt/devkitpro/portlibs/ppc/lib/libfreetype.a(type42.o)
 .text.t42_parse_charstrings
                0x80038500      0x654 /opt/devkitpro/portlibs/ppc/lib/libfreetype.a(type42.o)
 .text.t42_get_name_index
                0x80038b54       0xe0 /opt/devkitpro/portlibs/ppc/lib/libfreetype.a(type42.o)
 .text.t42_parse_sfnts
                0x80038c34      0x630 /opt/devkitpro/portlibs/ppc/lib/libfreetype.a(type42.o)
 .text.t42_parse_font_matrix
                0x80039264      0x158 /opt/devkitpro/portlibs/ppc/lib/libfreetype.a(type42.o)
 .text.T42_Get_Interface
                0x800393bc        0xc /opt/devkitpro/portlibs/ppc/lib/libfreetype.a(type42.o)
 .text.t42_get_glyph_name
                0x800393c8       0x38 /opt/devkitpro/portlibs/ppc/lib/libfreetype.a(type42.o)
 .text.T42_Size_Done
                0x80039400       0x54 /opt/devkitpro/portlibs/ppc/lib/libfreetype.a(type42.o)
 .text.T42_Face_Init
                0x80039454      0xc60 /opt/devkitpro/portlibs/ppc/lib/libfreetype.a(type42.o)
 .text.t42_parse_encoding
                0x8003a0b4      0x584 /opt/devkitpro/portlibs/ppc/lib/libfreetype.a(type42.o)
 .text.fnt_cmap_init
                0x8003a638       0x2c /opt/devkitpro/portlibs/ppc/lib/libfreetype.a(winfnt.o)
 .text.fnt_cmap_char_index
                0x8003a664       0x24 /opt/devkitpro/portlibs/ppc/lib/libfreetype.a(winfnt.o)
 .text.fnt_cmap_char_next
                0x8003a688       0x50 /opt/devkitpro/portlibs/ppc/lib/libfreetype.a(winfnt.o)
 .text.winfnt_get_header
                0x8003a6d8       0x34 /opt/devkitpro/portlibs/ppc/lib/libfreetype.a(winfnt.o)
 .text.FNT_Size_Select
                0x8003a70c       0x6c /opt/devkitpro/portlibs/ppc/lib/libfreetype.a(winfnt.o)
 .text.FNT_Load_Glyph
                0x8003a778      0x2dc /opt/devkitpro/portlibs/ppc/lib/libfreetype.a(winfnt.o)
 .text.fnt_font_done
                0x8003aa54       0x8c /opt/devkitpro/portlibs/ppc/lib/libfreetype.a(winfnt.o)
 .text.fnt_font_load
                0x8003aae0       0xf4 /opt/devkitpro/portlibs/ppc/lib/libfreetype.a(winfnt.o)
 .text.winfnt_get_service
                0x8003abd4        0xc /opt/devkitpro/portlibs/ppc/lib/libfreetype.a(winfnt.o)
 .text.FNT_Face_Init
                0x8003abe0      0xcb0 /opt/devkitpro/portlibs/ppc/lib/libfreetype.a(winfnt.o)
 .text.FNT_Face_Done
                0x8003b890       0x54 /opt/devkitpro/portlibs/ppc/lib/libfreetype.a(winfnt.o)
 .text.FNT_Size_Request
                0x8003b8e4       0xfc /opt/devkitpro/portlibs/ppc/lib/libfreetype.a(winfnt.o)
 .text.pcf_cmap_init
                0x8003b9e0       0x18 /opt/devkitpro/portlibs/ppc/lib/libfreetype.a(pcf.o)
 .text.pcf_cmap_done
                0x8003b9f8        0xc /opt/devkitpro/portlibs/ppc/lib/libfreetype.a(pcf.o)
 .text.pcf_cmap_char_index
                0x8003ba04       0x68 /opt/devkitpro/portlibs/ppc/lib/libfreetype.a(pcf.o)
 .text.pcf_cmap_char_next
                0x8003ba6c      0x154 /opt/devkitpro/portlibs/ppc/lib/libfreetype.a(pcf.o)
 .text.pcf_get_charset_id
                0x8003bbc0       0x1c /opt/devkitpro/portlibs/ppc/lib/libfreetype.a(pcf.o)
 .text.pcf_property_set
                0x8003bbdc        0x8 /opt/devkitpro/portlibs/ppc/lib/libfreetype.a(pcf.o)
 .text.pcf_property_get
                0x8003bbe4        0x8 /opt/devkitpro/portlibs/ppc/lib/libfreetype.a(pcf.o)
 .text.pcf_driver_init
                0x8003bbec        0x8 /opt/devkitpro/portlibs/ppc/lib/libfreetype.a(pcf.o)
 .text.pcf_driver_done
                0x8003bbf4        0x4 /opt/devkitpro/portlibs/ppc/lib/libfreetype.a(pcf.o)
 .text.PCF_Size_Select
                0x8003bbf8       0x64 /opt/devkitpro/portlibs/ppc/lib/libfreetype.a(pcf.o)
 .text.PCF_Glyph_Load
                0x8003bc5c      0x3b8 /opt/devkitpro/portlibs/ppc/lib/libfreetype.a(pcf.o)
 .text.pcf_driver_requester
                0x8003c014        0xc /opt/devkitpro/portlibs/ppc/lib/libfreetype.a(pcf.o)
 .text.PCF_Face_Done.part.0
                0x8003c020      0x1a8 /opt/devkitpro/portlibs/ppc/lib/libfreetype.a(pcf.o)
 .text.PCF_Face_Done
                0x8003c1c8        0xc /opt/devkitpro/portlibs/ppc/lib/libfreetype.a(pcf.o)
 .text.pcf_find_property.isra.0
                0x8003c1d4       0xa4 /opt/devkitpro/portlibs/ppc/lib/libfreetype.a(pcf.o)
 .text.pcf_get_bdf_property
                0x8003c278       0x8c /opt/devkitpro/portlibs/ppc/lib/libfreetype.a(pcf.o)
 .text.PCF_Size_Request
                0x8003c304       0xfc /opt/devkitpro/portlibs/ppc/lib/libfreetype.a(pcf.o)
 .text.pcf_get_accel
                0x8003c400      0x2e8 /opt/devkitpro/portlibs/ppc/lib/libfreetype.a(pcf.o)
 .text.pcf_load_font
                0x8003c6e8     0x1854 /opt/devkitpro/portlibs/ppc/lib/libfreetype.a(pcf.o)
 .text.PCF_Face_Init
                0x8003df3c      0x2cc /opt/devkitpro/portlibs/ppc/lib/libfreetype.a(pcf.o)
 .text.bdf_atol_
                0x8003e208       0xd0 /opt/devkitpro/portlibs/ppc/lib/libfreetype.a(bdf.o)
 .text.bdf_atos_
                0x8003e2d8       0xd0 /opt/devkitpro/portlibs/ppc/lib/libfreetype.a(bdf.o)
 .text.by_encoding
                0x8003e3a8       0x28 /opt/devkitpro/portlibs/ppc/lib/libfreetype.a(bdf.o)
 .text.bdf_parse_end_
                0x8003e3d0        0x8 /opt/devkitpro/portlibs/ppc/lib/libfreetype.a(bdf.o)
 .text.bdf_cmap_init
                0x8003e3d8       0x24 /opt/devkitpro/portlibs/ppc/lib/libfreetype.a(bdf.o)
 .text.bdf_cmap_done
                0x8003e3fc       0x10 /opt/devkitpro/portlibs/ppc/lib/libfreetype.a(bdf.o)
 .text.bdf_cmap_char_index
                0x8003e40c       0x80 /opt/devkitpro/portlibs/ppc/lib/libfreetype.a(bdf.o)
 .text.bdf_cmap_char_next
                0x8003e48c       0xc0 /opt/devkitpro/portlibs/ppc/lib/libfreetype.a(bdf.o)
 .text.bdf_get_charset_id
                0x8003e54c       0x1c /opt/devkitpro/portlibs/ppc/lib/libfreetype.a(bdf.o)
 .text.BDF_Size_Select
                0x8003e568       0x64 /opt/devkitpro/portlibs/ppc/lib/libfreetype.a(bdf.o)
 .text.BDF_Glyph_Load
                0x8003e5cc      0x180 /opt/devkitpro/portlibs/ppc/lib/libfreetype.a(bdf.o)
 .text.bdf_list_ensure_
                0x8003e74c      0x10c /opt/devkitpro/portlibs/ppc/lib/libfreetype.a(bdf.o)
 .text.bdf_add_comment_
                0x8003e858       0xb8 /opt/devkitpro/portlibs/ppc/lib/libfreetype.a(bdf.o)
 .text.bdf_driver_requester
                0x8003e910        0xc /opt/devkitpro/portlibs/ppc/lib/libfreetype.a(bdf.o)
 .text.bdf_atoul_
                0x8003e91c       0x8c /opt/devkitpro/portlibs/ppc/lib/libfreetype.a(bdf.o)
 .text.bdf_atous_
                0x8003e9a8       0x9c /opt/devkitpro/portlibs/ppc/lib/libfreetype.a(bdf.o)
 .text.bdf_free_font.part.0
                0x8003ea44      0x228 /opt/devkitpro/portlibs/ppc/lib/libfreetype.a(bdf.o)
 .text.BDF_Face_Done
                0x8003ec6c       0xc4 /opt/devkitpro/portlibs/ppc/lib/libfreetype.a(bdf.o)
 .text.bdf_list_split_.part.0
                0x8003ed30      0x304 /opt/devkitpro/portlibs/ppc/lib/libfreetype.a(bdf.o)
 .text.bdf_list_join_.constprop.0
                0x8003f034       0xb8 /opt/devkitpro/portlibs/ppc/lib/libfreetype.a(bdf.o)
 .text.bdf_list_shift_.constprop.0
                0x8003f0ec       0x74 /opt/devkitpro/portlibs/ppc/lib/libfreetype.a(bdf.o)
 .text.bdf_add_property_.isra.0
                0x8003f160      0x648 /opt/devkitpro/portlibs/ppc/lib/libfreetype.a(bdf.o)
 .text.BDF_Size_Request
                0x8003f7a8      0x100 /opt/devkitpro/portlibs/ppc/lib/libfreetype.a(bdf.o)
 .text.bdf_get_bdf_property
                0x8003f8a8       0xcc /opt/devkitpro/portlibs/ppc/lib/libfreetype.a(bdf.o)
 .text.bdf_parse_properties_
                0x8003f974      0x4cc /opt/devkitpro/portlibs/ppc/lib/libfreetype.a(bdf.o)
 .text.BDF_Face_Init
                0x8003fe40     0x12a4 /opt/devkitpro/portlibs/ppc/lib/libfreetype.a(bdf.o)
 .text.bdf_parse_start_
                0x800410e4      0xa9c /opt/devkitpro/portlibs/ppc/lib/libfreetype.a(bdf.o)
 .text.bdf_parse_glyphs_
                0x80041b80      0xf58 /opt/devkitpro/portlibs/ppc/lib/libfreetype.a(bdf.o)
 .text.premultiply_data
                0x80042ad8       0xd0 /opt/devkitpro/portlibs/ppc/lib/libfreetype.a(sfnt.o)
 .text.convert_bytes_to_data
                0x80042ba8       0x68 /opt/devkitpro/portlibs/ppc/lib/libfreetype.a(sfnt.o)
 .text.warning_callback
                0x80042c10        0x4 /opt/devkitpro/portlibs/ppc/lib/libfreetype.a(sfnt.o)
 .text.get_sfnt_table
                0x80042c14       0x9c /opt/devkitpro/portlibs/ppc/lib/libfreetype.a(sfnt.o)
 .text.sfnt_table_info
                0x80042cb0       0x6c /opt/devkitpro/portlibs/ppc/lib/libfreetype.a(sfnt.o)
 .text.sfnt_is_postscript
                0x80042d1c       0x34 /opt/devkitpro/portlibs/ppc/lib/libfreetype.a(sfnt.o)
 .text.sfnt_is_alphanumeric
                0x80042d50       0x2c /opt/devkitpro/portlibs/ppc/lib/libfreetype.a(sfnt.o)
 .text.sfnt_get_name_id
                0x80042d7c       0xe0 /opt/devkitpro/portlibs/ppc/lib/libfreetype.a(sfnt.o)
 .text.compare_offsets
                0x80042e5c       0x2c /opt/devkitpro/portlibs/ppc/lib/libfreetype.a(sfnt.o)
 .text.tt_cmap_init
                0x80042e88        0xc /opt/devkitpro/portlibs/ppc/lib/libfreetype.a(sfnt.o)
 .text.tt_cmap0_char_index
                0x80042e94       0x20 /opt/devkitpro/portlibs/ppc/lib/libfreetype.a(sfnt.o)
 .text.tt_cmap0_char_next
                0x80042eb4       0x8c /opt/devkitpro/portlibs/ppc/lib/libfreetype.a(sfnt.o)
 .text.tt_cmap0_get_info
                0x80042f40       0x1c /opt/devkitpro/portlibs/ppc/lib/libfreetype.a(sfnt.o)
 .text.tt_cmap2_char_next
                0x80042f5c      0x1f0 /opt/devkitpro/portlibs/ppc/lib/libfreetype.a(sfnt.o)
 .text.tt_cmap2_get_info
                0x8004314c       0x1c /opt/devkitpro/portlibs/ppc/lib/libfreetype.a(sfnt.o)
 .text.tt_cmap4_init
                0x80043168       0x2c /opt/devkitpro/portlibs/ppc/lib/libfreetype.a(sfnt.o)
 .text.tt_cmap4_set_range
                0x80043194      0x120 /opt/devkitpro/portlibs/ppc/lib/libfreetype.a(sfnt.o)
 .text.tt_cmap4_next
                0x800432b4      0x1b0 /opt/devkitpro/portlibs/ppc/lib/libfreetype.a(sfnt.o)
 .text.tt_cmap4_char_map_linear
                0x80043464      0x2b0 /opt/devkitpro/portlibs/ppc/lib/libfreetype.a(sfnt.o)
 .text.tt_cmap4_char_map_binary
                0x80043714      0x670 /opt/devkitpro/portlibs/ppc/lib/libfreetype.a(sfnt.o)
 .text.tt_cmap4_char_index
                0x80043d84       0x60 /opt/devkitpro/portlibs/ppc/lib/libfreetype.a(sfnt.o)
 .text.tt_cmap4_char_next
                0x80043de4       0x98 /opt/devkitpro/portlibs/ppc/lib/libfreetype.a(sfnt.o)
 .text.tt_cmap4_get_info
                0x80043e7c       0x1c /opt/devkitpro/portlibs/ppc/lib/libfreetype.a(sfnt.o)
 .text.tt_cmap6_char_index
                0x80043e98       0x30 /opt/devkitpro/portlibs/ppc/lib/libfreetype.a(sfnt.o)
 .text.tt_cmap6_char_next
                0x80043ec8       0xa4 /opt/devkitpro/portlibs/ppc/lib/libfreetype.a(sfnt.o)
 .text.tt_cmap6_get_info
                0x80043f6c       0x1c /opt/devkitpro/portlibs/ppc/lib/libfreetype.a(sfnt.o)
 .text.tt_cmap8_char_index
                0x80043f88       0x74 /opt/devkitpro/portlibs/ppc/lib/libfreetype.a(sfnt.o)
 .text.tt_cmap8_char_next
                0x80043ffc      0x100 /opt/devkitpro/portlibs/ppc/lib/libfreetype.a(sfnt.o)
 .text.tt_cmap8_get_info
                0x800440fc       0x1c /opt/devkitpro/portlibs/ppc/lib/libfreetype.a(sfnt.o)
 .text.tt_cmap10_char_index
                0x80044118       0x3c /opt/devkitpro/portlibs/ppc/lib/libfreetype.a(sfnt.o)
 .text.tt_cmap10_char_next
                0x80044154       0x94 /opt/devkitpro/portlibs/ppc/lib/libfreetype.a(sfnt.o)
 .text.tt_cmap10_get_info
                0x800441e8       0x1c /opt/devkitpro/portlibs/ppc/lib/libfreetype.a(sfnt.o)
 .text.tt_cmap12_init
                0x80044204       0x20 /opt/devkitpro/portlibs/ppc/lib/libfreetype.a(sfnt.o)
 .text.tt_cmap12_next
                0x80044224       0xe8 /opt/devkitpro/portlibs/ppc/lib/libfreetype.a(sfnt.o)
 .text.tt_cmap12_char_map_binary
                0x8004430c      0x190 /opt/devkitpro/portlibs/ppc/lib/libfreetype.a(sfnt.o)
 .text.tt_cmap12_char_index
                0x8004449c       0x2c /opt/devkitpro/portlibs/ppc/lib/libfreetype.a(sfnt.o)
 .text.tt_cmap12_get_info
                0x800444c8       0x1c /opt/devkitpro/portlibs/ppc/lib/libfreetype.a(sfnt.o)
 .text.tt_cmap13_init
                0x800444e4       0x20 /opt/devkitpro/portlibs/ppc/lib/libfreetype.a(sfnt.o)
 .text.tt_cmap13_next
                0x80044504       0x8c /opt/devkitpro/portlibs/ppc/lib/libfreetype.a(sfnt.o)
 .text.tt_cmap13_char_map_binary
                0x80044590      0x158 /opt/devkitpro/portlibs/ppc/lib/libfreetype.a(sfnt.o)
 .text.tt_cmap13_char_index
                0x800446e8       0x2c /opt/devkitpro/portlibs/ppc/lib/libfreetype.a(sfnt.o)
 .text.tt_cmap13_get_info
                0x80044714       0x1c /opt/devkitpro/portlibs/ppc/lib/libfreetype.a(sfnt.o)
 .text.tt_cmap14_init
                0x80044730       0x24 /opt/devkitpro/portlibs/ppc/lib/libfreetype.a(sfnt.o)
 .text.tt_cmap14_char_index
                0x80044754        0x8 /opt/devkitpro/portlibs/ppc/lib/libfreetype.a(sfnt.o)
 .text.tt_cmap14_char_next
                0x8004475c       0x10 /opt/devkitpro/portlibs/ppc/lib/libfreetype.a(sfnt.o)
 .text.tt_cmap14_get_info
                0x8004476c       0x18 /opt/devkitpro/portlibs/ppc/lib/libfreetype.a(sfnt.o)
 .text.tt_cmap14_char_map_def_binary
                0x80044784       0x74 /opt/devkitpro/portlibs/ppc/lib/libfreetype.a(sfnt.o)
 .text.tt_cmap14_char_map_nondef_binary
                0x800447f8       0x6c /opt/devkitpro/portlibs/ppc/lib/libfreetype.a(sfnt.o)
 .text.tt_cmap14_find_variant
                0x80044864       0x6c /opt/devkitpro/portlibs/ppc/lib/libfreetype.a(sfnt.o)
 .text.tt_cmap14_char_var_index
                0x800448d0       0xe8 /opt/devkitpro/portlibs/ppc/lib/libfreetype.a(sfnt.o)
 .text.tt_cmap14_char_var_isdefault
                0x800449b8       0xd4 /opt/devkitpro/portlibs/ppc/lib/libfreetype.a(sfnt.o)
 .text.tt_cmap_unicode_init
                0x80044a8c       0x3c /opt/devkitpro/portlibs/ppc/lib/libfreetype.a(sfnt.o)
 .text.tt_cmap_unicode_char_index
                0x80044ac8       0x14 /opt/devkitpro/portlibs/ppc/lib/libfreetype.a(sfnt.o)
 .text.tt_cmap_unicode_char_next
                0x80044adc       0x14 /opt/devkitpro/portlibs/ppc/lib/libfreetype.a(sfnt.o)
 .text.tt_get_cmap_info
                0x80044af0       0x20 /opt/devkitpro/portlibs/ppc/lib/libfreetype.a(sfnt.o)
 .text.tt_face_get_colr_layer
                0x80044b10      0x15c /opt/devkitpro/portlibs/ppc/lib/libfreetype.a(sfnt.o)
 .text.get_child_table_pointer
                0x80044c6c       0x8c /opt/devkitpro/portlibs/ppc/lib/libfreetype.a(sfnt.o)
 .text.get_deltas_for_var_index_base
                0x80044cf8      0x12c /opt/devkitpro/portlibs/ppc/lib/libfreetype.a(sfnt.o)
 .text.tt_face_get_colr_glyph_paint
                0x80044e24       0xe8 /opt/devkitpro/portlibs/ppc/lib/libfreetype.a(sfnt.o)
 .text.tt_face_get_paint_layers
                0x80044f0c       0xc0 /opt/devkitpro/portlibs/ppc/lib/libfreetype.a(sfnt.o)
 .text.tt_face_palette_set
                0x80044fcc       0xd0 /opt/devkitpro/portlibs/ppc/lib/libfreetype.a(sfnt.o)
 .text.extract_svg_doc
                0x8004509c       0x1c /opt/devkitpro/portlibs/ppc/lib/libfreetype.a(sfnt.o)
 .text.tt_face_get_kerning
                0x800450b8      0x1b4 /opt/devkitpro/portlibs/ppc/lib/libfreetype.a(sfnt.o)
 .text.tt_sbit_decoder_load_metrics
                0x8004526c       0xb4 /opt/devkitpro/portlibs/ppc/lib/libfreetype.a(sfnt.o)
 .text.tt_sbit_decoder_load_byte_aligned
                0x80045320      0x298 /opt/devkitpro/portlibs/ppc/lib/libfreetype.a(sfnt.o)
 .text.tt_sbit_decoder_load_bit_aligned
                0x800455b8      0x2c0 /opt/devkitpro/portlibs/ppc/lib/libfreetype.a(sfnt.o)
 .text.sfnt_get_interface
                0x80045878        0xc /opt/devkitpro/portlibs/ppc/lib/libfreetype.a(sfnt.o)
 .text.tt_face_load_kern
                0x80045884      0x210 /opt/devkitpro/portlibs/ppc/lib/libfreetype.a(sfnt.o)
 .text.tt_face_free_sbit
                0x80045a94       0x44 /opt/devkitpro/portlibs/ppc/lib/libfreetype.a(sfnt.o)
 .text.tt_face_get_metrics
                0x80045ad8      0x2c4 /opt/devkitpro/portlibs/ppc/lib/libfreetype.a(sfnt.o)
 .text.tt_name_ascii_from_other
                0x80045d9c       0xd4 /opt/devkitpro/portlibs/ppc/lib/libfreetype.a(sfnt.o)
 .text.tt_name_ascii_from_utf16